11-11 18:31:46.460  1987  2174 V WindowManagerShell: Transition requested (#355): android.os.BinderProxy@b585a71 TransitionRequestInfo { type = OPEN, triggerTask = TaskInfo{userId=0 taskId=587 displayId=0 isRunning=true baseIntent=Intent { flg=0x10000000 cmp=com.biopeakai.performance/.MainActivity } baseActivity=ComponentInfo{com.biopeakai.performance/com.biopeakai.performance.MainActivity} topActivity=ComponentInfo{com.biopeakai.performance/com.biopeakai.performance.MainActivity} origActivity=null realActivity=ComponentInfo{com.biopeakai.performance/com.biopeakai.performance.MainActivity} numActivities=1 lastActiveTime=463457606 supportsMultiWindow=true resizeMode=1 isResizeable=true minWidth=-1 minHeight=-1 maxWidth=-1 maxHeight=-1 defaultMinSize=220 token=WCT{android.window.IWindowContainerToken$Stub$Proxy@4932056} topActivityType=1 pictureInPictureParams=null shouldDockBigOverlays=false launchIntoPipHostTaskId=-1 lastParentTaskIdBeforePip=-1 displayCutoutSafeInsets=Rect(0, 43 - 0, 0) topActivityInfo=ActivityInfo{f0328d7 com.biopeakai.performance.MainActivity} launchCookies=[] positionInParent=Point(0, 0) parentTaskId=-1 isFocused=false isVisible=false isVisibleRequested=false isSleeping=true topActivityInSizeCompat=false locusId=null displayAreaFeatureId=1 isTopActivityTransparent=false isTopActivityStyleFloating=false appCompatTaskInfo=AppCompatTaskInfo { topActivityInSizeCompat=false eligibleForLetterboxEducation= false isLetterboxEducationEnabled= false isLetterboxDoubleTapEnabled= false eligibleForUserAspectRatioButton= false topActivityBoundsLetterboxed= false isFromLetterboxDoubleTap= false topActivityLetterboxVerticalPosition= -1 topActivityLetterboxHorizontalPosition= -1 topActivityLetterboxWidth=720 topActivityLetterboxHeight=1600 topActivityLetterboxAppWidth=720 topActivityLetterboxAppHeight=1600 isUserFullscreenOverrideEnabled=false isSystemFullscreenOverrideEnabled=false hasMinAspectRatioOverride=false cameraCompatTaskInfo=CameraCompatTaskInfo { freeformCameraCompatMode=inactive} topActivityBounds=null topActivityInDisplayCompat=false} originallySupportedMultiWindow=true hasWallpaper=false rootAffinity=10329:com.biopeakai.performance isTopTaskInStage=false topActivityUiMode=17 CoverLauncherWidgetTask=false isAllowedSeamlessRotation=false isTopTransparentActivity=false snappingGuideBounds=null isAliasManaged=false hasConfigChanged=false isAiKeyRemoveAppTask=false}, pipTask = null, remoteTransition = null, displayChange = null, flags = 0, debugId = 355 }
11-11 18:31:46.462   813   845 I mtkpower_client: perf_lock_rel, hdl:3499, tid:845
11-11 18:31:46.463   813   845 I mtkpower_client: perf_lock_acq, hdl:0, dur:0, num:2, pid:813, tid:845
11-11 18:31:46.465   826   885 I libPowerHal: [perfLockRel] hdl:3499, idx:0
11-11 18:31:46.465   826   885 I libPowerHal: [PD] vendor.samsung. update cmd:400100 param:-1 pr:6
11-11 18:31:46.465   826   885 I libPowerHal: [recordCPUFreqInfo] set cluster[0] min(vendor.samsung.): 1800000 max(-1): -1 cluster[1] min(-1): -1 max(-1): -1
11-11 18:31:46.465   826   885 I libPowerHal: [perfLockRel] Done for hdl : 3499
11-11 18:31:46.466  1494  1523 V GrammaticalInflectionUtils: AttributionSource: AttributionSource { uid = 10329, packageName = null, attributionTag = null, token = android.os.Binder@671b6cc, deviceId = 0, next = null } does not have READ_SYSTEM_GRAMMATICAL_GENDER permission.
11-11 18:31:46.466   813   845 I mtkpower_client: ret_hdl:3503
11-11 18:31:46.466   813   845 I mtkpower_client: perf_lock_rel, hdl:3500, tid:845
11-11 18:31:46.467   813   845 I mtkpower_client: perf_lock_acq, hdl:0, dur:0, num:2, pid:813, tid:845
11-11 18:31:46.469   826   885 I libPowerHal: [perfLockAcq] idx:4 hdl:3503 hint:-1 pid:813 tid:845 duration:0 lock_user:vendor.samsung. => ret_hdl:3503
11-11 18:31:46.469   826   885 I libPowerHal: [PE] vendor.samsung. update cmd:400100 param:2000000 pr:3
11-11 18:31:46.469   826   885 I libPowerHal: [recordCPUFreqInfo] set cluster[0] min(vendor.samsung.): 1800000 max(-1): -1 cluster[1] min(vendor.samsung.): 2000000 max(-1): -1
11-11 18:31:46.469   826   885 I libPowerHal: [perfLockAcq] Done for hdl : 3503
11-11 18:31:46.470   826   885 I libPowerHal: [perfLockRel] hdl:3500, idx:1
11-11 18:31:46.470   826   885 I libPowerHal: [PD] vendor.samsung. update cmd:400000 param:-1 pr:6
11-11 18:31:46.470   826   885 I libPowerHal: [recordCPUFreqInfo] set cluster[0] min(-1): -1 max(-1): -1 cluster[1] min(vendor.samsung.): 2000000 max(-1): -1
11-11 18:31:46.470   826   885 I libPowerHal: [perfLockRel] Done for hdl : 3500
11-11 18:31:46.471   813   845 I mtkpower_client: ret_hdl:3504
11-11 18:31:46.471   813   845 I mtkpower_client: perf_lock_rel, hdl:3501, tid:845
11-11 18:31:46.471   826   885 I libPowerHal: [perfLockAcq] idx:0 hdl:3504 hint:-1 pid:813 tid:845 duration:0 lock_user:vendor.samsung. => ret_hdl:3504
11-11 18:31:46.472  2785  2910 I HoneySpace.TopTaskSource: onTaskMovedToFront : taskId = 587, displayId = 0
11-11 18:31:46.472   826   885 I libPowerHal: [PE] vendor.samsung. update cmd:400000 param:1800000 pr:3
11-11 18:31:46.472   826   885 I libPowerHal: [recordCPUFreqInfo] set cluster[0] min(vendor.samsung.): 1800000 max(-1): -1 cluster[1] min(vendor.samsung.): 2000000 max(-1): -1
11-11 18:31:46.472   826   885 I libPowerHal: [perfLockAcq] Done for hdl : 3504
11-11 18:31:46.472  1494  9334 V WindowManager: Starting Transition 355, caller=com.android.server.wm.WindowOrganizerController.startTransition:37 com.android.server.wm.WindowOrganizerController.startTransition:1 android.window.IWindowOrganizerController$Stub.onTransact:271 
11-11 18:31:46.472   813   845 I mtkpower_client: perf_lock_acq, hdl:0, dur:0, num:2, pid:813, tid:845
11-11 18:31:46.474   826   885 I libPowerHal: [perfLockRel] hdl:3501, idx:2
11-11 18:31:46.475  2785  2912 I HoneySpace.TopTaskUseCase: topTaskId 587, DisplayId : 0
11-11 18:31:46.475   826   885 I libPowerHal: [PD] vendor.samsung. update cmd:1000000 param:-1 pr:6
11-11 18:31:46.475   826   885 I libPowerHal: [perfLockRel] Done for hdl : 3501
11-11 18:31:46.476   813   845 I mtkpower_client: ret_hdl:3505
11-11 18:31:46.476   813   845 I mtkpower_client: perf_lock_rel, hdl:3502, tid:845
11-11 18:31:46.477   813   845 I mtkpower_client: perf_lock_acq, hdl:0, dur:0, num:2, pid:813, tid:845
11-11 18:31:46.477   813   845 I mtkpower_client: ret_hdl:3506
11-11 18:31:46.479   826   885 I libPowerHal: [perfLockAcq] idx:1 hdl:3505 hint:-1 pid:813 tid:845 duration:0 lock_user:vendor.samsung. => ret_hdl:3505
11-11 18:31:46.479   826   885 I libPowerHal: [PE] vendor.samsung. update cmd:1000000 param:0 pr:3
11-11 18:31:46.479   826   885 I libPowerHal: [perfLockAcq] Done for hdl : 3505
11-11 18:31:46.479  2785 29265 I HoneySpace.RecentTasks: onRecentTasksChanged
11-11 18:31:46.479   826   885 I libPowerHal: [perfLockRel] hdl:3502, idx:3
11-11 18:31:46.480  2785 32396 I HoneySpace.RecentTasks: onRecentTasksChanged
11-11 18:31:46.480   826   885 I libPowerHal: [set_cpuidle] enable:1, fd:14, scn:0xb400007c94516a30
11-11 18:31:46.480   826   885 I libPowerHal: [PD] vendor.samsung. update cmd:1c3c100 param:1 pr:6
11-11 18:31:46.480   826   885 I libPowerHal: [perfLockRel] Done for hdl : 3502
11-11 18:31:46.481   826   885 I libPowerHal: [perfLockAcq] idx:2 hdl:3506 hint:-1 pid:813 tid:845 duration:0 lock_user:vendor.samsung. => ret_hdl:3506
11-11 18:31:46.481   826   885 I libPowerHal: [set_cpuidle] enable:0, fd:14, scn:0xb400007c94513660
11-11 18:31:46.481   826   885 I libPowerHal: [get_cpu_dma_latency_value] 0
11-11 18:31:46.481   826   885 I libPowerHal: [PE] vendor.samsung. update cmd:1c3c100 param:0 pr:3
11-11 18:31:46.481   826   885 I libPowerHal: [perfLockAcq] Done for hdl : 3506
11-11 18:31:46.486  2785 32395 I HoneySpace.HistoryViewModel@37341655@OneUI: Illegal access. Unknown type. skip load history items
11-11 18:31:46.490  2785 29265 I HoneySpace.HistoryViewModel@37341655@OneUI: Illegal access. Unknown type. skip load history items
11-11 18:31:46.491   788   788 D Zygote  : Forked child process 32553
11-11 18:31:46.492  1494  1532 I ActivityManager: Start proc 32553:com.biopeakai.performance/u0a329 for top-activity {com.biopeakai.performance/com.biopeakai.performance.MainActivity}
11-11 18:31:46.492  1494  1532 D DynamicHiddenApp_BGProtectManager: [SecIpm] it's a ML_TYPE_EMPTYPROCESS protected process com.biopeakai.performance
11-11 18:31:46.515 32553 32553 I kai.performance: Late-enabling -Xcheck:jni
11-11 18:31:46.576 32553 32553 I kai.performance: Using CollectorTypeCMC GC.
11-11 18:31:46.583 18313 18318 I adbd    : jdwp connection from 32553
11-11 18:31:46.593 32553 32553 D nativeloader: Load libframework-connectivity-tiramisu-jni.so using APEX ns com_android_tethering for caller /apex/com.android.tethering/javalib/framework-connectivity-t.jar: ok
11-11 18:31:46.602 32553 32553 D ActivityThread: setConscryptValidator
11-11 18:31:46.602 32553 32553 D ActivityThread: setConscryptValidator - put
11-11 18:31:46.622  1494  9334 I ActivityManager: Changes in 10329 20 to 19, 0 to 127
11-11 18:31:46.630  1494  1521 D PkgPredictorService-SecIpmManagerServiceImpl: onForegroundActivitiesChanged pid:32553 uid:10329
11-11 18:31:46.630  1494  1521 W IPCThreadState: Sending oneway calls to frozen process.
11-11 18:31:46.632  1494  3090 V PkgPredictorService-SecIpmManagerServiceImpl: discard foreground app:com.biopeakai.performance 0|false
11-11 18:31:46.635  1494  3431 W UserManagerService: Requested status bar icon for non-badged user 0
11-11 18:31:46.758  1494  1793 D MdnieScenarioControlService:  packageName : com.biopeakai.performance    className : com.biopeakai.performance.MainActivity
11-11 18:31:46.759  1494  1793 V MdnieScenarioControlService: setUIMode from UI function(3)
11-11 18:31:46.783  2355  2996 I EPDG -- SIM0 [SMARTWIFI]: isProfiling, hash=26797213, started=true
11-11 18:31:46.784  2355  2996 W Settings: Setting wifi_on has moved from android.provider.Settings.System to android.provider.Settings.Secure, returning read-only value.
11-11 18:31:46.784  2355  2996 W Settings: Setting wifi_on has moved from android.provider.Settings.Secure to android.provider.Settings.Global.
11-11 18:31:46.786  2355  2996 I EPDG -- SIM0 [SMARTWIFI]: isProfiling, hash=26797213, started=true
11-11 18:31:46.787  2355  2996 I EPDG -- SIM0 [SMARTWIFI]: Rssi : -31 highrange : -75 lowrange : -85 mIsRssiInHystersis : false
11-11 18:31:46.787  2355  2996 I EPDG -- SIM0 [SMARTWIFI]: getHandoverThresholdMet: value is: false
11-11 18:31:46.852  1046  1300 W VT      : [SRV] [THREAD] get hild fail, try again
11-11 18:31:46.853   363   363 I hwservicemanager: getTransport: Cannot find entry vendor.mediatek.hardware.videotelephony@1.0::IVideoTelephony/default in either framework or device VINTF manifest.
11-11 18:31:46.862  1494  1793 V MdnieScenarioControlService: mAclOffEnabled : false
11-11 18:31:47.022   519   519 D io_stats: !@ 179,0 r 10525277 242988410 w 1927712 35492340 d 194829 41684724 f 626831 506744 iot 3099224 0 th 0 0 0 pt 0 inp 0 0 90999.130
11-11 18:31:47.036 32553 32553 D nativeloader: Configuring clns-7 for other apk /data/app/~~blnPPR3rpyy7OwOsY4cD6A==/com.biopeakai.performance-8icbOkX-xrrdfIAJ4UFb3Q==/base.apk. target_sdk_version=35, uses_libraries=, library_path=/data/app/~~blnPPR3rpyy7OwOsY4cD6A==/com.biopeakai.performance-8icbOkX-xrrdfIAJ4UFb3Q==/lib/arm64, permitted_path=/data:/mnt/expand:/data/user/0/com.biopeakai.performance
11-11 18:31:47.040 32553 32553 D CompatChangeReporter: Compat change id reported: 202956589; UID 10329; state: ENABLED
11-11 18:31:47.059 32553 32553 V GraphicsEnvironment: Currently set values for:
11-11 18:31:47.059 32553 32553 V GraphicsEnvironment:   angle_gl_driver_selection_pkgs=[]
11-11 18:31:47.059 32553 32553 V GraphicsEnvironment:   angle_gl_driver_selection_values=[]
11-11 18:31:47.059 32553 32553 V GraphicsEnvironment: Global.Settings values are invalid: number of packages: 0, number of values: 0
11-11 18:31:47.060 32553 32553 V GraphicsEnvironment: Neither updatable production driver nor prerelease driver is supported.
11-11 18:31:47.155 32553 32553 D CompatChangeReporter: Compat change id reported: 279646685; UID 10329; state: ENABLED
11-11 18:31:47.166  1494  9334 D WindowManager: App launched activity=ActivityRecord{242c75e u0 com.biopeakai.performance/.MainActivity t587}, state=1
11-11 18:31:47.167  1494  9334 V WindowManager: Computed rotation=ROTATION_0 (0) for display id=0 based on lastOrientation=SCREEN_ORIENTATION_NOSENSOR (5) and oldRotation=ROTATION_0 (0), caller=com.android.server.wm.DisplayRotation.updateOrientation:25 com.android.server.wm.DisplayContent.updateOrientation:65 com.android.server.wm.DisplayContent.updateOrientation:11 com.android.server.wm.RootWindowContainer.ensureVisibilityAndConfig:7 com.android.server.wm.ActivityTaskSupervisor.realStartActivityLocked:209 com.android.server.wm.RootWindowContainer.attachApplication:90 
11-11 18:31:47.167  1494  2688 I SemDvfsHyPerManager: acquire hyper - TASK_BOOST/1494@11, type = -999
11-11 18:31:47.169  1494  9334 D SGM:FgCheckThread: notifyAppCreated(), packageName: com.biopeakai.performance, userId: 0, sendRet: true
11-11 18:31:47.170   813   845 I HYPER-HAL: [RequestManager.cpp]acquire(): Acquired ID : 1133276  [1494 / 11]    HINT : AMS_TASK_BOOST    list : 
11-11 18:31:47.170  1494  1722 D SGM:FgCheckThread: onLooperPrepared(), msg: MSG_APP_CREATE, pkgName: com.biopeakai.performance, userId: 0
11-11 18:31:47.170  1494  9334 D CompatChangeReporter: Compat change id reported: 324203798; UID 10329; state: ENABLED
11-11 18:31:47.171   813   845 I mtkpower_client: perf_lock_rel, hdl:3503, tid:845
11-11 18:31:47.171   813   845 I mtkpower_client: perf_lock_acq, hdl:0, dur:0, num:2, pid:813, tid:845
11-11 18:31:47.172  1494  9334 D SGM:FgCheckThread: TaskStackListener.onTaskFocusChanged(), taskId=587, focused=true
11-11 18:31:47.173  1494  9334 D SGM:FgCheckThread:   sendRunningComponentFocus(), pkgName: com.biopeakai.performance, userId: 0
11-11 18:31:47.174   826   885 I libPowerHal: [perfLockRel] hdl:3503, idx:4
11-11 18:31:47.174   826   885 I libPowerHal: [PD] vendor.samsung. update cmd:400100 param:-1 pr:6
11-11 18:31:47.174   826   885 I libPowerHal: [recordCPUFreqInfo] set cluster[0] min(vendor.samsung.): 1800000 max(-1): -1 cluster[1] min(-1): -1 max(-1): -1
11-11 18:31:47.174   826   885 I libPowerHal: [perfLockRel] Done for hdl : 3503
11-11 18:31:47.175   813   845 I mtkpower_client: ret_hdl:3507
11-11 18:31:47.175   826   885 I libPowerHal: [perfLockAcq] idx:3 hdl:3507 hint:-1 pid:813 tid:845 duration:0 lock_user:vendor.samsung. => ret_hdl:3507
11-11 18:31:47.175   826   885 I libPowerHal: [PE] vendor.samsung. update cmd:400100 param:2000000 pr:3
11-11 18:31:47.175   826   885 I libPowerHal: [recordCPUFreqInfo] set cluster[0] min(vendor.samsung.): 1800000 max(-1): -1 cluster[1] min(vendor.samsung.): 2000000 max(-1): -1
11-11 18:31:47.175   826   885 I libPowerHal: [perfLockAcq] Done for hdl : 3507
11-11 18:31:47.175  1494  1722 D SGM:FgCheckThread: onLooperPrepared(), msg: MSG_TASK_FOCUSED, pkgName: com.biopeakai.performance, userId: 0
11-11 18:31:47.176  1494  1722 D SGM:FgCheckThread: handleTaskFocused().
11-11 18:31:47.176  1494  1722 D SGM:FgCheckThread:   handleTaskFocused(), pkgName: com.biopeakai.performance, userID:0
11-11 18:31:47.176  1494  1722 D SGM:FgCheckThread: handleResume().
11-11 18:31:47.176  1494  1722 D SGM:SystemHelper: callReleaseBlock needReleaseBlock:false
11-11 18:31:47.176  1494  1722 D SGM:FgCheckThread:   handleResume(). device is locked yet. ignore
11-11 18:31:47.176  1494  9334 D InputDispatcher: Focused application(0): ActivityRecord{242c75e u0 com.biopeakai.performance/.MainActivity t587}
11-11 18:31:47.178  1494  9334 D ActivityTaskManager: scheduleTopResumedActivityChanged, onTop=true, r=ActivityRecord{242c75e u0 com.biopeakai.performance/.MainActivity t587}, caller=com.android.server.wm.ActivityTaskSupervisor.updateTopResumedActivityIfNeeded:62 com.android.server.wm.TaskFragment.setResumedActivity:29 com.android.server.wm.ActivityRecord.setState:104 com.android.server.wm.ActivityTaskSupervisor.realStartActivityLocked:945 com.android.server.wm.RootWindowContainer.attachApplication:90 com.android.server.wm.ActivityTaskManagerService$LocalService.attachApplication:40 
11-11 18:31:47.179  1494  9334 D ActivityTaskManager: scheduleTopResumedActivityChanged, onTop=false, r=ActivityRecord{242c75e u0 com.biopeakai.performance/.MainActivity t587}, caller=com.android.server.wm.ActivityTaskSupervisor.scheduleTopResumedActivityStateLossIfNeeded:11 com.android.server.wm.ActivityTaskSupervisor.updateTopResumedActivityIfNeeded:19 com.android.server.wm.TaskFragment.setResumedActivity:29 com.android.server.wm.ActivityRecord.setState:95 com.android.server.wm.TaskFragment.startPausing$1:210 com.android.server.wm.Task$$ExternalSyntheticLambda3.accept:271 
11-11 18:31:47.182  1494  1524 D BLASTSyncEngine: SyncGroup 355:  Unfinished container: ActivityRecord{242c75e u0 com.biopeakai.performance/.MainActivity t587} mSyncState=2
11-11 18:31:47.179  2785  2910 I HoneySpace.TopTaskSource: onTaskFocusChanged(): taskId = 587
11-11 18:31:47.183  2785  2910 I HoneySpace.TopTaskSource: onTaskMovedToFront : taskId = 587, displayId = 0
11-11 18:31:47.184  1987  1987 I {OngoingActivityController}: onTaskFocusChanged focused:true, baseActivity:ComponentInfo{com.biopeakai.performance/com.biopeakai.performance.MainActivity}
11-11 18:31:47.184  1494  1839 I ChimeraPolicyHandler: prepareForTrigger() - skip reason: screen off
11-11 18:31:47.185  1494  1839 I ChimeraAggressivePolicyHandler: executePolicy() - prepareForTrigger fails
11-11 18:31:47.185  1494  1804 D AS.MultiSoundManager: mForegroundUid = 10329
11-11 18:31:47.189  1494  1523 D SGM:FgCheckThread: noteResumeComponent(), received pkgName: com.biopeakai.performance, userId: 0
11-11 18:31:47.189  1494  1722 D SGM:FgCheckThread: onLooperPrepared(), msg: MSG_APP_RESUME, pkgName: com.biopeakai.performance, userid: 0
11-11 18:31:47.189  1494  1722 D SGM:FgCheckThread: handleResume().
11-11 18:31:47.190  1494  1722 D SGM:SystemHelper: callReleaseBlock needReleaseBlock:false
11-11 18:31:47.190  1494  3307 D AutoRotationHandler: not support this mode 
11-11 18:31:47.190  1494  1722 D SGM:FgCheckThread:   handleResume(). device is locked yet. ignore
11-11 18:31:47.190  1494  3307 D AutoRotationHandler: not support this mode 
11-11 18:31:47.191  8735  9450 I SDHMS:l : handleResumeComponent : put = com.biopeakai.performance, userid = 0 instanceid =44722188
11-11 18:31:47.210  1494  9334 I BroadcastQueue: BOOT_COMPLETED_BROADCAST_COMPLETION_LATENCY_REPORTED action:android.intent.action.LOCKED_BOOT_COMPLETED dispatchLatency:3 completeLatency:586 dispatchRealLatency:3 completeRealLatency:587 receiversSize:1 userId:0 userType:android.os.usertype.full.SYSTEM
11-11 18:31:47.213   878   878 I BpBinder: onLastStrongRef automatically unlinking death recipients: 
11-11 18:31:47.216  1494  9334 D GraphicsStatsService: requestRenderEngineFor(com.biopeakai.performance)
11-11 18:31:47.217 32553 32553 D ActivityThread: com.biopeakai.performance will use render engine as VK
11-11 18:31:47.219 32553 32553 D HWUI    : HWUI - treat SMPTE_170M as sRGB
11-11 18:31:47.224 32553 32571 D HWUI    : CacheManager constructor. deviceInfo=(1080, 1920)
11-11 18:31:47.225 32553 32571 D libMEOW : meow new tls: 0xb400007612caee00
11-11 18:31:47.225 32553 32571 D libMEOW : meow reload base cfg path: na
11-11 18:31:47.225 32553 32571 D libMEOW : meow reload overlay cfg path: na
11-11 18:31:47.237 32553 32571 E QT      : [QT]file does not exist
11-11 18:31:47.238 32553 32571 D libMEOW : applied 1 plugins for [com.biopeakai.performance]:
11-11 18:31:47.238 32553 32571 D libMEOW :   plugin 1: [libMEOW_gift.so]:
11-11 18:31:47.240 32553 32571 D MMUD    : mtk_memory_debug_init com.biopeakai.performance 0xb400007612cda140
11-11 18:31:47.243 32553 32584 E kai.performance: setpriority success to 100 : mali-cmar-backend
11-11 18:31:47.246   363   363 I hwservicemanager: getTransport: Cannot find entry android.hardware.configstore@1.0::ISurfaceFlingerConfigs/default in either framework or device VINTF manifest.
11-11 18:31:47.279 32553 32553 D AppCompatDelegate: Checking for metadata for AppLocalesMetadataHolderService : Service not found
11-11 18:31:47.342 32553 32574 D MMUD    : get_leak_baseline 3246391296
11-11 18:31:47.354  1046  1300 W VT      : [SRV] [THREAD] get hild fail, try again
11-11 18:31:47.355   363   363 I hwservicemanager: getTransport: Cannot find entry vendor.mediatek.hardware.videotelephony@1.0::IVideoTelephony/default in either framework or device VINTF manifest.
11-11 18:31:47.376   813 32569 I mtkpower_client: perf_lock_rel, hdl:3507, tid:32569
11-11 18:31:47.376   813 32569 I mtkpower_client: perf_lock_acq, hdl:0, dur:0, num:2, pid:813, tid:32569
11-11 18:31:47.377   826   885 I libPowerHal: [perfLockRel] hdl:3507, idx:3
11-11 18:31:47.377   826   885 I libPowerHal: [PD] vendor.samsung. update cmd:400100 param:-1 pr:6
11-11 18:31:47.377   826   885 I libPowerHal: [recordCPUFreqInfo] set cluster[0] min(vendor.samsung.): 1800000 max(-1): -1 cluster[1] min(-1): -1 max(-1): -1
11-11 18:31:47.377   826   885 I libPowerHal: [perfLockRel] Done for hdl : 3507
11-11 18:31:47.379   813 32569 I mtkpower_client: ret_hdl:3508
11-11 18:31:47.379 32553 32553 D CompatChangeReporter: Compat change id reported: 309578419; UID 10329; state: ENABLED
11-11 18:31:47.379   826   885 I libPowerHal: [perfLockAcq] idx:4 hdl:3508 hint:-1 pid:813 tid:32569 duration:0 lock_user:vendor.samsung. => ret_hdl:3508
11-11 18:31:47.379   813 32569 I HYPER-HAL: [RequestManager.cpp]releaseLocked(): Released ID : 1133276
11-11 18:31:47.379   826   885 I libPowerHal: [PE] vendor.samsung. update cmd:400100 param:2000000 pr:3
11-11 18:31:47.379   826   885 I libPowerHal: [recordCPUFreqInfo] set cluster[0] min(vendor.samsung.): 1800000 max(-1): -1 cluster[1] min(vendor.samsung.): 2000000 max(-1): -1
11-11 18:31:47.379   826   885 I libPowerHal: [perfLockAcq] Done for hdl : 3508
11-11 18:31:47.401 32553 32553 I DecorView: setWindowBackground: isPopOver=false color=fffafafa d=android.graphics.drawable.ColorDrawable@acd0c00
11-11 18:31:47.419 32553 32553 I kai.performance: hiddenapi: Accessing hidden method Landroid/view/View;->computeFitSystemWindows(Landroid/graphics/Rect;Landroid/graphics/Rect;)Z (runtime_flags=0, domain=platform, api=unsupported) from Landroidx/appcompat/widget/ViewUtils; (domain=app) using reflection: allowed
11-11 18:31:47.419 32553 32553 I kai.performance: hiddenapi: Accessing hidden method Landroid/view/ViewGroup;->makeOptionalFitsSystemWindows()V (runtime_flags=0, domain=platform, api=unsupported) from Landroidx/appcompat/widget/ViewUtils; (domain=app) using reflection: allowed
11-11 18:31:47.442 32553 32553 I WebViewFactory: Loading com.google.android.webview version 141.0.7390.122 (code 739012233)
11-11 18:31:47.451   826   848 I mtkpower@impl: [setMode] type:5, enabled:0
11-11 18:31:47.453  1494  1523 I ActivityManager: Changes in 10329 2 to 11, 127 to 0
11-11 18:31:47.463 32553 32553 V ResourcesManager: The following library key has been added: ResourcesKey{ mHash=14501303 mResDir=null mSplitDirs=[] mOverlayDirs=[] mLibDirs=[/data/app/~~CulH_2PCPn_d7Hf2pOcmOg==/com.google.android.webview-hOngfqQbS8dl2RN8SG0USw==/base.apk,/data/app/~~kbAJ-LJtM7RjkgtmCfLeIQ==/com.google.android.trichromelibrary_739012233-D5IEZEJWkW_N7tJZ_TmdIQ==/base.apk,/system_ext/framework/androidx.window.extensions.jar] mDisplayId=0 mOverrideConfig=v35 mCompatInfo={300dpi always-compat} mLoaders=[]}
11-11 18:31:47.470 32553 32553 W kai.performance: Failed to find entry 'classes.dex': Entry not found
11-11 18:31:47.475 32553 32553 D nativeloader: Configuring clns-8 for other apk /data/app/~~kbAJ-LJtM7RjkgtmCfLeIQ==/com.google.android.trichromelibrary_739012233-D5IEZEJWkW_N7tJZ_TmdIQ==/base.apk. target_sdk_version=36, uses_libraries=ALL, library_path=/data/app/~~CulH_2PCPn_d7Hf2pOcmOg==/com.google.android.webview-hOngfqQbS8dl2RN8SG0USw==/lib/arm64:/data/app/~~CulH_2PCPn_d7Hf2pOcmOg==/com.google.android.webview-hOngfqQbS8dl2RN8SG0USw==/base.apk!/lib/arm64-v8a:/data/app/~~kbAJ-LJtM7RjkgtmCfLeIQ==/com.google.android.trichromelibrary_739012233-D5IEZEJWkW_N7tJZ_TmdIQ==/base.apk!/lib/arm64-v8a, permitted_path=/data:/mnt/expand
11-11 18:31:47.475 32553 32553 D nativeloader: Extending system_exposed_libraries: libaudiomirroring_jni.audiomirroring.samsung.so:libexifa.camera.samsung.so:libjpega.camera.samsung.so:libOpenCv.camera.samsung.so:libImageScreener.camera.samsung.so:libHpr_RecGAE_cvFeature_v1.0.camera.samsung.so:libHprFace_GAE_api.camera.samsung.so:libHprFace_GAE_jni.camera.samsung.so:libQREngine.camera.samsung.so:libInteractiveSegmentation.camera.samsung.so:libsmart_cropping.camera.samsung.so:libFacePreProcessing.camera.samsung.so:libFacePreProcessing_jni.camera.samsung.so:libhumantracking_util.camera.samsung.so:libsurfaceutil.camera.samsung.so:libsecimaging.camera.samsung.so:libsce_v1.crypto.samsung.so:lib_vnd_client.dk.samsung.so:lib_native_client.dk.samsung.so:lib_nativeJni.dk.samsung.so:lib.engmodejni.samsung.so:libSFEffect.fonteffect.samsung.so:libknox_remotedesktopclient.knox.samsung.so:libheifcapture_jni.media.samsung.so:libjpegsq.media.samsung.so:libslljpeg.media.samsung.so:libsemimagecrop_jni.media.samsung.so:libsimba.media.samsung.so:libsjpegxl.media.samsung.so:
11-11 18:31:47.479 32553 32553 D ApplicationLoaders: Returning zygote-cached class loader: /system_ext/framework/androidx.window.extensions.jar
11-11 18:31:47.488 32553 32553 W kai.performance: Loading /data/app/~~CulH_2PCPn_d7Hf2pOcmOg==/com.google.android.webview-hOngfqQbS8dl2RN8SG0USw==/oat/arm64/base.odex non-executable as it requires an image which we failed to load
11-11 18:31:47.494 32553 32553 D nativeloader: Configuring clns-9 for other apk /data/app/~~CulH_2PCPn_d7Hf2pOcmOg==/com.google.android.webview-hOngfqQbS8dl2RN8SG0USw==/base.apk. target_sdk_version=36, uses_libraries=, library_path=/data/app/~~CulH_2PCPn_d7Hf2pOcmOg==/com.google.android.webview-hOngfqQbS8dl2RN8SG0USw==/lib/arm64:/data/app/~~CulH_2PCPn_d7Hf2pOcmOg==/com.google.android.webview-hOngfqQbS8dl2RN8SG0USw==/base.apk!/lib/arm64-v8a:/data/app/~~kbAJ-LJtM7RjkgtmCfLeIQ==/com.google.android.trichromelibrary_739012233-D5IEZEJWkW_N7tJZ_TmdIQ==/base.apk!/lib/arm64-v8a, permitted_path=/data:/mnt/expand
11-11 18:31:47.531   813 32551 I mtkpower_client: perf_lock_rel, hdl:3508, tid:32551
11-11 18:31:47.531   813 32551 I mtkpower_client: perf_lock_acq, hdl:0, dur:0, num:2, pid:813, tid:32551
11-11 18:31:47.532   826   885 I libPowerHal: [perfLockRel] hdl:3508, idx:4
11-11 18:31:47.532   826   885 I libPowerHal: [PD] vendor.samsung. update cmd:400100 param:-1 pr:6
11-11 18:31:47.532   826   885 I libPowerHal: [recordCPUFreqInfo] set cluster[0] min(vendor.samsung.): 1800000 max(-1): -1 cluster[1] min(-1): -1 max(-1): -1
11-11 18:31:47.532   826   885 I libPowerHal: [perfLockRel] Done for hdl : 3508
11-11 18:31:47.533   813 32551 I mtkpower_client: ret_hdl:3509
11-11 18:31:47.533   813 32551 I mtkpower_client: perf_lock_rel, hdl:3504, tid:32551
11-11 18:31:47.533   826   885 I libPowerHal: [perfLockAcq] idx:3 hdl:3509 hint:-1 pid:813 tid:32551 duration:0 lock_user:vendor.samsung. => ret_hdl:3509
11-11 18:31:47.533   826   885 I libPowerHal: [PE] vendor.samsung. update cmd:400100 param:2000000 pr:3
11-11 18:31:47.533   826   885 I libPowerHal: [recordCPUFreqInfo] set cluster[0] min(vendor.samsung.): 1800000 max(-1): -1 cluster[1] min(vendor.samsung.): 2000000 max(-1): -1
11-11 18:31:47.533   826   885 I libPowerHal: [perfLockAcq] Done for hdl : 3509
11-11 18:31:47.534   826   885 I libPowerHal: [perfLockRel] hdl:3504, idx:0
11-11 18:31:47.534   813 32551 I mtkpower_client: perf_lock_acq, hdl:0, dur:0, num:2, pid:813, tid:32551
11-11 18:31:47.535   826   885 I libPowerHal: [PD] vendor.samsung. update cmd:400000 param:-1 pr:6
11-11 18:31:47.535   826   885 I libPowerHal: [recordCPUFreqInfo] set cluster[0] min(-1): -1 max(-1): -1 cluster[1] min(vendor.samsung.): 2000000 max(-1): -1
11-11 18:31:47.535   826   885 I libPowerHal: [perfLockRel] Done for hdl : 3504
11-11 18:31:47.536   813 32551 I mtkpower_client: ret_hdl:3510
11-11 18:31:47.536   826   885 I libPowerHal: [perfLockAcq] idx:0 hdl:3510 hint:-1 pid:813 tid:32551 duration:0 lock_user:vendor.samsung. => ret_hdl:3510
11-11 18:31:47.536   826   885 I libPowerHal: [PE] vendor.samsung. update cmd:400000 param:1800000 pr:3
11-11 18:31:47.536   826   885 I libPowerHal: [recordCPUFreqInfo] set cluster[0] min(vendor.samsung.): 1800000 max(-1): -1 cluster[1] min(vendor.samsung.): 2000000 max(-1): -1
11-11 18:31:47.536   826   885 I libPowerHal: [perfLockAcq] Done for hdl : 3510
11-11 18:31:47.537   813 32551 I mtkpower_client: perf_lock_rel, hdl:3505, tid:32551
11-11 18:31:47.537   813 32551 I mtkpower_client: perf_lock_acq, hdl:0, dur:0, num:2, pid:813, tid:32551
11-11 18:31:47.537   826   885 I libPowerHal: [perfLockRel] hdl:3505, idx:1
11-11 18:31:47.539   826   885 I libPowerHal: [PD] vendor.samsung. update cmd:1000000 param:-1 pr:6
11-11 18:31:47.540   826   885 I libPowerHal: [perfLockRel] Done for hdl : 3505
11-11 18:31:47.540   813 32551 I mtkpower_client: ret_hdl:3511
11-11 18:31:47.540   813 32551 I mtkpower_client: perf_lock_rel, hdl:3506, tid:32551
11-11 18:31:47.541   826   885 I libPowerHal: [perfLockAcq] idx:4 hdl:3511 hint:-1 pid:813 tid:32551 duration:0 lock_user:vendor.samsung. => ret_hdl:3511
11-11 18:31:47.541   826   885 I libPowerHal: [PE] vendor.samsung. update cmd:1000000 param:0 pr:3
11-11 18:31:47.541   826   885 I libPowerHal: [perfLockAcq] Done for hdl : 3511
11-11 18:31:47.541   813 32551 I mtkpower_client: perf_lock_acq, hdl:0, dur:0, num:2, pid:813, tid:32551
11-11 18:31:47.541   826   885 I libPowerHal: [perfLockRel] hdl:3506, idx:2
11-11 18:31:47.542   826   885 I libPowerHal: [set_cpuidle] enable:1, fd:14, scn:0xb400007c94513660
11-11 18:31:47.542   826   885 I libPowerHal: [PD] vendor.samsung. update cmd:1c3c100 param:1 pr:6
11-11 18:31:47.542   826   885 I libPowerHal: [perfLockRel] Done for hdl : 3506
11-11 18:31:47.543   813 32551 I mtkpower_client: ret_hdl:3512
11-11 18:31:47.543   826   885 I libPowerHal: [perfLockAcq] idx:1 hdl:3512 hint:-1 pid:813 tid:32551 duration:0 lock_user:vendor.samsung. => ret_hdl:3512
11-11 18:31:47.543   826   885 I libPowerHal: [set_cpuidle] enable:0, fd:14, scn:0xb400007c94510290
11-11 18:31:47.543   813 32551 I HYPER-HAL: [RequestManager.cpp]releaseLocked(): Released ID : 1152945
11-11 18:31:47.543   826   885 I libPowerHal: [get_cpu_dma_latency_value] 0
11-11 18:31:47.544   826   885 I libPowerHal: [PE] vendor.samsung. update cmd:1c3c100 param:0 pr:3
11-11 18:31:47.544   826   885 I libPowerHal: [perfLockAcq] Done for hdl : 3512
11-11 18:31:47.588 32553 32553 I cr_WVCFactoryProvider: version=141.0.7390.122 (739012233) minSdkVersion=29 multiprocess=true packageId=2 splits=<none>
11-11 18:31:47.675 32553 32553 D nativeloader: Load /data/app/~~kbAJ-LJtM7RjkgtmCfLeIQ==/com.google.android.trichromelibrary_739012233-D5IEZEJWkW_N7tJZ_TmdIQ==/base.apk!/lib/arm64-v8a/libmonochrome_64.so using class loader ns clns-9 (caller=/data/app/~~CulH_2PCPn_d7Hf2pOcmOg==/com.google.android.webview-hOngfqQbS8dl2RN8SG0USw==/base.apk): ok
11-11 18:31:47.680  1494  1523 W ActivityTaskManager: Activity top resumed state loss timeout for ActivityRecord{242c75e u0 com.biopeakai.performance/.MainActivity t587}
11-11 18:31:47.680  1494  1523 W ActivityTaskManager: Activity pause timeout for ActivityRecord{242c75e u0 com.biopeakai.performance/.MainActivity t587}
11-11 18:31:47.681 32553 32553 D nativeloader: Load /system/lib64/libwebviewchromium_plat_support.so using class loader ns clns-9 (caller=/data/app/~~CulH_2PCPn_d7Hf2pOcmOg==/com.google.android.webview-hOngfqQbS8dl2RN8SG0USw==/base.apk): ok
11-11 18:31:47.684  1494  1523 D SGM:FgCheckThread: notePauseComponent(), received pkgName: com.biopeakai.performance, userId: 0
11-11 18:31:47.684  1494  1523 D SGM:FgCheckThread: notePauseComponent(), received pkgName: com.biopeakai.performance, userId: 0
11-11 18:31:47.684  1494  1523 D SGM:FgCheckThread: notifyFocusInOut(). of pkg: com.biopeakai.performance, type: 20, isSecGameFamily: false, userId: 0
11-11 18:31:47.685  1494  1523 D SGM:GameManager: identifyGamePackage. com.biopeakai.performance, mCurrentUserId: 0, callerUserId: 0, callingMethodInfo: com.samsung.android.game.SemGameManager.isGamePackage(SemGameManager.java:105)
11-11 18:31:47.685  1494  1523 D SGM:SemGameManager: isGamePackage(), pkgName=com.biopeakai.performance, ret=false
11-11 18:31:47.685  1494  1523 D SGM:FgCheckThread:   notifyFocusInOut(). unexpected type. 20
11-11 18:31:47.723 32553 32553 I cr_LibraryLoader: Successfully loaded native library
11-11 18:31:47.727 32553 32553 I cr_CachingUmaRecorder: Flushed 16 samples from 16 histograms, 0 samples were dropped.
11-11 18:31:47.740 32553 32553 I cr_CombinedPProvider: #registerProvider() provider:WV.ak@daa7dbf isPolicyCacheEnabled:false policyProvidersSize:0
11-11 18:31:47.748 32553 32553 I cr_PolicyProvider: #setManagerAndSource() 0
11-11 18:31:47.753  1494  9334 V GrammaticalInflectionUtils: AttributionSource: AttributionSource { uid = 99126, packageName = null, attributionTag = null, token = android.os.Binder@671b6cc, deviceId = 0, next = null } does not have READ_SYSTEM_GRAMMATICAL_GENDER permission.
11-11 18:31:47.770  3128  3128 D Zygote  : Forked child process 32594
11-11 18:31:47.779  1494  1532 I ActivityManager: Start proc 32594:com.google.android.webview:sandboxed_process0:org.chromium.content.app.SandboxedProcessService0:0/u0i126 for  {com.biopeakai.performance/org.chromium.content.app.SandboxedProcessService0:0}
11-11 18:31:47.779  1494  1532 I DynamicHiddenApp_BGProtectManager: check webview name : com.google.android.webview:sandboxed_process0:org.chromium.content.app.SandboxedProcessService0:0check hostingname webview : {com.biopeakai.performance/org.chromium.content.app.SandboxedProcessService0:0}
11-11 18:31:47.781 32594 32594 E libc    : SetHeapTaggingLevel: re-enabling tagging after it was disabled is not supported
11-11 18:31:47.791 32594 32594 I ocessService0:0: Using CollectorTypeCMC GC.
11-11 18:31:47.797 32594 32594 E ocessService0:0: Not starting debugger since process cannot load the jdwp agent.
11-11 18:31:47.803 32594 32594 D nativeloader: Load libframework-connectivity-tiramisu-jni.so using APEX ns com_android_tethering for caller /apex/com.android.tethering/javalib/framework-connectivity-t.jar: ok
11-11 18:31:47.808 32594 32594 D ActivityThread: setConscryptValidator
11-11 18:31:47.808 32594 32594 D ActivityThread: setConscryptValidator - put
11-11 18:31:47.815  9425  9425 D BoundBrokerSvc: onBind: Intent { act=com.google.android.gms.safetynet.service.START pkg=com.google.android.gms }
11-11 18:31:47.815  9425  9425 D BoundBrokerSvc: Loading bound service for intent: Intent { act=com.google.android.gms.safetynet.service.START pkg=com.google.android.gms }
11-11 18:31:47.837 32553 32553 I cr_CombinedPProvider: #linkNativeInternal() 1
11-11 18:31:47.840 32553 32553 I cr_AppResProvider: #getApplicationRestrictionsFromUserManager() Bundle[EMPTY_PARCEL]
11-11 18:31:47.840 32553 32553 I cr_PolicyProvider: #notifySettingsAvailable() 0
11-11 18:31:47.840 32553 32553 I cr_CombinedPProvider: #onSettingsAvailable() 0
11-11 18:31:47.840 32553 32553 I cr_CombinedPProvider: #flushPolicies()
11-11 18:31:47.841 32594 32594 D ApplicationLoaders: Returning zygote-cached class loader: /system_ext/framework/androidx.window.extensions.jar
11-11 18:31:47.847 32594 32594 I LoadedApk: No resource references to update in package com.google.android.trichromelibrary
11-11 18:31:47.852 32594 32594 I cr_WebViewApkApp: version=141.0.7390.122 (739012233) minSdkVersion=29 processName=com.google.android.webview:sandboxed_process0:org.chromium.content.app.SandboxedProcessService0:0 splits=<none>
11-11 18:31:47.856  1046  1300 W VT      : [SRV] [THREAD] get hild fail, try again
11-11 18:31:47.857   363   363 I hwservicemanager: getTransport: Cannot find entry vendor.mediatek.hardware.videotelephony@1.0::IVideoTelephony/default in either framework or device VINTF manifest.
11-11 18:31:47.860 32594 32594 I cr_ChildProcessService: Creating new ChildProcessService pid=32594
11-11 18:31:47.933  1494  3431 V GrammaticalInflectionUtils: AttributionSource: AttributionSource { uid = 10208, packageName = null, attributionTag = null, token = android.os.Binder@671b6cc, deviceId = 0, next = null } does not have READ_SYSTEM_GRAMMATICAL_GENDER permission.
11-11 18:31:47.938  9425  9425 D BoundBrokerSvc: onBind: Intent { act=com.google.android.gms.safebrowsing.SafeBrowsingService.START dat=chimera-action:/... cmp=com.google.android.gms/.chimera.GmsBoundBrokerService }
11-11 18:31:47.938  9425  9425 D BoundBrokerSvc: Loading bound service for intent: Intent { act=com.google.android.gms.safebrowsing.SafeBrowsingService.START dat=chimera-action:/... cmp=com.google.android.gms/.chimera.GmsBoundBrokerService }
11-11 18:31:47.950 32553 32553 W chromium: [WARNING:android_webview/browser/network_service/net_helpers.cc:143] HTTP Cache size is: 20971520
11-11 18:31:47.952   788   788 D Zygote  : Forked child process 32620
11-11 18:31:47.953  1494  1532 I ActivityManager: Start proc 32620:com.google.android.webview:webview_service/u0a208 for service {com.google.android.webview/org.chromium.android_webview.services.ComponentsProviderService}
11-11 18:31:47.977 32620 32620 I webview_service: Using CollectorTypeCMC GC.
11-11 18:31:47.978   813 32552 I mtkpower_client: perf_lock_rel, hdl:3509, tid:32552
11-11 18:31:47.979   813 32552 I mtkpower_client: perf_lock_rel, hdl:3510, tid:32552
11-11 18:31:47.980   826   885 I libPowerHal: [perfLockRel] hdl:3509, idx:3
11-11 18:31:47.981   826   885 I libPowerHal: [PD] vendor.samsung. update cmd:400100 param:-1 pr:6
11-11 18:31:47.981   826   885 I libPowerHal: [recordCPUFreqInfo] set cluster[0] min(vendor.samsung.): 1800000 max(-1): -1 cluster[1] min(-1): -1 max(-1): -1
11-11 18:31:47.982   826   885 I libPowerHal: [perfLockRel] Done for hdl : 3509
11-11 18:31:47.982 32620 32620 E webview_service: Not starting debugger since process cannot load the jdwp agent.
11-11 18:31:47.983   813 32552 I mtkpower_client: perf_lock_rel, hdl:3511, tid:32552
11-11 18:31:47.983   826   885 I libPowerHal: [perfLockRel] hdl:3510, idx:0
11-11 18:31:47.984   826   885 I libPowerHal: [PD] vendor.samsung. update cmd:400000 param:-1 pr:6
11-11 18:31:47.985   826   885 I libPowerHal: [recordCPUFreqInfo] set cluster[0] min(-1): -1 max(-1): -1 cluster[1] min(-1): -1 max(-1): -1
11-11 18:31:47.985   826   885 I libPowerHal: [perfLockRel] Done for hdl : 3510
11-11 18:31:47.986   826   885 I libPowerHal: [perfLockRel] hdl:3511, idx:4
11-11 18:31:47.986   813 32552 I mtkpower_client: perf_lock_rel, hdl:3512, tid:32552
11-11 18:31:47.987   826   885 I libPowerHal: [PD] vendor.samsung. update cmd:1000000 param:-1 pr:6
11-11 18:31:47.987   826   885 I libPowerHal: [perfLockRel] Done for hdl : 3511
11-11 18:31:47.988   826   885 I libPowerHal: [perfLockRel] hdl:3512, idx:1
11-11 18:31:47.988   813 32552 I HYPER-HAL: [RequestManager.cpp]releaseLocked(): Released ID : 1143846
11-11 18:31:47.989 32620 32620 D nativeloader: Load libframework-connectivity-tiramisu-jni.so using APEX ns com_android_tethering for caller /apex/com.android.tethering/javalib/framework-connectivity-t.jar: ok
11-11 18:31:47.989   826   885 I libPowerHal: [set_cpuidle] enable:1, fd:14, scn:0xb400007c94510290
11-11 18:31:47.989   826   885 I libPowerHal: [PD] vendor.samsung. update cmd:1c3c100 param:1 pr:6
11-11 18:31:47.989   826   885 I libPowerHal: [perfLockRel] Done for hdl : 3512
11-11 18:31:47.993 32620 32620 D ActivityThread: setConscryptValidator
11-11 18:31:47.993 32620 32620 D ActivityThread: setConscryptValidator - put
11-11 18:31:48.024 32620 32620 W webview_service: Failed to find entry 'classes.dex': Entry not found
11-11 18:31:48.025 32620 32620 D nativeloader: Configuring clns-7 for other apk /data/app/~~kbAJ-LJtM7RjkgtmCfLeIQ==/com.google.android.trichromelibrary_739012233-D5IEZEJWkW_N7tJZ_TmdIQ==/base.apk. target_sdk_version=36, uses_libraries=ALL, library_path=/data/app/~~CulH_2PCPn_d7Hf2pOcmOg==/com.google.android.webview-hOngfqQbS8dl2RN8SG0USw==/lib/arm64:/data/app/~~CulH_2PCPn_d7Hf2pOcmOg==/com.google.android.webview-hOngfqQbS8dl2RN8SG0USw==/base.apk!/lib/arm64-v8a:/data/app/~~kbAJ-LJtM7RjkgtmCfLeIQ==/com.google.android.trichromelibrary_739012233-D5IEZEJWkW_N7tJZ_TmdIQ==/base.apk!/lib/arm64-v8a, permitted_path=/data:/mnt/expand:/data/user/0/com.google.android.webview
11-11 18:31:48.025 32620 32620 D nativeloader: Extending system_exposed_libraries: libaudiomirroring_jni.audiomirroring.samsung.so:libexifa.camera.samsung.so:libjpega.camera.samsung.so:libOpenCv.camera.samsung.so:libImageScreener.camera.samsung.so:libHpr_RecGAE_cvFeature_v1.0.camera.samsung.so:libHprFace_GAE_api.camera.samsung.so:libHprFace_GAE_jni.camera.samsung.so:libQREngine.camera.samsung.so:libInteractiveSegmentation.camera.samsung.so:libsmart_cropping.camera.samsung.so:libFacePreProcessing.camera.samsung.so:libFacePreProcessing_jni.camera.samsung.so:libhumantracking_util.camera.samsung.so:libsurfaceutil.camera.samsung.so:libsecimaging.camera.samsung.so:libsce_v1.crypto.samsung.so:lib_vnd_client.dk.samsung.so:lib_native_client.dk.samsung.so:lib_nativeJni.dk.samsung.so:lib.engmodejni.samsung.so:libSFEffect.fonteffect.samsung.so:libknox_remotedesktopclient.knox.samsung.so:libheifcapture_jni.media.samsung.so:libjpegsq.media.samsung.so:libslljpeg.media.samsung.so:libsemimagecrop_jni.media.samsung.so:libsimba.media.samsung.so:libsjpegxl.media.samsung.so:
11-11 18:31:48.028 32620 32620 D ApplicationLoaders: Returning zygote-cached class loader: /system_ext/framework/androidx.window.extensions.jar
11-11 18:31:48.034 32620 32620 D nativeloader: Configuring clns-8 for other apk /data/app/~~CulH_2PCPn_d7Hf2pOcmOg==/com.google.android.webview-hOngfqQbS8dl2RN8SG0USw==/base.apk. target_sdk_version=36, uses_libraries=, library_path=/data/app/~~CulH_2PCPn_d7Hf2pOcmOg==/com.google.android.webview-hOngfqQbS8dl2RN8SG0USw==/lib/arm64:/data/app/~~CulH_2PCPn_d7Hf2pOcmOg==/com.google.android.webview-hOngfqQbS8dl2RN8SG0USw==/base.apk!/lib/arm64-v8a:/data/app/~~kbAJ-LJtM7RjkgtmCfLeIQ==/com.google.android.trichromelibrary_739012233-D5IEZEJWkW_N7tJZ_TmdIQ==/base.apk!/lib/arm64-v8a, permitted_path=/data:/mnt/expand:/data/user/0/com.google.android.webview
11-11 18:31:48.038 32553 32553 D ConnectivityManager: StackLog: [android.net.ConnectivityManager.sendRequestForNetwork(ConnectivityManager.java:4736)] [android.net.ConnectivityManager.registerDefaultNetworkCallbackForUid(ConnectivityManager.java:5461)] [android.net.ConnectivityManager.registerDefaultNetworkCallback(ConnectivityManager.java:5428)] [WV.km1.e(chromium-TrichromeWebViewGoogle6432.aab-stable-739012233:37)] [WV.km1.a(chromium-TrichromeWebViewGoogle6432.aab-stable-739012233:1)] [org.chromium.android_webview.AwContentsLifecycleNotifier.onFirstWebViewCreated(chromium-TrichromeWebViewGoogle6432.aab-stable-739012233:19)] [J.N.JJ(Native Method)] [org.chromium.android_webview.AwContents.<init>(chromium-TrichromeWebViewGoogle6432.aab-stable-739012233:619)] [com.android.webview.chromium.k.run(chromium-TrichromeWebViewGoogle6432.aab-stable-739012233:163)] [WV.d23.run(chromium-TrichromeWebViewGoogle6432.aab-stable-739012233:13)] [org.chromium.base.task.PostTask.d(chromium-TrichromeWebViewGoogle6432.aab-stable-739012233:18)] [WV.e23.a(chromium-TrichromeWebViewGoogle6432.aab-stable-739012233:18)] [com.android.webview.chromium.WebViewChromiumFactoryProvider.a(chromium-TrichromeWebViewGoogle6432.aab-stable-739012233:3)] [com.android.webview.chromium.WebViewChromium.init(chromium-TrichromeWebViewGoogle6432.aab-stable-739012233:334)] [android.webkit.WebView.<init>(WebView.java:446)] [android.webkit.WebView.<init>(WebView.java:366)] [android.webkit.WebView.<init>(WebView.java:348)] [android.webkit.WebView.<init>(WebView.java:335)] [com.getcapacitor.CapacitorWebView.<init>(CapacitorWebView.java:22)] [java.lang.reflect.Constructor.newInstance0(Native Method)] [java.lang.reflect.Constructor.newInstance(Constructor.java:343)] [android.view.LayoutInflater.createView(LayoutInflater.java:758)] [android.view.LayoutInflater.createViewFromTag(LayoutInflater.java:910)] [android.view.LayoutInflater.createViewFromTag(LayoutInflater.java:865)] [android.view.LayoutInflater.rInflate(LayoutInflater.java:1027)] [android.view.LayoutInflater.rInflateChildren(LayoutInflater.java:988)] [android.view.LayoutInflater.inflate(LayoutInflater.java:576)] [android.view.LayoutInflater.inflate(LayoutInflater.java:468)] [android.view.LayoutInflater.inflate(LayoutInflater.java:419)] [androidx.appcompat.app.AppCompatDelegateImpl.setContentView(AppCompatDelegateImpl.java:775)] [androidx.appcompat.app.AppCompatActivity.setContentView(AppCompatActivity.java:197)] [com.getcapacitor.BridgeActivity.onCreate(BridgeActivity.java:28)] [com.biopeakai.performance.MainActivity.onCreate(MainActivity.java:15)] [android.app.Activity.performCreate(Activity.java:9363)] [android.app.Activity.performCreate(Activity.java:9332)] [android.app.Instrumentation.callActivityOnCreate(Instrumentation.java:1526)] [android.app.ActivityThread.performLaunchActivity(ActivityThread.java:4440)] [android.app.ActivityThread.handleLaunchActivity(ActivityThread.java:4689)] [android.app.servertransaction.LaunchActivityItem.execute(LaunchActivityItem.java:112)] [android.app.servertransaction.TransactionExecutor.executeNonLifecycleItem(TransactionExecutor.java:174)] [android.app.servertransaction.TransactionExecutor.executeTransactionItems(TransactionExecutor.java:109)] [android.app.servertransaction.TransactionExecutor.execute(TransactionExecutor.java:81)] [android.app.ActivityThread$H.handleMessage(ActivityThread.java:2899)]
11-11 18:31:48.043  1494  9334 D ConnectivityService: requestNetwork for uid/pid:10329/32553 activeRequest: null callbackRequest: 6697 [NetworkRequest [ REQUEST id=6698, [ Capabilities: INTERNET&NOT_RESTRICTED&TRUSTED&NOT_VCN_MANAGED&NOT_BANDWIDTH_CONSTRAINED Uid: 10329 RequestorUid: 10329 RequestorPkg: com.biopeakai.performance UnderlyingNetworks: Null] ]] callback flags: 0 order: 2147483647 isUidTracked: false declaredMethods: AVAIL|LOST|NC|LP
11-11 18:31:48.045  1494  1779 D ConnectivityService:    accepting network in place of null for NetworkRequest [ REQUEST id=6698, [ Capabilities: INTERNET&NOT_RESTRICTED&TRUSTED&NOT_VCN_MANAGED&NOT_BANDWIDTH_CONSTRAINED Uid: 10329 RequestorUid: 10329 RequestorPkg: com.biopeakai.performance UnderlyingNetworks: Null] ]
11-11 18:31:48.047 32620 32620 V GraphicsEnvironment: Currently set values for:
11-11 18:31:48.047 32620 32620 V GraphicsEnvironment:   angle_gl_driver_selection_pkgs=[]
11-11 18:31:48.047 32620 32620 V GraphicsEnvironment:   angle_gl_driver_selection_values=[]
11-11 18:31:48.047 32620 32620 V GraphicsEnvironment: Global.Settings values are invalid: number of packages: 0, number of values: 0
11-11 18:31:48.047 32620 32620 V GraphicsEnvironment: Neither updatable production driver nor prerelease driver is supported.
11-11 18:31:48.051 32620 32620 I LoadedApk: No resource references to update in package com.google.android.trichromelibrary
11-11 18:31:48.051  1494  1762 D WifiNetworkFactory: got request NetworkRequest [ REQUEST id=6698, [ Capabilities: INTERNET&NOT_RESTRICTED&TRUSTED&NOT_VCN_MANAGED&NOT_BANDWIDTH_CONSTRAINED Uid: 10329 RequestorUid: 10329 RequestorPkg: com.biopeakai.performance UnderlyingNetworks: Null] ]
11-11 18:31:48.051  1494  1762 D UntrustedWifiNetworkFactory: got request NetworkRequest [ REQUEST id=6698, [ Capabilities: INTERNET&NOT_RESTRICTED&TRUSTED&NOT_VCN_MANAGED&NOT_BANDWIDTH_CONSTRAINED Uid: 10329 RequestorUid: 10329 RequestorPkg: com.biopeakai.performance UnderlyingNetworks: Null] ]
11-11 18:31:48.051  1494  1762 D OemPaidWifiNetworkFactory: got request NetworkRequest [ REQUEST id=6698, [ Capabilities: INTERNET&NOT_RESTRICTED&TRUSTED&NOT_VCN_MANAGED&NOT_BANDWIDTH_CONSTRAINED Uid: 10329 RequestorUid: 10329 RequestorPkg: com.biopeakai.performance UnderlyingNetworks: Null] ]
11-11 18:31:48.051  1494  1762 D MultiInternetWifiNetworkFactory: got request NetworkRequest [ REQUEST id=6698, [ Capabilities: INTERNET&NOT_RESTRICTED&TRUSTED&NOT_VCN_MANAGED&NOT_BANDWIDTH_CONSTRAINED Uid: 10329 RequestorUid: 10329 RequestorPkg: com.biopeakai.performance UnderlyingNetworks: Null] ]
11-11 18:31:48.051  1494  1779 D ConnectivityService: Rematched networks [computed 0ms] [applied 2ms] [issued 5]
11-11 18:31:48.051  1494  1779 D ConnectivityService: NetworkReassignment :
11-11 18:31:48.051  1494  1779 D ConnectivityService:   6698 : null  120
11-11 18:31:48.054 32620 32620 I cr_WebViewApkApp: version=141.0.7390.122 (739012233) minSdkVersion=29 processName=com.google.android.webview:webview_service splits=<none>
