11-11 18:31:51.891 32553 32553 V Capacitor: callback: 86130860, pluginId: Preferences, methodName: get, methodData: {"key":"sb-grcwlmltlcltmwbhdpky-auth-token"}
11-11 18:31:51.905 32553 32553 I Capacitor/Console: File: https://localhost/assets/index-CE6Mp6AS.js - Line 7745 - Msg:  NATIVE PERMISSIONS DEBUG: [object Object]
11-11 18:31:51.916 32553 32553 V Capacitor/Plugin: To native (Capacitor plugin): callbackId: 86130861, pluginId: Preferences, methodName: get
11-11 18:31:51.917 32553 32553 V Capacitor: callback: 86130861, pluginId: Preferences, methodName: get, methodData: {"key":"sb-grcwlmltlcltmwbhdpky-auth-token"}
11-11 18:31:51.920 32553 32553 V Capacitor/Plugin: To native (Capacitor plugin): callbackId: 86130862, pluginId: Preferences, methodName: get
11-11 18:31:51.920 32553 32553 V Capacitor: callback: 86130862, pluginId: Preferences, methodName: get, methodData: {"key":"sb-grcwlmltlcltmwbhdpky-auth-token"}
11-11 18:31:51.932 32553 32553 V Capacitor/Plugin: To native (Capacitor plugin): callbackId: 86130863, pluginId: Preferences, methodName: get
11-11 18:31:51.933 32553 32553 V Capacitor: callback: 86130863, pluginId: Preferences, methodName: get, methodData: {"key":"sb-grcwlmltlcltmwbhdpky-auth-token"}
11-11 18:31:51.937 32553 32553 V Capacitor/Plugin: To native (Capacitor plugin): callbackId: 86130864, pluginId: Preferences, methodName: get
11-11 18:31:51.937 32553 32553 V Capacitor: callback: 86130864, pluginId: Preferences, methodName: get, methodData: {"key":"sb-grcwlmltlcltmwbhdpky-auth-token"}
11-11 18:31:51.939 32553 32553 I Capacitor/Console: File: https://localhost/assets/index-CE6Mp6AS.js - Line 7745 - Msg: Auth state change: INITIAL_SESSION undefined
11-11 18:31:51.942 32553 32553 I Capacitor/Console: File: https://localhost/assets/index-CE6Mp6AS.js - Line 8072 - Msg:  Platform detection: [object Object]
11-11 18:31:52.077 32553 32553 I Capacitor/Console: File: https://localhost/assets/index-CE6Mp6AS.js - Line 7745 - Msg:  NATIVE PERMISSIONS DEBUG: [object Object]
11-11 18:31:52.097 32553 32607 D Capacitor: Handling local request: https://localhost/lovable-uploads/3dba3af8-cea5-4fda-8621-8da7e87686be.png
11-11 18:31:52.101 32553 32607 D Capacitor: Handling local request: https://localhost/lovable-uploads/d6369016-de44-4236-b4dd-a28816ff2041.png
11-11 18:31:52.131 32553 32607 D Capacitor: Handling local request: https://localhost/assets/integrations-banner-BVi9y692.png
11-11 18:31:52.140 32553 32553 V Capacitor/Plugin: To native (Capacitor plugin): callbackId: 86130865, pluginId: Preferences, methodName: get
11-11 18:31:52.140 32553 32553 V Capacitor: callback: 86130865, pluginId: Preferences, methodName: get, methodData: {"key":"sb-grcwlmltlcltmwbhdpky-auth-token"}
11-11 18:31:52.146 32553 32553 V Capacitor/Plugin: To native (Capacitor plugin): callbackId: 86130866, pluginId: Preferences, methodName: get
11-11 18:31:52.147 32553 32553 V Capacitor: callback: 86130866, pluginId: Preferences, methodName: get, methodData: {"key":"sb-grcwlmltlcltmwbhdpky-auth-token"}
11-11 18:31:52.148 31676 31685 W Binder  : Caught a RuntimeException from the binder stub implementation.
11-11 18:31:52.148 31676 31685 W Binder  : java.lang.UnsupportedOperationException
11-11 18:31:52.148 31676 31685 W Binder  : 	at bzxb.a(PG:3)
11-11 18:31:52.148 31676 31685 W Binder  : 	at bzxb.dispatchTransaction(PG:33)
11-11 18:31:52.148 31676 31685 W Binder  : 	at pxz.onTransact(PG:13)
11-11 18:31:52.148 31676 31685 W Binder  : 	at android.os.Binder.execTransactInternal(Binder.java:1541)
11-11 18:31:52.148 31676 31685 W Binder  : 	at android.os.Binder.execTransact(Binder.java:1480)
11-11 18:31:52.150 32553 32608 D Capacitor: Handling local request: https://localhost/lovable-uploads/aa28b51e-71c3-4b13-a8ae-a1bd20e98fb2.png
11-11 18:31:52.157 32553 32608 D Capacitor: Handling local request: https://localhost/lovable-uploads/9db8aa58-3e45-4e91-81a9-1e132feb4593.png
11-11 18:31:52.159  1494  1935 D NetdEventListenerService: DNS Requested by 120, 10329(com.biopeakai.performance), SUCCESS, 16ms
11-11 18:31:52.171 31676 31685 W Binder  : Caught a RuntimeException from the binder stub implementation.
11-11 18:31:52.171 31676 31685 W Binder  : java.lang.UnsupportedOperationException
11-11 18:31:52.171 31676 31685 W Binder  : 	at bzxb.a(PG:3)
11-11 18:31:52.171 31676 31685 W Binder  : 	at bzxb.dispatchTransaction(PG:33)
11-11 18:31:52.171 31676 31685 W Binder  : 	at pxz.onTransact(PG:13)
11-11 18:31:52.171 31676 31685 W Binder  : 	at android.os.Binder.execTransactInternal(Binder.java:1541)
11-11 18:31:52.171 31676 31685 W Binder  : 	at android.os.Binder.execTransact(Binder.java:1480)
11-11 18:31:52.180 32553 32607 D Capacitor: Handling local request: https://localhost/assets/app-store-badge-BvL15smo.png
11-11 18:31:52.182 32553 32609 D Capacitor: Handling local request: https://localhost/lovable-uploads/aa28b51e-71c3-4b13-a8ae-a1bd20e98fb2.png?v=1762896711951
11-11 18:31:52.201  1494  1935 D NetdEventListenerService: DNS Requested by 120, 10329(com.biopeakai.performance), SUCCESS, 20ms
11-11 18:31:52.224  1494  1839 I ChimeraPolicyHandler: prepareForTrigger() - skip reason: screen off
11-11 18:31:52.224  1494  1839 I ChimeraAggressivePolicyHandler: executePolicy() - prepareForTrigger fails
11-11 18:31:52.269  1494  1968 I Pageboost: Launcher App Execution
11-11 18:31:52.269  1494  1968 E Pageboost: ioinfo read failed
11-11 18:31:52.334 31676 31685 W Binder  : Caught a RuntimeException from the binder stub implementation.
11-11 18:31:52.334 31676 31685 W Binder  : java.lang.UnsupportedOperationException
11-11 18:31:52.334 31676 31685 W Binder  : 	at bzxb.a(PG:3)
11-11 18:31:52.334 31676 31685 W Binder  : 	at bzxb.dispatchTransaction(PG:33)
11-11 18:31:52.334 31676 31685 W Binder  : 	at pxz.onTransact(PG:13)
11-11 18:31:52.334 31676 31685 W Binder  : 	at android.os.Binder.execTransactInternal(Binder.java:1541)
11-11 18:31:52.334 31676 31685 W Binder  : 	at android.os.Binder.execTransact(Binder.java:1480)
11-11 18:31:52.366 31676 31685 W Binder  : Caught a RuntimeException from the binder stub implementation.
11-11 18:31:52.366 31676 31685 W Binder  : java.lang.UnsupportedOperationException
11-11 18:31:52.366 31676 31685 W Binder  : 	at bzxb.a(PG:3)
11-11 18:31:52.366 31676 31685 W Binder  : 	at bzxb.dispatchTransaction(PG:33)
11-11 18:31:52.366 31676 31685 W Binder  : 	at pxz.onTransact(PG:13)
11-11 18:31:52.366 31676 31685 W Binder  : 	at android.os.Binder.execTransactInternal(Binder.java:1541)
11-11 18:31:52.366 31676 31685 W Binder  : 	at android.os.Binder.execTransact(Binder.java:1480)
11-11 18:31:52.368  1046  1300 W VT      : [SRV] [THREAD] get hild fail, try again
11-11 18:31:52.368   363   363 I hwservicemanager: getTransport: Cannot find entry vendor.mediatek.hardware.videotelephony@1.0::IVideoTelephony/default in either framework or device VINTF manifest.
11-11 18:31:52.486 32553 32693 D ProfileInstaller: Installing profile for com.biopeakai.performance
11-11 18:31:52.662 13148 13164 W Binder  : Caught a RuntimeException from the binder stub implementation.
11-11 18:31:52.662 13148 13164 W Binder  : java.lang.UnsupportedOperationException
11-11 18:31:52.662 13148 13164 W Binder  : 	at bzxb.a(PG:3)
11-11 18:31:52.662 13148 13164 W Binder  : 	at bzxb.dispatchTransaction(PG:33)
11-11 18:31:52.662 13148 13164 W Binder  : 	at pxz.onTransact(PG:13)
11-11 18:31:52.662 13148 13164 W Binder  : 	at android.os.Binder.execTransactInternal(Binder.java:1541)
11-11 18:31:52.662 13148 13164 W Binder  : 	at android.os.Binder.execTransact(Binder.java:1480)
11-11 18:31:52.807  2355  2996 I EPDG -- SIM0 [SMARTWIFI]: isProfiling, hash=26797213, started=true
11-11 18:31:52.808  2355  2996 W Settings: Setting wifi_on has moved from android.provider.Settings.System to android.provider.Settings.Secure, returning read-only value.
11-11 18:31:52.808  2355  2996 W Settings: Setting wifi_on has moved from android.provider.Settings.Secure to android.provider.Settings.Global.
11-11 18:31:52.808  2355  2996 I EPDG -- SIM0 [SMARTWIFI]: isProfiling, hash=26797213, started=true
11-11 18:31:52.808  2355  2996 I EPDG -- SIM0 [SMARTWIFI]: Rssi : -32 highrange : -75 lowrange : -85 mIsRssiInHystersis : false
11-11 18:31:52.808  2355  2996 I EPDG -- SIM0 [SMARTWIFI]: getHandoverThresholdMet: value is: false
11-11 18:31:52.869  1046  1300 W VT      : [SRV] [THREAD] get hild fail, try again
11-11 18:31:52.870   363   363 I hwservicemanager: getTransport: Cannot find entry vendor.mediatek.hardware.videotelephony@1.0::IVideoTelephony/default in either framework or device VINTF manifest.
11-11 18:31:53.024   519   519 D io_stats: !@ 179,0 r 10531155 243079170 w 1927924 35493804 d 194829 41684724 f 626847 506786 iot 3100680 0 th 0 0 0 pt 0 inp 0 0 91005.132
11-11 18:31:53.025   519   519 D io_stats: !@ Read_top(KB): ThreadPoolForeg(32662) 71852 kai.performance(32553) 608 system_server:h(1494) 176
11-11 18:31:53.025   519   519 D io_stats: !@ Write_top(KB): earchbox:search(31676) 84 kai.performance(32553) 32 .gms.persistent(352) 12
11-11 18:31:53.049 32553 32607 D Capacitor: Handling local request: https://localhost/lovable-uploads/aa28b51e-71c3-4b13-a8ae-a1bd20e98fb2.png?v=1762896712993
11-11 18:31:53.370  1046  1300 W VT      : [SRV] [THREAD] get hild fail, try again
11-11 18:31:53.371   363   363 I hwservicemanager: getTransport: Cannot find entry vendor.mediatek.hardware.videotelephony@1.0::IVideoTelephony/default in either framework or device VINTF manifest.
11-11 18:31:53.872  1046  1300 W VT      : [SRV] [THREAD] get hild fail, try again
11-11 18:31:53.873   363   363 I hwservicemanager: getTransport: Cannot find entry vendor.mediatek.hardware.videotelephony@1.0::IVideoTelephony/default in either framework or device VINTF manifest.
11-11 18:31:53.905  1494  1779 D InetDiagMessage: Destroyed 0 sockets, proto=IPPROTO_TCP, family=AF_INET, states=14
11-11 18:31:53.907  1494  1779 D InetDiagMessage: Destroyed 0 sockets, proto=IPPROTO_TCP, family=AF_INET6, states=14
11-11 18:31:53.907  1494  1779 D InetDiagMessage: Destroyed live tcp sockets for uids={10201} in 4ms
11-11 18:31:53.909  1494  1779 D InetDiagMessage: Destroyed 0 sockets, proto=IPPROTO_TCP, family=AF_INET, states=14
11-11 18:31:53.912  1494  1779 D InetDiagMessage: Destroyed 0 sockets, proto=IPPROTO_TCP, family=AF_INET6, states=14
11-11 18:31:53.912  1494  1779 D InetDiagMessage: Destroyed live tcp sockets for uids={20201} in 5ms
11-11 18:31:53.973  1494  1779 D InetDiagMessage: Destroyed 4 sockets, proto=IPPROTO_TCP, family=AF_INET, states=14
11-11 18:31:53.974  1494  1779 D InetDiagMessage: Destroyed 0 sockets, proto=IPPROTO_TCP, family=AF_INET6, states=14
11-11 18:31:53.975  1494  1779 D InetDiagMessage: Destroyed live tcp sockets for uids={10329} in 6ms
11-11 18:31:53.978  1494  1779 D InetDiagMessage: Destroyed 0 sockets, proto=IPPROTO_TCP, family=AF_INET, states=14
11-11 18:31:53.980  1494  1779 D InetDiagMessage: Destroyed 0 sockets, proto=IPPROTO_TCP, family=AF_INET6, states=14
11-11 18:31:53.981  1494  1779 D InetDiagMessage: Destroyed live tcp sockets for uids={20329} in 5ms
11-11 18:31:54.301  1494  1779 D InetDiagMessage: Destroyed 0 sockets, proto=IPPROTO_TCP, family=AF_INET, states=14
11-11 18:31:54.302  1494  1779 D InetDiagMessage: Destroyed 0 sockets, proto=IPPROTO_TCP, family=AF_INET6, states=14
11-11 18:31:54.302  1494  1779 D InetDiagMessage: Destroyed live tcp sockets for uids={10208} in 3ms
11-11 18:31:54.304  1494  1779 D InetDiagMessage: Destroyed 0 sockets, proto=IPPROTO_TCP, family=AF_INET, states=14
11-11 18:31:54.306  1494  1779 D InetDiagMessage: Destroyed 0 sockets, proto=IPPROTO_TCP, family=AF_INET6, states=14
11-11 18:31:54.307  1494  1779 D InetDiagMessage: Destroyed live tcp sockets for uids={20208} in 4ms
11-11 18:31:54.375  1046  1300 W VT      : [SRV] [THREAD] get hild fail, try again
11-11 18:31:54.376   610 32540 I keystore2: system/security/keystore2/watchdog/src/lib.rs:319 - Watchdog thread idle -> terminating. Have a great day.
11-11 18:31:54.376   363   363 I hwservicemanager: getTransport: Cannot find entry vendor.mediatek.hardware.videotelephony@1.0::IVideoTelephony/default in either framework or device VINTF manifest.
11-11 18:31:54.858  1967  2747 D PhoneInterfaceManager: setDataEnabledForReason() Reason=1 Pid=1494 App=system
11-11 18:31:54.877  1046  1300 W VT      : [SRV] [THREAD] get hild fail, try again
11-11 18:31:54.878   363   363 I hwservicemanager: getTransport: Cannot find entry vendor.mediatek.hardware.videotelephony@1.0::IVideoTelephony/default in either framework or device VINTF manifest.
11-11 18:31:55.185  1494  1571 D MARsPolicyManager: triggerAction called!
11-11 18:31:55.185  1494  1571 I NSLocationMonitor: getGPSUsingApps() called
11-11 18:31:55.185  1494  1571 W NSLocationMonitor: NSMonitorService is not connected, return null
11-11 18:31:55.380  1046  1300 W VT      : [SRV] [THREAD] get hild fail, try again
11-11 18:31:55.381   363   363 I hwservicemanager: getTransport: Cannot find entry vendor.mediatek.hardware.videotelephony@1.0::IVideoTelephony/default in either framework or device VINTF manifest.
11-11 18:31:55.597 32695 32695 I vtservice_aidl: [VT][SRV]before VTService_AiDL_instantiate
11-11 18:31:55.599 32695 32695 E vtservice_aidl: [VT][SRV] VideoTelephony AIDL add service failed!!
11-11 18:31:55.599 32695 32695 I vtservice_aidl: [VT][SRV] VideoTelephony : aidl service is terminating...
11-11 18:31:55.831  2355  2996 I EPDG -- SIM0 [SMARTWIFI]: isProfiling, hash=26797213, started=true
11-11 18:31:55.831  2355  2996 W Settings: Setting wifi_on has moved from android.provider.Settings.System to android.provider.Settings.Secure, returning read-only value.
11-11 18:31:55.831  2355  2996 W Settings: Setting wifi_on has moved from android.provider.Settings.Secure to android.provider.Settings.Global.
11-11 18:31:55.831  2355  2996 I EPDG -- SIM0 [SMARTWIFI]: isProfiling, hash=26797213, started=true
11-11 18:31:55.831  2355  2996 I EPDG -- SIM0 [SMARTWIFI]: Rssi : -30 highrange : -75 lowrange : -85 mIsRssiInHystersis : false
11-11 18:31:55.832  2355  2996 I EPDG -- SIM0 [SMARTWIFI]: getHandoverThresholdMet: value is: false
11-11 18:31:55.883  1046  1300 W VT      : [SRV] [THREAD] get hild fail, try again
11-11 18:31:55.884   363   363 I hwservicemanager: getTransport: Cannot find entry vendor.mediatek.hardware.videotelephony@1.0::IVideoTelephony/default in either framework or device VINTF manifest.
11-11 18:31:56.035  1153  1153 I thermal_repeater: socket -1
11-11 18:31:56.385  1046  1300 W VT      : [SRV] [THREAD] get hild fail, try again
11-11 18:31:56.386   363   363 I hwservicemanager: getTransport: Cannot find entry vendor.mediatek.hardware.videotelephony@1.0::IVideoTelephony/default in either framework or device VINTF manifest.
11-11 18:31:56.887  1046  1300 W VT      : [SRV] [THREAD] get hild fail, try again
11-11 18:31:56.889   363   363 I hwservicemanager: getTransport: Cannot find entry vendor.mediatek.hardware.videotelephony@1.0::IVideoTelephony/default in either framework or device VINTF manifest.
11-11 18:31:57.028   519   519 D io_stats: !@ 179,0 r 10531161 243079226 w 1927978 35494588 d 194829 41684724 f 626851 506800 iot 3100696 0 th 0 0 0 pt 0 inp 0 0 91009.135
11-11 18:31:57.028   519   519 D io_stats: !@ Read_top(KB): m.android.phone(1967) 24 system_server:h(1494) 12 kai.performance(32553) 8
11-11 18:31:57.028   519   519 D io_stats: !@ Write_top(KB): system_server:h(1494) 540 kworker/u16:0:/(32525) 224 henticator:auth(32064) 12
11-11 18:31:57.389  1046  1300 W VT      : [SRV] [THREAD] get hild fail, try again
11-11 18:31:57.390   363   363 I hwservicemanager: getTransport: Cannot find entry vendor.mediatek.hardware.videotelephony@1.0::IVideoTelephony/default in either framework or device VINTF manifest.
11-11 18:31:57.618 13148 13164 I IPCThreadState: oneway function results for code 2 on binder at 0xb400007649838f40 will be dropped but finished with status UNKNOWN_TRANSACTION
11-11 18:31:57.632 31676 31685 I IPCThreadState: oneway function results for code 2 on binder at 0xb4000076498d0180 will be dropped but finished with status UNKNOWN_TRANSACTION
11-11 18:31:57.891  1046  1300 W VT      : [SRV] [THREAD] get hild fail, try again
11-11 18:31:57.892   363   363 I hwservicemanager: getTransport: Cannot find entry vendor.mediatek.hardware.videotelephony@1.0::IVideoTelephony/default in either framework or device VINTF manifest.
11-11 18:31:58.393  1046  1300 W VT      : [SRV] [THREAD] get hild fail, try again
11-11 18:31:58.395   363   363 I hwservicemanager: getTransport: Cannot find entry vendor.mediatek.hardware.videotelephony@1.0::IVideoTelephony/default in either framework or device VINTF manifest.
11-11 18:31:58.854  2355  2996 I EPDG -- SIM0 [SMARTWIFI]: isProfiling, hash=26797213, started=true
11-11 18:31:58.855  2355  2996 W Settings: Setting wifi_on has moved from android.provider.Settings.System to android.provider.Settings.Secure, returning read-only value.
11-11 18:31:58.855  2355  2996 W Settings: Setting wifi_on has moved from android.provider.Settings.Secure to android.provider.Settings.Global.
11-11 18:31:58.855  2355  2996 I EPDG -- SIM0 [SMARTWIFI]: isProfiling, hash=26797213, started=true
11-11 18:31:58.855  2355  2996 I EPDG -- SIM0 [SMARTWIFI]: Rssi : -30 highrange : -75 lowrange : -85 mIsRssiInHystersis : false
11-11 18:31:58.855  2355  2996 I EPDG -- SIM0 [SMARTWIFI]: getHandoverThresholdMet: value is: false
11-11 18:31:58.896  1046  1300 W VT      : [SRV] [THREAD] get hild fail, try again
11-11 18:31:58.897   363   363 I hwservicemanager: getTransport: Cannot find entry vendor.mediatek.hardware.videotelephony@1.0::IVideoTelephony/default in either framework or device VINTF manifest.
11-11 18:31:59.325 32553 32571 I GED     : ged_boost_gpu_freq, level 100, eOrigin 2, final_idx 31, oppidx_max 31, oppidx_min 0
11-11 18:31:59.326 32553 32571 I GED     : ged_boost_gpu_freq, level 100, eOrigin 2, final_idx 31, oppidx_max 31, oppidx_min 0
11-11 18:31:59.338  1494  1552 D BatteryExternalStatsWorker: update stats : update-network-download (6)
11-11 18:31:59.339  1494  1552 D BatteryExternalStatsWorker: Update Rail Energy data
11-11 18:31:59.340  1494  1552 D BatteryExternalStatsWorker: Fetch modem data
11-11 18:31:59.398  1046  1300 W VT      : [SRV] [THREAD] get hild fail, try again
11-11 18:31:59.399   363   363 I hwservicemanager: getTransport: Cannot find entry vendor.mediatek.hardware.videotelephony@1.0::IVideoTelephony/default in either framework or device VINTF manifest.
11-11 18:31:59.427  1494  2309 D TelephonyManager: requestModemActivityInfo: Sending result to app: ModemActivityInfo{ mTimestamp=463470570 mSleepTimeMs=333684670 mIdleTimeMs=126822648 mActivityStatsTechSpecificInfo=[{mRat=UNKNOWN,mFrequencyRange=UNKNOWN,mTxTimeMs[]=[12391, 66543, 128264, 98386, 34547],mRxTimeMs=2947663}]}
11-11 18:31:59.427  1494  1552 D BatteryExternalStatsWorker: mStats lock released
11-11 18:31:59.435  1494  1552 D BatteryStatsImpl: NetworkStats size(modem): 70
11-11 18:31:59.437  1494  1552 D BatteryExternalStatsWorker: Update modem state
11-11 18:31:59.437  1494  1552 D BatteryExternalStatsWorker: done updateExternalStatsLocked
11-11 18:31:59.697  1960  1960 I wpa_supplicant: Heartbeat 11046
11-11 18:31:59.900  1046  1300 W VT      : [SRV] [THREAD] get hild fail, try again
11-11 18:31:59.901   363   363 I hwservicemanager: getTransport: Cannot find entry vendor.mediatek.hardware.videotelephony@1.0::IVideoTelephony/default in either framework or device VINTF manifest.
11-11 18:32:00.148   611   611 W keymint_tee: [WRN]begin req PARAMS: A32, BM2, PD64, 
11-11 18:32:00.151   611   611 D android.hardware.security.keymint-service: begin: ret 0
11-11 18:32:00.152   610   610 I keystore2: system/security/keystore2/src/security_level.rs:454 - In create_operation. Success to create IKeystoreOperation. 10258, None
11-11 18:32:00.156   611   611 D android.hardware.security.keymint-service: update: ret 0
11-11 18:32:00.160   611   611 D android.hardware.security.keymint-service: finish: ret 0
11-11 18:32:00.165   611   611 W keymint_tee: [WRN]begin req PARAMS: A32, BM2, PD64, 
11-11 18:32:00.168   611   611 D android.hardware.security.keymint-service: begin: ret 0
11-11 18:32:00.168   610   610 I keystore2: system/security/keystore2/src/security_level.rs:454 - In create_operation. Success to create IKeystoreOperation. 10258, None
11-11 18:32:00.171   611   611 D android.hardware.security.keymint-service: update: ret 0
11-11 18:32:00.174   611   611 D android.hardware.security.keymint-service: finish: ret 0
11-11 18:32:00.181  1494  1935 D NetdEventListenerService: DNS Requested by 120, 10258(com.microsoft.office.outlook), 4(FAIL), isBlocked=true, 0ms
11-11 18:32:00.209  1494  1571 D MARsPolicyManager: triggerAction called!
11-11 18:32:00.209  1494  1571 I NSLocationMonitor: getGPSUsingApps() called
11-11 18:32:00.209  1494  1571 W NSLocationMonitor: NSMonitorService is not connected, return null
11-11 18:32:00.219  1494  1571 D MARs:ActiveTrafficFilter: filter : com.whatsapp.w4b(0)
11-11 18:32:00.220  1494  1571 D MARs:ActiveTrafficFilter: filter : com.garmin.android.apps.connectmobile(0)
11-11 18:32:00.222  1494  1571 D MARs:ActiveTrafficFilter: filter : com.microsoft.office.outlook(0)
11-11 18:32:00.223  1494  1571 D MARs:ActiveTrafficFilter: filter : com.azure.authenticator(0)
11-11 18:32:00.402  1046  1300 W VT      : [SRV] [THREAD] get hild fail, try again
11-11 18:32:00.403   363   363 I hwservicemanager: getTransport: Cannot find entry vendor.mediatek.hardware.videotelephony@1.0::IVideoTelephony/default in either framework or device VINTF manifest.
11-11 18:32:00.607 32698 32698 I vtservice_aidl: [VT][SRV]before VTService_AiDL_instantiate
11-11 18:32:00.608 32698 32698 E vtservice_aidl: [VT][SRV] VideoTelephony AIDL add service failed!!
11-11 18:32:00.608 32698 32698 I vtservice_aidl: [VT][SRV] VideoTelephony : aidl service is terminating...
11-11 18:32:00.904  1046  1300 W VT      : [SRV] [THREAD] get hild fail, try again
11-11 18:32:00.905   363   363 I hwservicemanager: getTransport: Cannot find entry vendor.mediatek.hardware.videotelephony@1.0::IVideoTelephony/default in either framework or device VINTF manifest.
11-11 18:32:01.031   519   519 D io_stats: !@ 179,0 r 10531287 243080926 w 1927987 35499004 d 194829 41684724 f 626851 506800 iot 3100720 0 th 0 0 0 pt 0 inp 0 0 91013.138
11-11 18:32:01.031   519   519 D io_stats: !@ Read_top(KB): m.android.phone(1967) 692 rild:normal(1174) 436 kai.performance(32553) 296
11-11 18:32:01.032   519   519 D io_stats: !@ Write_top(KB): kworker/u16:0:/(32525) 4416
11-11 18:32:01.036  1153  1153 I thermal_repeater: socket -1
11-11 18:32:01.406  1046  1300 W VT      : [SRV] [THREAD] get hild fail, try again
11-11 18:32:01.407   363   363 I hwservicemanager: getTransport: Cannot find entry vendor.mediatek.hardware.videotelephony@1.0::IVideoTelephony/default in either framework or device VINTF manifest.
11-11 18:32:01.877  2355  2996 I EPDG -- SIM0 [SMARTWIFI]: isProfiling, hash=26797213, started=true
11-11 18:32:01.877  2355  2996 W Settings: Setting wifi_on has moved from android.provider.Settings.System to android.provider.Settings.Secure, returning read-only value.
11-11 18:32:01.877  2355  2996 W Settings: Setting wifi_on has moved from android.provider.Settings.Secure to android.provider.Settings.Global.
11-11 18:32:01.877  2355  2996 I EPDG -- SIM0 [SMARTWIFI]: isProfiling, hash=26797213, started=true
11-11 18:32:01.878  2355  2996 I EPDG -- SIM0 [SMARTWIFI]: Rssi : -31 highrange : -75 lowrange : -85 mIsRssiInHystersis : false
11-11 18:32:01.878  2355  2996 I EPDG -- SIM0 [SMARTWIFI]: getHandoverThresholdMet: value is: false
11-11 18:32:01.909  1046  1300 W VT      : [SRV] [THREAD] get hild fail, try again
11-11 18:32:01.910   363   363 I hwservicemanager: getTransport: Cannot find entry vendor.mediatek.hardware.videotelephony@1.0::IVideoTelephony/default in either framework or device VINTF manifest.
11-11 18:32:02.335  1494  1526 E Watchdog: !@Sync: 3032 heap(MB): 105 / 110 FD: 1057 [2025-11-11 18:32:02.334]
11-11 18:32:02.411  1046  1300 W VT      : [SRV] [THREAD] get hild fail, try again
11-11 18:32:02.413   363   363 I hwservicemanager: getTransport: Cannot find entry vendor.mediatek.hardware.videotelephony@1.0::IVideoTelephony/default in either framework or device VINTF manifest.
11-11 18:32:02.914  1046  1300 W VT      : [SRV] [THREAD] get hild fail, try again
11-11 18:32:02.915   363   363 I hwservicemanager: getTransport: Cannot find entry vendor.mediatek.hardware.videotelephony@1.0::IVideoTelephony/default in either framework or device VINTF manifest.
11-11 18:32:03.416  1046  1300 W VT      : [SRV] [THREAD] get hild fail, try again
11-11 18:32:03.417   363   363 I hwservicemanager: getTransport: Cannot find entry vendor.mediatek.hardware.videotelephony@1.0::IVideoTelephony/default in either framework or device VINTF manifest.
11-11 18:32:03.918  1046  1300 W VT      : [SRV] [THREAD] get hild fail, try again
11-11 18:32:03.920   363   363 I hwservicemanager: getTransport: Cannot find entry vendor.mediatek.hardware.videotelephony@1.0::IVideoTelephony/default in either framework or device VINTF manifest.
11-11 18:32:04.026  1494  2277 W ProcessStats: Tracking association SourceState{ec66852 com.biopeakai.performance/10329 Top #183230} whose proc state 1 is better than process ProcessState{173cc37 com.google.android.gms/10196 pkg=com.google.android.gms} proc state 8 (89 skipped)
11-11 18:32:04.028  9425  9425 D BoundBrokerSvc: onUnbind: Intent { act=com.google.android.gms.safetynet.service.START pkg=com.google.android.gms }
11-11 18:32:04.035  9425  9425 D BoundBrokerSvc: onUnbind: Intent { act=com.google.android.gms.safebrowsing.SafeBrowsingService.START dat=chimera-action:/... cmp=com.google.android.gms/.chimera.GmsBoundBrokerService }
11-11 18:32:04.039  1494  2277 I ActivityManager: Killing 29114:com.google.android.permissioncontroller/u0a245 (adj 985): empty #17
11-11 18:32:04.078  1494  1536 I libprocessgroup: Removed cgroup /sys/fs/cgroup/uid_10245/pid_29114
11-11 18:32:04.079   788   788 I Zygote  : Process 29114 exited due to signal 9 (Killed)
11-11 18:32:04.082  1494  1521 W IPCThreadState: Sending oneway calls to frozen process.
11-11 18:32:04.085  1494  1521 D DisplayManagerService: Drop pending events for gone uid 10245
11-11 18:32:04.421  1046  1300 W VT      : [SRV] [THREAD] get hild fail, try again
11-11 18:32:04.422   363   363 I hwservicemanager: getTransport: Cannot find entry vendor.mediatek.hardware.videotelephony@1.0::IVideoTelephony/default in either framework or device VINTF manifest.
11-11 18:32:04.891  2355  2996 I EPDG -- SIM0 [SMARTWIFI]: isProfiling, hash=26797213, started=true
11-11 18:32:04.892  2355  2996 W Settings: Setting wifi_on has moved from android.provider.Settings.System to android.provider.Settings.Secure, returning read-only value.
11-11 18:32:04.892  2355  2996 W Settings: Setting wifi_on has moved from android.provider.Settings.Secure to android.provider.Settings.Global.
11-11 18:32:04.892  2355  2996 I EPDG -- SIM0 [SMARTWIFI]: isProfiling, hash=26797213, started=true
11-11 18:32:04.892  2355  2996 I EPDG -- SIM0 [SMARTWIFI]: Rssi : -30 highrange : -75 lowrange : -85 mIsRssiInHystersis : false
11-11 18:32:04.892  2355  2996 I EPDG -- SIM0 [SMARTWIFI]: getHandoverThresholdMet: value is: false
11-11 18:32:04.923  1046  1300 W VT      : [SRV] [THREAD] get hild fail, try again
11-11 18:32:04.924   363   363 I hwservicemanager: getTransport: Cannot find entry vendor.mediatek.hardware.videotelephony@1.0::IVideoTelephony/default in either framework or device VINTF manifest.
11-11 18:32:05.033   519   519 D io_stats: !@ 179,0 r 10531287 243080926 w 1928002 35499484 d 194829 41684724 f 626852 506803 iot 3100732 0 th 0 0 0 pt 0 inp 0 0 91017.141
11-11 18:32:05.034   519   519 D io_stats: !@ Write_top(KB): .office.outlook(31993) 448 kai.performance(32553) 16 henticator:auth(32064) 12
11-11 18:32:05.049 32553 32558 I kai.performance: Background concurrent mark compact GC freed 20MB AllocSpace bytes, 57(1976KB) LOS objects, 56% free, 4679KB/10MB, paused 471us,8.989ms total 363.131ms
11-11 18:32:05.055 32553 32560 W kai.performance: ApkAssets: Deleting an ApkAssets object '<empty> and /data/app/~~CulH_2PCPn_d7Hf2pOcmOg==/com.google.android.webview-hOngfqQbS8dl2RN8SG0USw==/base.apk' with 2 weak references
11-11 18:32:05.230  1494  1571 D MARsPolicyManager: triggerAction called!
11-11 18:32:05.230  1494  1571 I NSLocationMonitor: getGPSUsingApps() called
11-11 18:32:05.230  1494  1571 W NSLocationMonitor: NSMonitorService is not connected, return null
11-11 18:32:05.244  1494  1571 D MARs:ActiveTrafficFilter: filter : com.whatsapp.w4b(0)
11-11 18:32:05.246  1494  1571 D MARs:ActiveTrafficFilter: filter : com.garmin.android.apps.connectmobile(0)
11-11 18:32:05.248  1494  1571 D MARs:ActiveTrafficFilter: filter : com.microsoft.office.outlook(0)
11-11 18:32:05.251  1494  1571 D MARs:ActiveTrafficFilter: filter : com.azure.authenticator(0)
11-11 18:32:05.425  1046  1300 W VT      : [SRV] [THREAD] get hild fail, try again
11-11 18:32:05.426   363   363 I hwservicemanager: getTransport: Cannot find entry vendor.mediatek.hardware.videotelephony@1.0::IVideoTelephony/default in either framework or device VINTF manifest.
11-11 18:32:05.623 32700 32700 I vtservice_aidl: [VT][SRV]before VTService_AiDL_instantiate
11-11 18:32:05.624 32700 32700 E vtservice_aidl: [VT][SRV] VideoTelephony AIDL add service failed!!
11-11 18:32:05.624 32700 32700 I vtservice_aidl: [VT][SRV] VideoTelephony : aidl service is terminating...
11-11 18:32:05.795 31309 31337 I id.gms.unstable: Explicit concurrent mark compact GC freed 1212KB AllocSpace bytes, 10(364KB) LOS objects, 38% free, 3228KB/5276KB, paused 1.217ms,8.324ms total 208.268ms
11-11 18:32:05.927  1046  1300 W VT      : [SRV] [THREAD] get hild fail, try again
11-11 18:32:05.928   363   363 I hwservicemanager: getTransport: Cannot find entry vendor.mediatek.hardware.videotelephony@1.0::IVideoTelephony/default in either framework or device VINTF manifest.
11-11 18:32:06.037  1153  1153 I thermal_repeater: socket -1
11-11 18:32:06.430  1046  1300 W VT      : [SRV] [THREAD] get hild fail, try again
11-11 18:32:06.431   363   363 I hwservicemanager: getTransport: Cannot find entry vendor.mediatek.hardware.videotelephony@1.0::IVideoTelephony/default in either framework or device VINTF manifest.
11-11 18:32:06.932  1046  1300 W VT      : [SRV] [THREAD] get hild fail, try again
11-11 18:32:06.933   363   363 I hwservicemanager: getTransport: Cannot find entry vendor.mediatek.hardware.videotelephony@1.0::IVideoTelephony/default in either framework or device VINTF manifest.
11-11 18:32:07.266  2317  2689 W droid.bluetooth: system/gd/hci/acl_manager/le_impl.h:1458 OnPause: le_impl :: AckPause
11-11 18:32:07.267  2317  2689 I bluetooth: system/gd/hci/le_advertising_manager.cc:1602 OnPause: address_manager_registered=true
11-11 18:32:07.269   797   797 D [BT]    : mtk_bt_op: BT_VND_OP_LPM_WAKE_SET_STATE
11-11 18:32:07.288  2317  2689 I bluetooth: system/gd/hci/le_address_manager.cc:749 OnCommandComplete: Received command complete with op_code LE_SET_RANDOM_ADDRESS(0x2005)
11-11 18:32:07.289  2317  2689 I bluetooth: system/gd/hci/le_address_manager.cc:770 OnCommandComplete: update random address : xx:xx:xx:xx:7d:db
11-11 18:32:07.289  2317  2689 I bluetooth: system/gd/hci/le_address_manager.cc:372 resume_registered_clients: Resuming registered clients
11-11 18:32:07.289  2317  2689 W droid.bluetooth: system/gd/hci/acl_manager/le_impl.h:1478 OnResume: le_impl :: AckResume
11-11 18:32:07.289  2317  2689 I bluetooth: system/gd/hci/le_advertising_manager.cc:1649 OnResume: address_manager_registered=true
11-11 18:32:07.435  1046  1300 W VT      : [SRV] [THREAD] get hild fail, try again
11-11 18:32:07.436   363   363 I hwservicemanager: getTransport: Cannot find entry vendor.mediatek.hardware.videotelephony@1.0::IVideoTelephony/default in either framework or device VINTF manifest.
11-11 18:32:07.912  2355  2996 I EPDG -- SIM0 [SMARTWIFI]: isProfiling, hash=26797213, started=true
11-11 18:32:07.912  2355  2996 W Settings: Setting wifi_on has moved from android.provider.Settings.System to android.provider.Settings.Secure, returning read-only value.
11-11 18:32:07.912  2355  2996 W Settings: Setting wifi_on has moved from android.provider.Settings.Secure to android.provider.Settings.Global.
11-11 18:32:07.916  2355  2996 I EPDG -- SIM0 [SMARTWIFI]: isProfiling, hash=26797213, started=true
11-11 18:32:07.916  2355  2996 I EPDG -- SIM0 [SMARTWIFI]: Rssi : -29 highrange : -75 lowrange : -85 mIsRssiInHystersis : false
11-11 18:32:07.917  2355  2996 I EPDG -- SIM0 [SMARTWIFI]: getHandoverThresholdMet: value is: false
11-11 18:32:07.937  1046  1300 W VT      : [SRV] [THREAD] get hild fail, try again
11-11 18:32:07.938   363   363 I hwservicemanager: getTransport: Cannot find entry vendor.mediatek.hardware.videotelephony@1.0::IVideoTelephony/default in either framework or device VINTF manifest.
11-11 18:32:08.439  1046  1300 W VT      : [SRV] [THREAD] get hild fail, try again
11-11 18:32:08.440   363   363 I hwservicemanager: getTransport: Cannot find entry vendor.mediatek.hardware.videotelephony@1.0::IVideoTelephony/default in either framework or device VINTF manifest.
11-11 18:32:08.942  1046  1300 W VT      : [SRV] [THREAD] get hild fail, try again
11-11 18:32:08.943   363   363 I hwservicemanager: getTransport: Cannot find entry vendor.mediatek.hardware.videotelephony@1.0::IVideoTelephony/default in either framework or device VINTF manifest.
11-11 18:32:09.036   519   519 D io_stats: !@ Read_top(KB): earchbox:search(31676) 160
11-11 18:32:09.037   519   519 D io_stats: !@ Write_top(KB): kworker/u16:0:/(32525) 84
11-11 18:32:09.444  1046  1300 W VT      : [SRV] [THREAD] get hild fail, try again
11-11 18:32:09.445   363   363 I hwservicemanager: getTransport: Cannot find entry vendor.mediatek.hardware.videotelephony@1.0::IVideoTelephony/default in either framework or device VINTF manifest.
11-11 18:32:09.707  1960  1960 I wpa_supplicant: Heartbeat 11047
11-11 18:32:09.947  1046  1300 W VT      : [SRV] [THREAD] get hild fail, try again
11-11 18:32:09.948   363   363 I hwservicemanager: getTransport: Cannot find entry vendor.mediatek.hardware.videotelephony@1.0::IVideoTelephony/default in either framework or device VINTF manifest.
11-11 18:32:10.176   610 32696 I keystore2: system/security/keystore2/watchdog/src/lib.rs:319 - Watchdog thread idle -> terminating. Have a great day.
11-11 18:32:10.258  1494  1571 D MARsPolicyManager: triggerAction called!
11-11 18:32:10.258  1494  1571 I NSLocationMonitor: getGPSUsingApps() called
11-11 18:32:10.258  1494  1571 W NSLocationMonitor: NSMonitorService is not connected, return null
11-11 18:32:10.449  1046  1300 W VT      : [SRV] [THREAD] get hild fail, try again
11-11 18:32:10.450   363   363 I hwservicemanager: getTransport: Cannot find entry vendor.mediatek.hardware.videotelephony@1.0::IVideoTelephony/default in either framework or device VINTF manifest.
11-11 18:32:10.627 32702 32702 I vtservice_aidl: [VT][SRV]before VTService_AiDL_instantiate
11-11 18:32:10.629 32702 32702 E vtservice_aidl: [VT][SRV] VideoTelephony AIDL add service failed!!
11-11 18:32:10.629 32702 32702 I vtservice_aidl: [VT][SRV] VideoTelephony : aidl service is terminating...
11-11 18:32:10.939  2355  2996 I EPDG -- SIM0 [SMARTWIFI]: isProfiling, hash=26797213, started=true
11-11 18:32:10.939  2355  2996 W Settings: Setting wifi_on has moved from android.provider.Settings.System to android.provider.Settings.Secure, returning read-only value.
11-11 18:32:10.939  2355  2996 W Settings: Setting wifi_on has moved from android.provider.Settings.Secure to android.provider.Settings.Global.
11-11 18:32:10.940  2355  2996 I EPDG -- SIM0 [SMARTWIFI]: isProfiling, hash=26797213, started=true
11-11 18:32:10.940  2355  2996 I EPDG -- SIM0 [SMARTWIFI]: Rssi : -31 highrange : -75 lowrange : -85 mIsRssiInHystersis : false
11-11 18:32:10.940  2355  2996 I EPDG -- SIM0 [SMARTWIFI]: getHandoverThresholdMet: value is: false
11-11 18:32:10.951  1046  1300 W VT      : [SRV] [THREAD] get hild fail, try again
11-11 18:32:10.952   363   363 I hwservicemanager: getTransport: Cannot find entry vendor.mediatek.hardware.videotelephony@1.0::IVideoTelephony/default in either framework or device VINTF manifest.
11-11 18:32:11.039  1153  1153 I thermal_repeater: socket -1
11-11 18:32:11.453  1046  1300 W VT      : [SRV] [THREAD] get hild fail, try again
11-11 18:32:11.454   363   363 I hwservicemanager: getTransport: Cannot find entry vendor.mediatek.hardware.videotelephony@1.0::IVideoTelephony/default in either framework or device VINTF manifest.
11-11 18:32:11.955  1046  1300 W VT      : [SRV] [THREAD] get hild fail, try again
11-11 18:32:11.956   363   363 I hwservicemanager: getTransport: Cannot find entry vendor.mediatek.hardware.videotelephony@1.0::IVideoTelephony/default in either framework or device VINTF manifest.
11-11 18:32:12.458  1046  1300 W VT      : [SRV] [THREAD] get hild fail, try again
11-11 18:32:12.459   363   363 I hwservicemanager: getTransport: Cannot find entry vendor.mediatek.hardware.videotelephony@1.0::IVideoTelephony/default in either framework or device VINTF manifest.
11-11 18:32:12.960  1046  1300 W VT      : [SRV] [THREAD] get hild fail, try again
11-11 18:32:12.961   363   363 I hwservicemanager: getTransport: Cannot find entry vendor.mediatek.hardware.videotelephony@1.0::IVideoTelephony/default in either framework or device VINTF manifest.
11-11 18:32:13.462  1046  1300 W VT      : [SRV] [THREAD] get hild fail, try again
11-11 18:32:13.463   363   363 I hwservicemanager: getTransport: Cannot find entry vendor.mediatek.hardware.videotelephony@1.0::IVideoTelephony/default in either framework or device VINTF manifest.
11-11 18:32:13.962  2355  2996 I EPDG -- SIM0 [SMARTWIFI]: isProfiling, hash=26797213, started=true
11-11 18:32:13.963  2355  2996 W Settings: Setting wifi_on has moved from android.provider.Settings.System to android.provider.Settings.Secure, returning read-only value.
11-11 18:32:13.963  2355  2996 W Settings: Setting wifi_on has moved from android.provider.Settings.Secure to android.provider.Settings.Global.
11-11 18:32:13.963  2355  2996 I EPDG -- SIM0 [SMARTWIFI]: isProfiling, hash=26797213, started=true
11-11 18:32:13.963  2355  2996 I EPDG -- SIM0 [SMARTWIFI]: Rssi : -31 highrange : -75 lowrange : -85 mIsRssiInHystersis : false
11-11 18:32:13.963  2355  2996 I EPDG -- SIM0 [SMARTWIFI]: getHandoverThresholdMet: value is: false
11-11 18:32:13.965  1046  1300 W VT      : [SRV] [THREAD] get hild fail, try again
11-11 18:32:13.966   363   363 I hwservicemanager: getTransport: Cannot find entry vendor.mediatek.hardware.videotelephony@1.0::IVideoTelephony/default in either framework or device VINTF manifest.
11-11 18:32:14.423  1494  9299 W ProcessStats: Tracking association SourceState{d9ec79b com.biopeakai.performance/10329 Top #183241} whose proc state 1 is better than process ProcessState{bb391b4 com.google.android.gms.persistent/10196 pkg=com.google.android.gms} proc state 2 (13 skipped)
11-11 18:32:14.455 32553 32703 I kai.performance: hiddenapi: Accessing hidden method Ldalvik/system/VMStack;->getStackClass2()Ljava/lang/Class; (runtime_flags=0, domain=core-platform, api=unsupported) from LWV/r6; (domain=app) using reflection: allowed
11-11 18:32:14.463 32553 32703 E FilePhenotypeFlags: Config package com.google.android.gms.clearcut_client#com.biopeakai.performance cannot use FILE backing without declarative registration. See go/phenotype-android-integration#phenotype for more information. This will lead to stale flags.
11-11 18:32:14.466  1046  1300 W VT      : [SRV] [THREAD] get hild fail, try again
11-11 18:32:14.467   363   363 I hwservicemanager: getTransport: Cannot find entry vendor.mediatek.hardware.videotelephony@1.0::IVideoTelephony/default in either framework or device VINTF manifest.
11-11 18:32:14.968  1046  1300 W VT      : [SRV] [THREAD] get hild fail, try again
11-11 18:32:14.969   363   363 I hwservicemanager: getTransport: Cannot find entry vendor.mediatek.hardware.videotelephony@1.0::IVideoTelephony/default in either framework or device VINTF manifest.
11-11 18:32:15.040   519   519 D io_stats: !@ 179,0 r 10531309 243081306 w 1928017 35499616 d 194829 41684724 f 626853 506806 iot 3100740 0 th 0 0 0 pt 0 inp 0 0 91027.147
11-11 18:32:15.204   611   611 W keymint_tee: [WRN]begin req PARAMS: A32, BM2, PD64, 
11-11 18:32:15.207   611   611 D android.hardware.security.keymint-service: begin: ret 0
11-11 18:32:15.208   610   610 I keystore2: system/security/keystore2/src/security_level.rs:454 - In create_operation. Success to create IKeystoreOperation. 10258, None
11-11 18:32:15.212   611   611 D android.hardware.security.keymint-service: update: ret 0
11-11 18:32:15.216   611   611 D android.hardware.security.keymint-service: finish: ret 0
11-11 18:32:15.223   611   611 W keymint_tee: [WRN]begin req PARAMS: A32, BM2, PD64, 
11-11 18:32:15.228   611   611 D android.hardware.security.keymint-service: begin: ret 0
11-11 18:32:15.230   610   610 I keystore2: system/security/keystore2/src/security_level.rs:454 - In create_operation. Success to create IKeystoreOperation. 10258, None
11-11 18:32:15.234   611   611 D android.hardware.security.keymint-service: update: ret 0
11-11 18:32:15.238   611   611 D android.hardware.security.keymint-service: finish: ret 0
11-11 18:32:15.246  1494  1935 D NetdEventListenerService: DNS Requested by 120, 10258(com.microsoft.office.outlook), 4(FAIL), isBlocked=true, 0ms
11-11 18:32:15.281  1494  1571 D MARsPolicyManager: triggerAction called!
11-11 18:32:15.281  1494  1571 I NSLocationMonitor: getGPSUsingApps() called
11-11 18:32:15.281  1494  1571 W NSLocationMonitor: NSMonitorService is not connected, return null
11-11 18:32:15.470  1046  1300 W VT      : [SRV] [THREAD] get hild fail, try again
11-11 18:32:15.471   363   363 I hwservicemanager: getTransport: Cannot find entry vendor.mediatek.hardware.videotelephony@1.0::IVideoTelephony/default in either framework or device VINTF manifest.
11-11 18:32:15.651 32706 32706 I vtservice_aidl: [VT][SRV]before VTService_AiDL_instantiate
11-11 18:32:15.653 32706 32706 E vtservice_aidl: [VT][SRV] VideoTelephony AIDL add service failed!!
11-11 18:32:15.653 32706 32706 I vtservice_aidl: [VT][SRV] VideoTelephony : aidl service is terminating...
11-11 18:32:15.972  1046  1300 W VT      : [SRV] [THREAD] get hild fail, try again
11-11 18:32:15.973   363   363 I hwservicemanager: getTransport: Cannot find entry vendor.mediatek.hardware.videotelephony@1.0::IVideoTelephony/default in either framework or device VINTF manifest.
11-11 18:32:16.040  1153  1153 I thermal_repeater: socket -1
11-11 18:32:16.475  1046  1300 W VT      : [SRV] [THREAD] get hild fail, try again
11-11 18:32:16.476   363   363 I hwservicemanager: getTransport: Cannot find entry vendor.mediatek.hardware.videotelephony@1.0::IVideoTelephony/default in either framework or device VINTF manifest.
11-11 18:32:16.977  1046  1300 W VT      : [SRV] [THREAD] get hild fail, try again
11-11 18:32:16.978   363   363 I hwservicemanager: getTransport: Cannot find entry vendor.mediatek.hardware.videotelephony@1.0::IVideoTelephony/default in either framework or device VINTF manifest.
11-11 18:32:16.986  2355  2996 I EPDG -- SIM0 [SMARTWIFI]: isProfiling, hash=26797213, started=true
11-11 18:32:16.987  2355  2996 W Settings: Setting wifi_on has moved from android.provider.Settings.System to android.provider.Settings.Secure, returning read-only value.
11-11 18:32:16.987  2355  2996 W Settings: Setting wifi_on has moved from android.provider.Settings.Secure to android.provider.Settings.Global.
11-11 18:32:16.987  2355  2996 I EPDG -- SIM0 [SMARTWIFI]: isProfiling, hash=26797213, started=true
11-11 18:32:16.987  2355  2996 I EPDG -- SIM0 [SMARTWIFI]: Rssi : -31 highrange : -75 lowrange : -85 mIsRssiInHystersis : false
11-11 18:32:16.987  2355  2996 I EPDG -- SIM0 [SMARTWIFI]: getHandoverThresholdMet: value is: false
11-11 18:32:17.042   519   519 D io_stats: !@ Read_top(KB): kai.performance(32553) 200 .gms.persistent(352) 12 ocessService0:0(32594) 8
11-11 18:32:17.042   519   519 D io_stats: !@ Write_top(KB): kworker/u16:0:/(32525) 440 kai.performance(32553) 32 henticator:auth(32064) 12
11-11 18:32:17.300   797  2709 D [BT]    : mtk_bt_op: BT_VND_OP_LPM_WAKE_SET_STATE
11-11 18:32:17.479  1046  1300 W VT      : [SRV] [THREAD] get hild fail, try again
11-11 18:32:17.480   363   363 I hwservicemanager: getTransport: Cannot find entry vendor.mediatek.hardware.videotelephony@1.0::IVideoTelephony/default in either framework or device VINTF manifest.
11-11 18:32:17.981  1046  1300 W VT      : [SRV] [THREAD] get hild fail, try again
11-11 18:32:17.982   363   363 I hwservicemanager: getTransport: Cannot find entry vendor.mediatek.hardware.videotelephony@1.0::IVideoTelephony/default in either framework or device VINTF manifest.
11-11 18:32:18.165   890   905 D ccci_mdinit: (1):monitor_time_update_thread round:15312 ########
11-11 18:32:18.483  1046  1300 W VT      : [SRV] [THREAD] get hild fail, try again
11-11 18:32:18.485   363   363 I hwservicemanager: getTransport: Cannot find entry vendor.mediatek.hardware.videotelephony@1.0::IVideoTelephony/default in either framework or device VINTF manifest.
