11-11 18:31:48.055 32553 32553 D ConnectivityManager: StackLog: [android.net.ConnectivityManager.sendRequestForNetwork(ConnectivityManager.java:4736)] [android.net.ConnectivityManager.sendRequestForNetwork(ConnectivityManager.java:4904)] [android.net.ConnectivityManager.registerNetworkCallback(ConnectivityManager.java:5321)] [WV.km1.e(chromium-TrichromeWebViewGoogle6432.aab-stable-739012233:86)] [WV.km1.a(chromium-TrichromeWebViewGoogle6432.aab-stable-739012233:1)] [org.chromium.android_webview.AwContentsLifecycleNotifier.onFirstWebViewCreated(chromium-TrichromeWebViewGoogle6432.aab-stable-739012233:19)] [J.N.JJ(Native Method)] [org.chromium.android_webview.AwContents.<init>(chromium-TrichromeWebViewGoogle6432.aab-stable-739012233:619)] [com.android.webview.chromium.k.run(chromium-TrichromeWebViewGoogle6432.aab-stable-739012233:163)] [WV.d23.run(chromium-TrichromeWebViewGoogle6432.aab-stable-739012233:13)] [org.chromium.base.task.PostTask.d(chromium-TrichromeWebViewGoogle6432.aab-stable-739012233:18)] [WV.e23.a(chromium-TrichromeWebViewGoogle6432.aab-stable-739012233:18)] [com.android.webview.chromium.WebViewChromiumFactoryProvider.a(chromium-TrichromeWebViewGoogle6432.aab-stable-739012233:3)] [com.android.webview.chromium.WebViewChromium.init(chromium-TrichromeWebViewGoogle6432.aab-stable-739012233:334)] [android.webkit.WebView.<init>(WebView.java:446)] [android.webkit.WebView.<init>(WebView.java:366)] [android.webkit.WebView.<init>(WebView.java:348)] [android.webkit.WebView.<init>(WebView.java:335)] [com.getcapacitor.CapacitorWebView.<init>(CapacitorWebView.java:22)] [java.lang.reflect.Constructor.newInstance0(Native Method)] [java.lang.reflect.Constructor.newInstance(Constructor.java:343)] [android.view.LayoutInflater.createView(LayoutInflater.java:758)] [android.view.LayoutInflater.createViewFromTag(LayoutInflater.java:910)] [android.view.LayoutInflater.createViewFromTag(LayoutInflater.java:865)] [android.view.LayoutInflater.rInflate(LayoutInflater.java:1027)] [android.view.LayoutInflater.rInflateChildren(LayoutInflater.java:988)] [android.view.LayoutInflater.inflate(LayoutInflater.java:576)] [android.view.LayoutInflater.inflate(LayoutInflater.java:468)] [android.view.LayoutInflater.inflate(LayoutInflater.java:419)] [androidx.appcompat.app.AppCompatDelegateImpl.setContentView(AppCompatDelegateImpl.java:775)] [androidx.appcompat.app.AppCompatActivity.setContentView(AppCompatActivity.java:197)] [com.getcapacitor.BridgeActivity.onCreate(BridgeActivity.java:28)] [com.biopeakai.performance.MainActivity.onCreate(MainActivity.java:15)] [android.app.Activity.performCreate(Activity.java:9363)] [android.app.Activity.performCreate(Activity.java:9332)] [android.app.Instrumentation.callActivityOnCreate(Instrumentation.java:1526)] [android.app.ActivityThread.performLaunchActivity(ActivityThread.java:4440)] [android.app.ActivityThread.handleLaunchActivity(ActivityThread.java:4689)] [android.app.servertransaction.LaunchActivityItem.execute(LaunchActivityItem.java:112)] [android.app.servertransaction.TransactionExecutor.executeNonLifecycleItem(TransactionExecutor.java:174)] [android.app.servertransaction.TransactionExecutor.executeTransactionItems(TransactionExecutor.java:109)] [android.app.servertransaction.TransactionExecutor.execute(TransactionExecutor.java:81)] [android.app.ActivityThread$H.handleMessage(ActivityThread.java:2899)]
11-11 18:31:48.059  1494  2309 D CompatChangeReporter: Compat change id reported: 319212206; UID 10329; state: ENABLED
11-11 18:31:48.063  1494  1779 D ConnectivityService: Rematched networks [computed 0ms] [applied 1ms] [issued 2]
11-11 18:31:48.063  1494  1779 D ConnectivityService: NetworkReassignment : no changes
11-11 18:31:48.150 32553 32553 D CompatChangeReporter: Compat change id reported: 352594277; UID 10329; state: ENABLED
11-11 18:31:48.150   890   905 D ccci_mdinit: (1):monitor_time_update_thread round:15311 ########
11-11 18:31:48.227 32553 32553 D Capacitor: Starting BridgeActivity
11-11 18:31:48.290 32553 32553 D Capacitor: Registering plugin instance: CapacitorCookies
11-11 18:31:48.305 32553 32553 D Capacitor: Registering plugin instance: WebView
11-11 18:31:48.313 32553 32553 D Capacitor: Registering plugin instance: CapacitorHttp
11-11 18:31:48.321 32553 32553 D Capacitor: Registering plugin instance: BackgroundGeolocation
11-11 18:31:48.336 32553 32553 D Capacitor: Registering plugin instance: App
11-11 18:31:48.343 32553 32553 D Capacitor: Registering plugin instance: Browser
11-11 18:31:48.352 32553 32553 D Capacitor: Registering plugin instance: Camera
11-11 18:31:48.357  1046  1300 W VT      : [SRV] [THREAD] get hild fail, try again
11-11 18:31:48.358   363   363 I hwservicemanager: getTransport: Cannot find entry vendor.mediatek.hardware.videotelephony@1.0::IVideoTelephony/default in either framework or device VINTF manifest.
11-11 18:31:48.362 32553 32553 D Capacitor: Registering plugin instance: Device
11-11 18:31:48.369 32553 32553 D Capacitor: Registering plugin instance: Geolocation
11-11 18:31:48.447 32553 32553 D Capacitor: Registering plugin instance: LocalNotifications
11-11 18:31:48.462 32553 32553 D Capacitor: Registering plugin instance: Preferences
11-11 18:31:48.473 32553 32553 D Capacitor: Registering plugin instance: ForegroundService
11-11 18:31:48.483 32553 32553 D Capacitor: Registering plugin instance: Purchases
11-11 18:31:48.567 32553 32553 W Capacitor: Unable to read file at path public/plugins
11-11 18:31:48.581 32553 32553 D Capacitor: Loading app at https://localhost
11-11 18:31:48.635 32553 32644 D libMEOW : meow new tls: 0xb40000759b2805c0
11-11 18:31:48.635 32553 32644 D libMEOW : applied 1 plugins for [com.biopeakai.performance]:
11-11 18:31:48.635 32553 32644 D libMEOW :   plugin 1: [libMEOW_gift.so]:
11-11 18:31:48.643 32553 32613 W cr_media: BLUETOOTH_CONNECT permission is missing.
11-11 18:31:48.653 32553 32613 W cr_media: getBluetoothAdapter() requires BLUETOOTH permission
11-11 18:31:48.656 32553 32613 W cr_media: registerBluetoothIntentsIfNeeded: Requires BLUETOOTH permission
11-11 18:31:48.664 32553 32553 D MainActivity:  Registering inline plugins...
11-11 18:31:48.664 32553 32553 D MainActivity:  Inline plugins registered successfully
11-11 18:31:48.667 32553 32607 D Capacitor: Handling local request: https://localhost/
11-11 18:31:48.675 32594 32604 I cr_LibraryLoader: Successfully loaded native library
11-11 18:31:48.678 32594 32604 I cr_CachingUmaRecorder: Flushed 2 samples from 2 histograms, 0 samples were dropped.
11-11 18:31:48.680 32594 32604 W chromium: [WARNING:content/app/android/content_main_android.cc:82] android_setCpu already initialized
11-11 18:31:48.691  8735  8869 I SDHMS:l : no app is Resumed!!! mResumedPackages.size = 0
11-11 18:31:48.709 32553 32553 D Capacitor: App started
11-11 18:31:48.712 32594 32604 W chromium: [WARNING:content/child/runtime_features.cc:559] Fenced frames cannot be enabled in this configuration. Use --enable-features=FencedFrames instead.
11-11 18:31:48.712 32594 32604 W chromium: [WARNING:content/child/runtime_features.cc:584] Topics cannot be enabled in this configuration. Use --enable-features=BrowsingTopics in addition.
11-11 18:31:48.712 32594 32604 W chromium: [WARNING:content/child/runtime_features.cc:605] SharedStorage cannot be enabled in this configuration. Use --enable-features=SharedStorageAPI in addition.
11-11 18:31:48.716 32553 32553 W WindowOnBackDispatcher: OnBackInvokedCallback is not enabled for the application.
11-11 18:31:48.716 32553 32553 W WindowOnBackDispatcher: Set 'android:enableOnBackInvokedCallback="true"' in the application manifest.
11-11 18:31:48.725 32553 32553 D Capacitor/AppPlugin: Firing change: true
11-11 18:31:48.726 32553 32553 V Capacitor/AppPlugin: Notifying listeners for event appStateChange
11-11 18:31:48.726 32553 32553 D Capacitor/AppPlugin: No listeners found for event appStateChange
11-11 18:31:48.741 32553 32553 V Capacitor/BrowserPlugin: Notifying listeners for event browserFinished
11-11 18:31:48.742 32553 32553 D Capacitor/BrowserPlugin: No listeners found for event browserFinished
11-11 18:31:48.742 32553 32553 D Capacitor: App resumed
11-11 18:31:48.752   878  1293 D SurfaceFlinger: [SF client] NEW(0xb400007d1d2c3f80) for (32553:com.biopeakai.performance)
11-11 18:31:48.765 32553 32553 I ViewRootImpl: dVRR is disabled
11-11 18:31:48.769 32553 32553 D HardwareRenderer: onDisplayChanged. displayId=0 current wxh=720x1600 mLargest wxh=0x0
11-11 18:31:48.770 32553 32553 W HWUI    : Unknown dataspace 0
11-11 18:31:48.771 32553 32571 D HWUI    : setMaxSurfaceArea requested wxh=(720,1600) requestedSurfaceArea(1152000) is smaller than defaultSurfaceArea(2073600). Use default.
11-11 18:31:48.771 32553 32553 D HardwareRenderer: Set largestWidth and largestHeight as logical resolution. (720x1600)
11-11 18:31:48.774 32553 32571 D NativeCustomFrequencyManager: [NativeCFMS] BpCustomFrequencyManager::BpCustomFrequencyManager()
11-11 18:31:48.784  1494  9334 D InputTransport: Input channel constructed: '9ea4f63', fd=994
11-11 18:31:48.784  1494  9334 D InputTransport: Input channel constructed: '9ea4f63', fd=996
11-11 18:31:48.785  1494  9334 D InputTransport: Input channel constructed: '9ea4f63', fd=997
11-11 18:31:48.788   878  1293 D SurfaceFlinger: [SF client] NEW(0xb400007d42099980) for (1494:system_server)
11-11 18:31:48.789  1494  9334 D WindowManager: prepareSync <SYNC_STATE_WAITING_FOR_DRAW>, mPrepareSyncSeqId=0, win=Window{9ea4f63 u0 com.biopeakai.performance/com.biopeakai.performance.MainActivity}
11-11 18:31:48.791   878  1293 I BufferQueueDebug: [9ea4f63 com.biopeakai.performance/com.biopeakai.performance.MainActivity#3338](this:0xb400007d1006b898,id:-1,api:0,p:-1,c:-1) BufferQueue core=(878:/system/bin/surfaceflinger)
11-11 18:31:48.792   878  1293 I SurfaceFlinger: id=3338 createSurf, flag=84004, 9ea4f63 com.biopeakai.performance/com.biopeakai.performance.MainActivity#3338
11-11 18:31:48.792  1494  9334 D RestrictionPolicy: isScreenCaptureEnabled : ret=true userId=0
11-11 18:31:48.793  1494  9334 D RestrictionPolicy: isScreenCaptureEnabled : ret=true userId=0
11-11 18:31:48.794  1494  9334 D InputTransport: Input channel destroyed: '9ea4f63', fd=997
11-11 18:31:48.795 32553 32553 D InputTransport: Input channel constructed: '9ea4f63', fd=200
11-11 18:31:48.801 32553 32553 I InsetsController: onStateChanged: host=com.biopeakai.performance/com.biopeakai.performance.MainActivity, from=android.view.ViewRootImpl.setView:1999, state=InsetsState: {mDisplayFrame=Rect(0, 0 - 720, 1600), mDisplayCutout=DisplayCutout{insets=Rect(0, 43 - 0, 0) waterfall=Insets{left=0, top=0, right=0, bottom=0} boundingRect={Bounds=[Rect(0, 0 - 0, 0), Rect(320, 0 - 400, 43), Rect(0, 0 - 0, 0), Rect(0, 0 - 0, 0)]} cutoutPathParserInfo={CutoutPathParserInfo{displayWidth=720 displayHeight=1600 physicalDisplayWidth=720 physicalDisplayHeight=1600 density={1.875} cutoutSpec={M 0,0 H -21.33333333333333 V 22.93333333333333 H 21.33333333333333 V 0 H 0 Z @dp} rotation={0} scale={1.0} physicalPixelDisplaySizeRatio={1.0}}} sideOverrides={}}, mRoundedCorners=RoundedCorners{[RoundedCorner{position=TopLeft, radius=68, center=Point(68, 68)}, RoundedCorner{position=TopRight, radius=68, center=Point(652, 68)}, RoundedCorner{position=BottomRight, radius=68, center=Point(652, 1532)}, RoundedCorner{position=BottomLeft, radius=68, center=Point(68, 1532)}]}  mRoundedCornerFrame=Rect(0, 0 - 720, 1600), mPrivacyIndicatorBounds=PrivacyIndicatorBounds {static bounds=Rect(637, 0 - 720, 43) rotation=0}, mDisplayShape=DisplayShape{ spec=-311912193 displayWidth=720 displayHeight=1600 physicalPixelDisplaySizeRatio=1.0 rotation=0 offsetX=0 offsetY=0 scale=1.0}, mSources= { InsetsSource: {3 mType=ime mFrame=[0,0][0,0] mVisible=false mFlags= mSideHint=NONE mBoundingRects=null}, InsetsSource: {27 mType=displayCutout mFrame=[0,0][720,43] mVisible=true mFlags= mSideHint=TOP mBoundingRects=null}, InsetsSource: {4b00001 mType=navigationBars mFrame=[0,1510][720,1600] mVisible=false mFlags= mSideHint=BOTTOM mBoundingRects=null}, InsetsSource: {4b00004 mType=systemGestures mFrame=[0,0][0,0] mVisible=true mFlags= mSideHint=NONE mBoundingRects=null}, InsetsSource: {4b00005 mType=mandatorySystemGestures mFrame=[0,1510][720,1600] mVisible=true mFlags= mSideHint=BOTTOM mBoundingRects=null}, InsetsSource: {4b00006 mType=tappableElement mFrame=[0,1510][720,1600] mVisible=true mFlags= mSideHint=BOTTOM mBoundingRects=null}, InsetsSource: {4b00024 mType=systemGestures mFrame=[0,0][0,0] mVisible=true mFlags= mSideHint=NONE mBoundingRects=null}, InsetsSource: {4c020000 mType=statusBars mFrame=[0,0][720,43] mVisible=true mFlags= mSideHint=TOP mBoundingRects=null}, InsetsSource: {4c020005 mType=mandatorySystemGestures mFrame=[0,0][720,66] mVisible=true mFlags= mSideHint=TOP mBoundingRects=null}, InsetsSource: {4c020006 mType=tappableElement mFrame=[0,0][720,43] mVisible=true mFlags= mSideHint=TOP mBoundingRects=null} }
11-11 18:31:48.806 32553 32553 I VRI[MainActivity]@e158424: synced displayState. AttachInfo displayState=1
11-11 18:31:48.807 32553 32553 I VRI[MainActivity]@e158424: setView = com.android.internal.policy.DecorView@338be90 IsHRR=false TM=true
11-11 18:31:48.842 32553 32653 I CameraManagerGlobal: Connecting to camera service
11-11 18:31:48.848 32553 32653 D VendorTagDescriptor: addVendorDescriptor: vendor tag id 8932615658386372252 added
11-11 18:31:48.849  1083  2304 D CameraService: addListenerHelper: Add listener 0xb400007f007ff9c0, uid: 10329, pid: 32553
11-11 18:31:48.852  1083  2304 I CameraService: getUidProcessState uid(10329) = (11)
11-11 18:31:48.856  1083  2304 D CameraService: addListenerHelper: CameraDeviceState for CameraManager
11-11 18:31:48.858  1046  1300 W VT      : [SRV] [THREAD] get hild fail, try again
11-11 18:31:48.859   363   363 I hwservicemanager: getTransport: Cannot find entry vendor.mediatek.hardware.videotelephony@1.0::IVideoTelephony/default in either framework or device VINTF manifest.
11-11 18:31:48.866 32553 32553 V Capacitor/AppPlugin: Notifying listeners for event pause
11-11 18:31:48.866 32553 32553 D Capacitor/AppPlugin: No listeners found for event pause
11-11 18:31:48.868 32553 32565 I CameraManagerGlobal: Camera 0 facing CAMERA_FACING_BACK state now CAMERA_STATE_CLOSED for client com.sec.android.app.camerasaver API Level 2 User Id 0Device Id 0
11-11 18:31:48.870 32553 32565 I CameraManagerGlobal: Camera 1 facing CAMERA_FACING_FRONT state now CAMERA_STATE_CLOSED for client android.system API Level 2 User Id 0Device Id 0
11-11 18:31:48.872 32553 32565 I CameraManagerGlobal: Camera 24 facing CAMERA_FACING_BACK state now CAMERA_STATE_CLOSED for client android.system API Level 2 User Id 0Device Id 0
11-11 18:31:48.874 32553 32565 I CameraManagerGlobal: Camera 37 facing CAMERA_FACING_BACK state now CAMERA_STATE_CLOSED for client android.system API Level 2 User Id 0Device Id 0
11-11 18:31:48.876 32553 32564 I CameraManagerGlobal: Camera 5 facing CAMERA_FACING_FRONT state now CAMERA_STATE_CLOSED for client android.system API Level 2 User Id 0Device Id 0
11-11 18:31:48.878 32553 32564 I CameraManagerGlobal: Camera 80 facing CAMERA_FACING_BACK state now CAMERA_STATE_CLOSED for client android.system API Level 2 User Id 0Device Id 0
11-11 18:31:48.882 32553 32653 I CameraManager: registerAvailabilityCallback: Is device callback = false
11-11 18:31:48.889 32553 32553 D Capacitor: App paused
11-11 18:31:48.899 32553 32653 I CameraManagerGlobal: postSingleUpdate device: camera id 0 status STATUS_PRESENT
11-11 18:31:48.904 32553 32653 I CameraManagerGlobal: postSingleUpdate device: camera id 1 status STATUS_PRESENT
11-11 18:31:48.921   352  1614 I FontLog : (REDACTED) Received query %s, URI %s
11-11 18:31:48.921  1494  9334 I BroadcastQueue: BOOT_COMPLETED_BROADCAST_COMPLETION_LATENCY_REPORTED action:android.intent.action.BOOT_COMPLETED dispatchLatency:584 completeLatency:2295 dispatchRealLatency:584 completeRealLatency:2295 receiversSize:1 userId:0 userType:android.os.usertype.full.SYSTEM
11-11 18:31:48.922   352  1614 I FontLog : (REDACTED) Query [%s] resolved to %s
11-11 18:31:48.926  1083  2304 I CameraService: onUidStateChanged: uid=10329, procState is changed. (11 -> 10)
11-11 18:31:48.931   352  1614 I FontLog : (REDACTED) Font PFD returned from cache for %s
11-11 18:31:48.931   352  1614 I FontLog : (REDACTED) Fetch %s end status %s
11-11 18:31:48.946   352  1610 I FontLog : (REDACTED) Pulling font file for id = %d, cache size = %d
11-11 18:31:48.964  1494  9334 W ProcessStats: Tracking association SourceState{801cb42 com.biopeakai.performance/10329 Top #183207} whose proc state 1 is better than process ProcessState{bb391b4 com.google.android.gms.persistent/10196 pkg=com.google.android.gms} proc state 2 (53 skipped)
11-11 18:31:48.965  1083  2304 I CameraService: onUidStateChanged: uid=10329, procState is changed. (10 -> 12)
11-11 18:31:48.968   352  1614 I FontLog : (REDACTED) Received query %s, URI %s
11-11 18:31:48.969   352  1614 I FontLog : (REDACTED) Query [%s] resolved to %s
11-11 18:31:48.974 32553 32571 D HWUI    : HWUI - treat SMPTE_170M as sRGB
11-11 18:31:48.976   352  1614 I FontLog : (REDACTED) Fetch %s end status %s
11-11 18:31:48.982   352  1610 I FontLog : (REDACTED) Pulling font file for id = %d, cache size = %d
11-11 18:31:48.997   352  1614 I FontLog : (REDACTED) Received query %s, URI %s
11-11 18:31:48.997   352  1614 I FontLog : (REDACTED) Query [%s] resolved to %s
11-11 18:31:48.999   352  1614 I FontLog : (REDACTED) Font PFD returned from cache for %s
11-11 18:31:49.000   352  1614 I FontLog : (REDACTED) Fetch %s end status %s
11-11 18:31:49.009   352  1614 I FontLog : (REDACTED) Pulling font file for id = %d, cache size = %d
11-11 18:31:49.023   519   519 D io_stats: !@ 179,0 r 10526262 243006034 w 1927894 35493664 d 194829 41684724 f 626843 506780 iot 3099500 0 th 0 0 0 pt 0 inp 0 1 91001.130
11-11 18:31:49.023   519   519 D io_stats: !@ Read_top(KB): kai.performance(32553) 9076 re-initialized>(32553) 8232 ocessService0:0(32594) 2828
11-11 18:31:49.023   519   519 D io_stats: !@ Write_top(KB): f2fs_ckpt-254:5(630) 456 .office.outlook(31993) 444 kworker/5:1:/(15886) 112
11-11 18:31:49.025   352  1614 I FontLog : (REDACTED) Received query %s, URI %s
11-11 18:31:49.025   352  1614 I FontLog : (REDACTED) Query [%s] resolved to %s
11-11 18:31:49.027   352  1614 I FontLog : (REDACTED) Font PFD returned from cache for %s
11-11 18:31:49.027   352  1614 I FontLog : (REDACTED) Fetch %s end status %s
11-11 18:31:49.033 32553 32608 D Capacitor: Handling local request: https://localhost/assets/index-CE6Mp6AS.js
11-11 18:31:49.034 32553 32614 D Capacitor: Handling local request: https://localhost/assets/vendor-DNPOn2WF.js
11-11 18:31:49.036   352  1614 I FontLog : (REDACTED) Pulling font file for id = %d, cache size = %d
11-11 18:31:49.040 32553 32618 D Capacitor: Handling local request: https://localhost/assets/index-9hD3Tfo8.css
11-11 18:31:49.043 32553 32612 D Capacitor: Handling local request: https://localhost/assets/ui-CScHjbTr.js
11-11 18:31:49.043  1494  9334 D CoreBackPreview: Window{9ea4f63 u0 com.biopeakai.performance/com.biopeakai.performance.MainActivity}: Setting back callback OnBackInvokedCallbackInfo{mCallback=android.window.IOnBackInvokedCallback$Stub$Proxy@aa93dbc, mPriority=0, mIsAnimationCallback=false}
11-11 18:31:49.051  1494  9334 V WindowManager: Relayout Window{9ea4f63 u0 com.biopeakai.performance/com.biopeakai.performance.MainActivity}: viewVisibility=0 req=720x1600 ty=1 d0
11-11 18:31:49.053   878  1293 I BufferQueueDebug: [com.biopeakai.performance/com.biopeakai.performance.MainActivity$_32553#3339](this:0xb400007d1006e898,id:-1,api:0,p:-1,c:-1) BufferQueue core=(878:/system/bin/surfaceflinger)
11-11 18:31:49.054   878  1293 I SurfaceFlinger: id=3339 createSurf, flag=44004, com.biopeakai.performance/com.biopeakai.performance.MainActivity$_32553#3339
11-11 18:31:49.055  1494  9334 D WindowManager: makeSurface duration=3 name=com.biopeakai.performance/com.biopeakai.performance.MainActivity$_32553
11-11 18:31:49.057  1494  9334 D BLASTSyncEngine: SyncGroup 355:  Unfinished container: ActivityRecord{242c75e u0 com.biopeakai.performance/.MainActivity t587} mSyncState=2
11-11 18:31:49.059   352  1614 I FontLog : (REDACTED) Received query %s, URI %s
11-11 18:31:49.059  1494  9334 V WindowManager: SyncGroup 355: Finished!
11-11 18:31:49.059   352  1614 I FontLog : (REDACTED) Query [%s] resolved to %s
11-11 18:31:49.059  1494  9334 D ChangeTransitionController: onTransactionReady: TransitionRecord{4c19899 id=355 type=OPEN flags=0x0}
11-11 18:31:49.060  1494  9334 V WindowManager: Start calculating TransitionInfo based on participants: {ActivityRecord{242c75e u0 com.biopeakai.performance/.MainActivity t587}, Task{fe1b73f #587 type=standard A=10329:com.biopeakai.performance}}
11-11 18:31:49.061   352  1614 I FontLog : (REDACTED) Font PFD returned from cache for %s
11-11 18:31:49.061   352  1614 I FontLog : (REDACTED) Fetch %s end status %s
11-11 18:31:49.062  1494  9334 V WindowManager:   Final targets: []
11-11 18:31:49.063  1494  9334 V WindowManager: Calling onTransitionReady: {id=355 t=OPEN f=0x40 trk=0 r=[] c=[]}
11-11 18:31:49.065  1494  1520 V WindowManager: Sent Transition (#355) createdAt=11-11 18:31:46.431 via request=TransitionRequestInfo { type = OPEN, triggerTask = TaskInfo{userId=0 taskId=587 displayId=0 isRunning=true baseIntent=Intent { flg=0x10000000 cmp=com.biopeakai.performance/.MainActivity } baseActivity=ComponentInfo{com.biopeakai.performance/com.biopeakai.performance.MainActivity} topActivity=ComponentInfo{com.biopeakai.performance/com.biopeakai.performance.MainActivity} origActivity=null realActivity=ComponentInfo{com.biopeakai.performance/com.biopeakai.performance.MainActivity} numActivities=1 lastActiveTime=463457606 supportsMultiWindow=true resizeMode=1 isResizeable=true minWidth=-1 minHeight=-1 maxWidth=-1 maxHeight=-1 defaultMinSize=220 token=WCT{RemoteToken{646c145 Task{fe1b73f #587 type=standard A=10329:com.biopeakai.performance}}} topActivityType=1 pictureInPictureParams=null shouldDockBigOverlays=false launchIntoPipHostTaskId=-1 lastParentTaskIdBeforePip=-1 displayCutoutSafeInsets=Rect(0, 43 - 0, 0) topActivityInfo=ActivityInfo{b61809a com.biopeakai.performance.MainActivity} launchCookies=[] positionInParent=Point(0, 0) parentTaskId=-1 isFocused=false isVisible=false isVisibleRequested=false isSleeping=true topActivityInSizeCompat=false locusId=null displayAreaFeatureId=1 isTopActivityTransparent=false isTopActivityStyleFloating=false appCompatTaskInfo=AppCompatTaskInfo { topActivityInSizeCompat=false eligibleForLetterboxEducation= false isLetterboxEducationEnabled= false isLetterboxDoubleTapEnabled= false eligibleForUserAspectRatioButton= false topActivityBoundsLetterboxed= false isFromLetterboxDoubleTap= false topActivityLetterboxVerticalPosition= -1 topActivityLetterboxHorizontalPosition= -1 topActivityLetterboxWidth=720 topActivityLetterboxHeight=1600 topActivityLetterboxAppWidth=720 topActivityLetterboxAppHeight=1600 isUserFullscreenOverrideEnabled=false isSystemFullscreenOverrideEnabled=false hasMinAspectRatioOverride=false cameraCompatTaskInfo=CameraCompatTaskInfo { freeformCameraCompatMode=inactive} topActivityBounds=null topActivityInDisplayCompat=false} originallySupportedMultiWindow=true hasWallpaper=false rootAffinity=10329:com.biopeakai.performance isTopTaskInStage=false topActivityUiMode=17 CoverLauncherWidgetTask=false isAllowedSeamlessRotation=false isTopTransparentActivity=false snappingGuideBounds=null isAliasManaged=false hasConfigChanged=false isAiKeyRemoveAppTask=false}, pipTask = null, remoteTransition = null, displayChange = null, flags = 0, debugId = 355 }
11-11 18:31:49.065  1494  1520 V WindowManager:     startWCT=WindowContainerTransaction { changes = {} hops = [] errorCallbackToken=null taskFragmentOrganizer=null }
11-11 18:31:49.065  1494  1520 V WindowManager:     info={id=355 t=OPEN f=0x40 trk=0 r=[] c=[]}
11-11 18:31:49.065  1494  9334 V WindowManager: Relayout hash=9ea4f63, pid=32553, syncId=-1: mAttrs={(0,0)(fillxfill) sim={adjust=resize forwardNavigation} layoutInDisplayCutoutMode=always ty=BASE_APPLICATION wanim=0x1030312
11-11 18:31:49.065  1494  9334 V WindowManager:   fl=81810100
11-11 18:31:49.065  1494  9334 V WindowManager:   pfl=100088c0
11-11 18:31:49.065  1494  9334 V WindowManager:   apr=210
11-11 18:31:49.065  1494  9334 V WindowManager:   bhv=1
11-11 18:31:49.065  1494  9334 V WindowManager:   fitSides=0
11-11 18:31:49.065  1494  9334 V WindowManager:   frameRateBoostOnTouch=true
11-11 18:31:49.065  1494  9334 V WindowManager:   dvrrWindowFrameRateHint=true naviIconColor=0
11-11 18:31:49.065  1494  9334 V WindowManager:   sfl=100000}
11-11 18:31:49.065 32553 32623 W AudioCapabilities: Unsupported mime audio/x-ima
11-11 18:31:49.067  1987  2311 V WindowManagerShell: onTransitionReady(transaction=6416681156562)
11-11 18:31:49.069   352  1614 I FontLog : (REDACTED) Pulling font file for id = %d, cache size = %d
11-11 18:31:49.069  1987  2174 V WindowManagerShell: onTransitionReady (#355) android.os.BinderProxy@b585a71: {id=355 t=OPEN f=0x40 trk=0 r=[] c=[]}
11-11 18:31:49.070  1987  2174 V WindowManagerShell: No transition roots in (#355) android.os.BinderProxy@b585a71@0 so abort
11-11 18:31:49.071  1494  1523 I ActivityManager: Changes in 10091 5 to 6, 56 to 0
11-11 18:31:49.072  1494  1523 I ActivityManager: Changes in 5026 5 to 6, 56 to 0
11-11 18:31:49.073  1083  2304 I CameraService: onUidStateChanged: uid=10091, procState is changed. (5 -> 6)
11-11 18:31:49.075  1083  2304 I CameraService: onUidStateChanged: uid=10058, procState is changed. (5 -> 1)
11-11 18:31:49.076 32553 32553 D BufferQueueConsumer: [](id:7f2900000000,api:0,p:-1,c:32553) connect: controlledByApp=false
11-11 18:31:49.078  1987  2174 I SurfaceControlRegistry: apply, t=StartTransaction_SyncId<355>, caller=android.view.SurfaceControl$Transaction.apply:3135 android.view.SurfaceControl$Transaction.apply:3122 android.view.SurfaceControl$Transaction.apply:3078 com.android.wm.shell.transition.Transitions.processReadyQueue:240 com.android.wm.shell.transition.Transitions.onAbort:54 com.android.wm.shell.transition.Transitions.dispatchReady:225 
11-11 18:31:49.079  1987  2174 V WindowManagerShell: Transition animation finished (aborted=true), notifying core (#355) android.os.BinderProxy@b585a71@0
11-11 18:31:49.079  1494  1830 I MR2ServiceImpl: Updating composite discovery preference | preference: RouteDiscoveryRequest{ preferredFeatures={}, activeScan=false }, active routers: []
11-11 18:31:49.081  1987  2174 I SurfaceControlRegistry: apply, t=FinishTransaction_SyncId<355>, caller=android.view.SurfaceControl$Transaction.apply:3135 android.view.SurfaceControl$Transaction.apply:3122 android.view.SurfaceControl$Transaction.apply:3078 com.android.wm.shell.transition.Transitions.onFinish:308 com.android.wm.shell.transition.Transitions.processReadyQueue:246 com.android.wm.shell.transition.Transitions.onAbort:54 
11-11 18:31:49.083 32553 32553 I BLASTBufferQueue: [VRI[MainActivity]@e158424#0](f:0,a:0,s:0) constructor()
11-11 18:31:49.083  1494  2309 V WindowManager: Finish Transition: TransitionRecord{4c19899 id=355 type=OPEN flags=0x40}, caller=com.android.server.wm.WindowOrganizerController.finishTransitionInner:26 com.android.server.wm.WindowOrganizerController.finishAllTransitions:59 android.window.IWindowOrganizerController$Stub.onTransact:311 
11-11 18:31:49.083 32553 32623 W AudioCapabilities: Unsupported mime audio/mpeg-L1
11-11 18:31:49.084  1494  1520 V WindowManager: Finish Transition (#355): created at 11-11 18:31:46.431 collect-started=0.867ms request-sent=26.421ms started=41.137ms ready=747.373ms sent=2632.108ms finished=2652.243ms
11-11 18:31:49.084 32553 32553 I BLASTBufferQueue_Java: new BLASTBufferQueue, mName= VRI[MainActivity]@e158424 mNativeObject= 0xb4000075aa387000 sc.mNativeObject= 0xb4000075aa2e1b40 caller= android.view.ViewRootImpl.updateBlastSurfaceIfNeeded:3397 android.view.ViewRootImpl.relayoutWindow:11361 android.view.ViewRootImpl.performTraversals:4544 android.view.ViewRootImpl.doTraversal:3708 android.view.ViewRootImpl$TraversalRunnable.run:12542 android.view.Choreographer$CallbackRecord.run:1751 android.view.Choreographer$CallbackRecord.run:1760 android.view.Choreographer.doCallbacks:1216 android.view.Choreographer.doFrame:1142 android.view.Choreographer$FrameDisplayEventReceiver.run:1707 
11-11 18:31:49.085  1494  1523 I ActivityManager: Changes in 10091 6 to 5, 0 to 56
11-11 18:31:49.085 32553 32553 I BLASTBufferQueue_Java: update, w= 720 h= 1600 mName = VRI[MainActivity]@e158424 mNativeObject= 0xb4000075aa387000 sc.mNativeObject= 0xb4000075aa2e1b40 format= -1 caller= android.graphics.BLASTBufferQueue.<init>:88 android.view.ViewRootImpl.updateBlastSurfaceIfNeeded:3397 android.view.ViewRootImpl.relayoutWindow:11361 android.view.ViewRootImpl.performTraversals:4544 android.view.ViewRootImpl.doTraversal:3708 android.view.ViewRootImpl$TraversalRunnable.run:12542 
11-11 18:31:49.085 32553 32553 I BLASTBufferQueue: [VRI[MainActivity]@e158424#0](f:0,a:0,s:0) update width=720 height=1600 format=-1 mTransformHint=0
11-11 18:31:49.086  1083  2304 I CameraService: onUidStateChanged: uid=10091, procState is changed. (6 -> 5)
11-11 18:31:49.087  1494  2309 D ChangeTransitionController: onTransitionFinished: TransitionRecord{4c19899 id=355 type=OPEN flags=0x40}
11-11 18:31:49.088  1494  1523 I ActivityManager: Changes in 5026 6 to 5, 0 to 56
11-11 18:31:49.088  1987  2174 V WindowManagerShell: Track 0 became idle
11-11 18:31:49.088  1987  2174 V WindowManagerShell: All active transition animations finished
11-11 18:31:49.090 32553 32623 W AudioCapabilities: Unsupported mime audio/mpeg-L2
11-11 18:31:49.093 32553 32623 W VideoCapabilities: Unsupported mime video/wvc1
11-11 18:31:49.093  1083  2304 I CameraService: onUidStateChanged: uid=10058, procState is changed. (1 -> 5)
11-11 18:31:49.095  1494  1830 I MR2ServiceImpl: Updating composite discovery preference | preference: RouteDiscoveryRequest{ preferredFeatures={}, activeScan=false }, active routers: []
11-11 18:31:49.096  1494  3431 W UserManagerService: Requested status bar icon for non-badged user 0
11-11 18:31:49.099 32553 32553 E FBI     : Can't load library: dlopen failed: library "libmagtsync.so" not found
11-11 18:31:49.100 32553 32553 I VRI[MainActivity]@e158424: Relayout returned: old=(0,0,720,1600) new=(0,0,720,1600) relayoutAsync=false req=(720,1600)0 dur=26 res=0x3 s={true 0xb40000760978e800} ch=true seqId=0
11-11 18:31:49.101 32553 32623 W VideoCapabilities: Unsupported mime video/x-ms-wmv
11-11 18:31:49.104 32553 32553 D VRI[MainActivity]@e158424: mThreadedRenderer.initialize() mSurface={isValid=true 0xb40000760978e800} hwInitialized=true
11-11 18:31:49.113 32553 32553 D VRI[MainActivity]@e158424: reportNextDraw android.view.ViewRootImpl.performTraversals:5193 android.view.ViewRootImpl.doTraversal:3708 android.view.ViewRootImpl$TraversalRunnable.run:12542 android.view.Choreographer$CallbackRecord.run:1751 android.view.Choreographer$CallbackRecord.run:1760 
11-11 18:31:49.114 32553 32553 D VRI[MainActivity]@e158424: Setup new sync=wmsSync-VRI[MainActivity]@e158424#0
11-11 18:31:49.114 32553 32553 I VRI[MainActivity]@e158424: Creating new active sync group VRI[MainActivity]@e158424#1
11-11 18:31:49.119 32553 32553 D VRI[MainActivity]@e158424: registerCallbacksForSync syncBuffer=false
11-11 18:31:49.136 32553 32553 I View    : setRequestedFrameRate frameRate=-4.0, this=com.getcapacitor.CapacitorWebView{6239fa VFEDHVC.. .F...... 0,0-720,1600 #7f0801cc app:id/webview}, caller=WV.ef.b:1 WV.fg.h:118 WV.fg.onDraw:7 com.android.webview.chromium.WebViewChromium.onDraw:35 android.webkit.WebView.onDraw:2959 
11-11 18:31:49.145 32553 32571 D kai.performance: Can't load libmbrainSDK
11-11 18:31:49.147 32553 32667 D VRI[MainActivity]@e158424: Received frameDrawingCallback syncResult=0 frameNum=1.
11-11 18:31:49.149 32553 32667 I VRI[MainActivity]@e158424: mWNT: t=0xb4000075a91e0b00 mBlastBufferQueue=0xb4000075aa387000 fn= 1 HdrRenderState mRenderHdrSdrRatio=1.0 caller= android.view.ViewRootImpl$11.onFrameDraw:15016 android.view.ThreadedRenderer$1.onFrameDraw:761 <bottom of call stack> 
11-11 18:31:49.149 32553 32667 I VRI[MainActivity]@e158424: Setting up sync and frameCommitCallback
11-11 18:31:49.218 32553 32571 I GrallocExtra: gralloc_extra_query:is_SW3D 0
11-11 18:31:49.220 32553 32571 I BLASTBufferQueue: [VRI[MainActivity]@e158424#0](f:0,a:0,s:0) onFrameAvailable the first frame is available
11-11 18:31:49.221 32553 32571 I GrallocExtra: gralloc_extra_query:is_SW3D 0
11-11 18:31:49.223 32553 32571 I BLASTBufferQueue: [VRI[MainActivity]@e158424#0](f:0,a:1,s:0) acquireNextBufferLocked size=720x1600 mFrameNumber=1 applyTransaction=true mTimestamp=91001327436191(auto) mPendingTransactions.size=0 graphicBufferId=139814070386690 transform=0
11-11 18:31:49.224 32553 32571 D kai.performance: Can't load libmbrainSDK
11-11 18:31:49.226 32553 32571 I VRI[MainActivity]@e158424: Received frameCommittedCallback lastAttemptedDrawFrameNum=1 didProduceBuffer=true
11-11 18:31:49.229 32553 32571 D HWUI    : CFMS:: SetUp Pid : 32553    Tid : 32571
11-11 18:31:49.232 32553 32553 D VRI[MainActivity]@e158424: reportDrawFinished seqId=0
11-11 18:31:49.233  1494  2309 D WindowManager: finishDrawingWindow: Window{9ea4f63 u0 com.biopeakai.performance/com.biopeakai.performance.MainActivity} mDrawState=DRAW_PENDING seqId=0
11-11 18:31:49.238 32553 32571 D HWUI    : CacheManager::trimMemory(20)
11-11 18:31:49.238 32553 32571 I GED     : ged_boost_gpu_freq, level 100, eOrigin 2, final_idx 31, oppidx_max 31, oppidx_min 0
11-11 18:31:49.247  1494  1520 D [secipm]: mSecIpmManager report to nap
11-11 18:31:49.247  1494  1520 I PkgPredictorService-SecIpmManagerServiceImpl: reportToNAP uid:10329 com.biopeakai.performance/com.biopeakai.performance.MainActivity thisTime:2819
11-11 18:31:49.247  1494  1520 D PkgPredictorService-SecIpmManagerServiceImpl: reportToNAP: mHeavyLaunchCounter is false
11-11 18:31:49.248  1494  3090 D PkgPredictorService-SecIpmManagerServiceImpl: ACTION_FOREGROUND_FINISH_EVENT sCurForegroundApp :com.biopeakai.performance
11-11 18:31:49.255  1494  1520 I ActivityTaskManager: Displayed com.biopeakai.performance/.MainActivity for user 0: +2s819ms
11-11 18:31:49.255  1494  1520 I Pageboost: Launch time gathered : pid 32553 com.biopeakai.performance 2819
11-11 18:31:49.255  3209  3209 E pageboostd: Received HALT command code 2
11-11 18:31:49.268 32553 32553 I kai.performance: hiddenapi: Accessing hidden field Landroid/content/pm/ApplicationInfo;->primaryCpuAbi:Ljava/lang/String; (runtime_flags=0, domain=platform, api=unsupported) from Lorg/chromium/android_webview/SystemStateUtil; (domain=app) using reflection: allowed
11-11 18:31:49.289 32553 32553 D VRI[MainActivity]@e158424: Not drawing due to screen off
11-11 18:31:49.295 32553 32553 I VRI[MainActivity]@e158424: stopped(true) old = false
11-11 18:31:49.295 32553 32553 D VRI[MainActivity]@e158424: WindowStopped on com.biopeakai.performance/com.biopeakai.performance.MainActivity set to true
11-11 18:31:49.295 32553 32571 D HWUI    : CacheManager::trimMemory(20)
11-11 18:31:49.295 32553 32571 I GED     : ged_boost_gpu_freq, level 100, eOrigin 2, final_idx 31, oppidx_max 31, oppidx_min 0
11-11 18:31:49.302 32553 32623 W VideoCapabilities: Unrecognized profile/level 32768/256 for video/mp4v-es
11-11 18:31:49.304 32553 32553 D Capacitor/AppPlugin: Firing change: false
11-11 18:31:49.305 32553 32553 V Capacitor/AppPlugin: Notifying listeners for event appStateChange
11-11 18:31:49.305 32553 32553 D Capacitor/AppPlugin: No listeners found for event appStateChange
11-11 18:31:49.305 32553 32553 D Capacitor: App stopped
11-11 18:31:49.306 32553 32623 W VideoCapabilities: Unrecognized profile/level 32768/256 for video/mp4v-es
11-11 18:31:49.308 32553 32553 D Capacitor: Saving instance state!
11-11 18:31:49.326 32553 32571 I BLASTBufferQueue: [VRI[MainActivity]@e158424#0](f:0,a:1,s:0) destructor()
11-11 18:31:49.327 32553 32571 D BufferQueueConsumer: [VRI[MainActivity]@e158424#0(BLAST Consumer)0](id:7f2900000000,api:0,p:-1,c:32553) disconnect
11-11 18:31:49.328 32553 32571 D HWUI    : CacheManager::trimMemory(20)
11-11 18:31:49.331 32553 32571 I GED     : ged_boost_gpu_freq, level 100, eOrigin 2, final_idx 31, oppidx_max 31, oppidx_min 0
11-11 18:31:49.334  1494  3431 V WindowManager: Relayout Window{9ea4f63 u0 com.biopeakai.performance/com.biopeakai.performance.MainActivity}: viewVisibility=4 req=720x1600 ty=1 d0
11-11 18:31:49.336  1494  3431 V WindowManager: Relayout hash=9ea4f63, pid=32553, syncId=-1: mAttrs={(0,0)(fillxfill) sim={adjust=pan forwardNavigation} layoutInDisplayCutoutMode=always ty=BASE_APPLICATION wanim=0x1030312
11-11 18:31:49.336  1494  3431 V WindowManager:   fl=81810100
11-11 18:31:49.336  1494  3431 V WindowManager:   pfl=100088c0
11-11 18:31:49.336  1494  3431 V WindowManager:   apr=210
11-11 18:31:49.336  1494  3431 V WindowManager:   bhv=1
11-11 18:31:49.336  1494  3431 V WindowManager:   fitSides=0
11-11 18:31:49.336  1494  3431 V WindowManager:   frameRateBoostOnTouch=true
11-11 18:31:49.336  1494  3431 V WindowManager:   dvrrWindowFrameRateHint=true naviIconColor=0
11-11 18:31:49.336  1494  3431 V WindowManager:   sfl=100000}
11-11 18:31:49.338   352  1614 I FontLog : (REDACTED) Received query %s, URI %s
11-11 18:31:49.339   352  1614 I FontLog : (REDACTED) Query [%s] resolved to %s
11-11 18:31:49.342   352  1614 I FontLog : (REDACTED) Fetch %s end status %s
11-11 18:31:49.347 32553 32553 I VRI[MainActivity]@e158424: Relayout returned: old=(0,0,720,1600) new=(0,0,720,1600) relayoutAsync=false req=(720,1600)4 dur=13 res=0x2 s={false 0x0} ch=false seqId=0
11-11 18:31:49.347 32553 32553 D VRI[MainActivity]@e158424: Not drawing due to not visible. Reason=View.INVISIBLE
11-11 18:31:49.354  1494  1523 D SGM:FgCheckThread: getForegroundApp(), foregroundPkgName=com.biopeakai.performance
11-11 18:31:49.354  1494  2309 V WindowManager: Setting visibility of Window{9ea4f63 u0 com.biopeakai.performance/com.biopeakai.performance.MainActivity}: false, caller=com.android.server.wm.WindowContainer.sendAppVisibilityToClients:19 com.android.server.wm.WindowToken.setClientVisible:49 com.android.server.wm.ActivityRecord.setClientVisible:8 com.android.server.wm.ActivityRecord.activityStopped:201 com.android.server.wm.ActivityClientController.activityStopped:95 
11-11 18:31:49.354  1494  1523 D SGM:FgCheckThread: pkgName: com.biopeakai.performance is not in foreground
11-11 18:31:49.355  1494  2309 E WindowManager: win=Window{9ea4f63 u0 com.biopeakai.performance/com.biopeakai.performance.MainActivity} destroySurfaces: appStopped=true cleanupOnResume=false win.mWindowRemovalAllowed=false win.mRemoveOnExit=false win.mViewVisibility=4 caller=com.android.server.wm.ActivityRecord.destroySurfaces:25 com.android.server.wm.ActivityRecord.activityStopped:204 com.android.server.wm.ActivityClientController.activityStopped:95 android.app.IActivityClientController$Stub.onTransact:722 com.android.server.wm.ActivityClientController.onTransact:1 android.os.Binder.execTransactInternal:1541 android.os.Binder.execTransact:1480 
11-11 18:31:49.356  1494  2309 I WindowManager: Destroying surface Surface(name=com.biopeakai.performance/com.biopeakai.performance.MainActivity$_32553)/@0xeeb8ba7 called by com.android.server.wm.WindowStateAnimator.destroySurface:11 com.android.server.wm.WindowStateAnimator.destroySurfaceLocked:54 com.android.server.wm.WindowState.destroySurfaceUnchecked:5 com.android.server.wm.WindowState.destroySurface:126 com.android.server.wm.ActivityRecord.destroySurfaces:25 com.android.server.wm.ActivityRecord.activityStopped:204 com.android.server.wm.ActivityClientController.activityStopped:95 android.app.IActivityClientController$Stub.onTransact:722 
11-11 18:31:49.357 32553 32553 I VRI[MainActivity]@e158424: handleAppVisibility mAppVisible = true visible = false
11-11 18:31:49.357   352  1614 I FontLog : (REDACTED) Pulling font file for id = %d, cache size = %d
11-11 18:31:49.360  1046  1300 W VT      : [SRV] [THREAD] get hild fail, try again
11-11 18:31:49.361   363   363 I hwservicemanager: getTransport: Cannot find entry vendor.mediatek.hardware.videotelephony@1.0::IVideoTelephony/default in either framework or device VINTF manifest.
11-11 18:31:49.361   878   878 I SurfaceFlinger: onHandleDestroyed: name=com.biopeakai.performance/com.biopeakai.performance.MainActivity$_32553#3339, layerId=3339, parentId=0
11-11 18:31:49.362   878   878 I SurfaceFlinger: id=3339 Removed com.biopeakai.performance/com.biopeakai.performance.MainActivity$_32553#3339 (113)
11-11 18:31:49.367 32553 32623 W VideoCapabilities: Unrecognized profile/level 32768/256 for video/mp4v-es
11-11 18:31:49.377   352  1614 I FontLog : (REDACTED) Pulling font file for id = %d, cache size = %d
11-11 18:31:49.378   878   878 I Layer   : id=3339 Destroyed com.biopeakai.performance/com.biopeakai.performance.MainActivity$_32553#3339
11-11 18:31:49.378   878   878 I BufferQueueDebug: [com.biopeakai.performance/com.biopeakai.performance.MainActivity$_32553#3339](this:0xb400007d1006e898,id:-1,api:0,p:-1,c:878) onDestructor()
11-11 18:31:49.655  1494  1935 D NetdEventListenerService: DNS Requested by 120, 10329(com.biopeakai.performance), SUCCESS, 359ms
11-11 18:31:49.655  1494  1935 D NetdEventListenerService: DNS Requested by 120, 10329(com.biopeakai.performance), SUCCESS, 360ms
11-11 18:31:49.686  1960  1960 I wpa_supplicant: Heartbeat 11045
11-11 18:31:49.794  2355  2996 I EPDG -- SIM0 [SMARTWIFI]: isProfiling, hash=26797213, started=true
11-11 18:31:49.795  2355  2996 W Settings: Setting wifi_on has moved from android.provider.Settings.System to android.provider.Settings.Secure, returning read-only value.
11-11 18:31:49.795  2355  2996 W Settings: Setting wifi_on has moved from android.provider.Settings.Secure to android.provider.Settings.Global.
11-11 18:31:49.798  2355  2996 I EPDG -- SIM0 [SMARTWIFI]: isProfiling, hash=26797213, started=true
11-11 18:31:49.798  2355  2996 I EPDG -- SIM0 [SMARTWIFI]: Rssi : -30 highrange : -75 lowrange : -85 mIsRssiInHystersis : false
11-11 18:31:49.798  2355  2996 I EPDG -- SIM0 [SMARTWIFI]: getHandoverThresholdMet: value is: false
11-11 18:31:49.854 32553 32608 W kai.performance: Long monitor contention with owner ThreadPoolForeg (32614) at java.lang.Object libcore.content.type.MimeMap$MemoizingSupplier.get()(MimeMap.java:475) waiters=0 in java.lang.Object libcore.content.type.MimeMap$MemoizingSupplier.get() for 804ms
11-11 18:31:49.855 32553 32612 W kai.performance: Long monitor contention with owner ThreadPoolForeg (32614) at java.lang.Object libcore.content.type.MimeMap$MemoizingSupplier.get()(MimeMap.java:475) waiters=1 in java.lang.Object libcore.content.type.MimeMap$MemoizingSupplier.get() for 804ms
11-11 18:31:49.856 32553 32618 W kai.performance: Long monitor contention with owner ThreadPoolForeg (32614) at java.lang.Object libcore.content.type.MimeMap$MemoizingSupplier.get()(MimeMap.java:475) waiters=2 in java.lang.Object libcore.content.type.MimeMap$MemoizingSupplier.get() for 805ms
11-11 18:31:49.861  1046  1300 W VT      : [SRV] [THREAD] get hild fail, try again
11-11 18:31:49.862   363   363 I hwservicemanager: getTransport: Cannot find entry vendor.mediatek.hardware.videotelephony@1.0::IVideoTelephony/default in either framework or device VINTF manifest.
11-11 18:31:50.167  1494  1571 D MARsPolicyManager: triggerAction called!
11-11 18:31:50.167  1494  1571 I NSLocationMonitor: getGPSUsingApps() called
11-11 18:31:50.167  1494  1571 W NSLocationMonitor: NSMonitorService is not connected, return null
11-11 18:31:50.362  1046  1300 W VT      : [SRV] [THREAD] get hild fail, try again
11-11 18:31:50.363   363   363 I hwservicemanager: getTransport: Cannot find entry vendor.mediatek.hardware.videotelephony@1.0::IVideoTelephony/default in either framework or device VINTF manifest.
11-11 18:31:50.569 32684 32684 I vtservice_aidl: [VT][SRV]before VTService_AiDL_instantiate
11-11 18:31:50.571 32684 32684 E vtservice_aidl: [VT][SRV] VideoTelephony AIDL add service failed!!
11-11 18:31:50.571 32684 32684 I vtservice_aidl: [VT][SRV] VideoTelephony : aidl service is terminating...
11-11 18:31:50.864  1046  1300 W VT      : [SRV] [THREAD] get hild fail, try again
11-11 18:31:50.864   363   363 I hwservicemanager: getTransport: Cannot find entry vendor.mediatek.hardware.videotelephony@1.0::IVideoTelephony/default in either framework or device VINTF manifest.
11-11 18:31:51.024   519   519 D io_stats: !@ 179,0 r 10530673 243071898 w 1927906 35493720 d 194829 41684724 f 626847 506786 iot 3100536 0 th 0 0 0 pt 0 inp 0 0 91003.131
11-11 18:31:51.034  1153  1153 I thermal_repeater: socket -1
11-11 18:31:51.347 32553 32553 I Capacitor/Console: File: https://localhost/assets/index-CE6Mp6AS.js - Line 7745 - Msg: [Supabase] Initializing client for platform: android, isNative: true
11-11 18:31:51.365  1046  1300 W VT      : [SRV] [THREAD] get hild fail, try again
11-11 18:31:51.366   363   363 I hwservicemanager: getTransport: Cannot find entry vendor.mediatek.hardware.videotelephony@1.0::IVideoTelephony/default in either framework or device VINTF manifest.
11-11 18:31:51.547 32553 32553 I Capacitor/Console: File: https://localhost/assets/index-CE6Mp6AS.js - Line 8007 - Msg: [BioPeakHealthKit] JS Wrapper v3.0 loaded with CAPBridgedPlugin
11-11 18:31:51.586 32553 32557 I kai.performance: Compiler allocated 7416KB to compile void android.view.ViewRootImpl.performTraversals()
11-11 18:31:51.672 32553 32553 I Capacitor/Console: File: https://localhost/assets/index-CE6Mp6AS.js - Line 8072 - Msg:  Platform detection: [object Object]
11-11 18:31:51.705 32553 32553 I Capacitor/Console: File: https://localhost/assets/index-CE6Mp6AS.js - Line 7745 - Msg:  NATIVE PERMISSIONS DEBUG: [object Object]
11-11 18:31:51.746 32553 32553 I Capacitor/Console: File: https://localhost/assets/index-CE6Mp6AS.js - Line 7745 - Msg: [Survey] No user found, skipping survey check
11-11 18:31:51.749 32553 32553 I Capacitor/Console: File: https://localhost/assets/index-CE6Mp6AS.js - Line 8072 - Msg:  [App] Registering deep link listener...
11-11 18:31:51.785 32553 32553 V Capacitor/Plugin: To native (Capacitor plugin): callbackId: 86130852, pluginId: Device, methodName: getInfo
11-11 18:31:51.786 32553 32553 V Capacitor: callback: 86130852, pluginId: Device, methodName: getInfo, methodData: {}
11-11 18:31:51.787 32553 32553 I Capacitor/Console: File: https://localhost/assets/index-CE6Mp6AS.js - Line 8072 - Msg:  Platform detection: [object Object]
11-11 18:31:51.790 32553 32553 V Capacitor/Plugin: To native (Capacitor plugin): callbackId: 86130853, pluginId: App, methodName: addListener
11-11 18:31:51.790 32553 32553 V Capacitor: callback: 86130853, pluginId: App, methodName: addListener, methodData: {"eventName":"appUrlOpen"}
11-11 18:31:51.791 32553 32553 I Capacitor/Console: File: https://localhost/assets/index-CE6Mp6AS.js - Line 7745 - Msg:  NATIVE PERMISSIONS DEBUG: [object Object]
11-11 18:31:51.803 32553 32553 V Capacitor/Plugin: To native (Capacitor plugin): callbackId: 86130854, pluginId: Device, methodName: getInfo
11-11 18:31:51.804 32553 32553 V Capacitor: callback: 86130854, pluginId: Device, methodName: getInfo, methodData: {}
11-11 18:31:51.810 32553 32607 D Capacitor: Handling local request: https://localhost/assets/index-CgpvQvXf.js
11-11 18:31:51.817 32553 32608 D Capacitor: Handling local request: https://localhost/lovable-uploads/ff33ae7e-c56d-4f43-8adc-d5733ad44f11.png
11-11 18:31:51.821 32553 32553 V Capacitor/Plugin: To native (Capacitor plugin): callbackId: 86130855, pluginId: Geolocation, methodName: checkPermissions
11-11 18:31:51.821 32553 32553 V Capacitor: callback: 86130855, pluginId: Geolocation, methodName: checkPermissions, methodData: {}
11-11 18:31:51.823 32553 32553 I Capacitor/Console: File: https://localhost/assets/index-CE6Mp6AS.js - Line 7745 - Msg:  NATIVE PERMISSIONS DEBUG: [object Object]
11-11 18:31:51.825 32553 32553 V Capacitor/Plugin: To native (Capacitor plugin): callbackId: 86130856, pluginId: Geolocation, methodName: checkPermissions
11-11 18:31:51.825 32553 32553 V Capacitor: callback: 86130856, pluginId: Geolocation, methodName: checkPermissions, methodData: {}
11-11 18:31:51.826 32553 32608 D Capacitor: Handling local request: https://localhost/lovable-uploads/ff33ae7e-c56d-4f43-8adc-d5733ad44f11.png
11-11 18:31:51.836 32553 32553 V Capacitor/Plugin: To native (Capacitor plugin): callbackId: 86130857, pluginId: Preferences, methodName: get
11-11 18:31:51.837 32553 32553 V Capacitor: callback: 86130857, pluginId: Preferences, methodName: get, methodData: {"key":"sb-grcwlmltlcltmwbhdpky-auth-token-code-verifier"}
11-11 18:31:51.867  1046  1300 W VT      : [SRV] [THREAD] get hild fail, try again
11-11 18:31:51.867   363   363 I hwservicemanager: getTransport: Cannot find entry vendor.mediatek.hardware.videotelephony@1.0::IVideoTelephony/default in either framework or device VINTF manifest.
11-11 18:31:51.884 32553 32553 V Capacitor/Plugin: To native (Capacitor plugin): callbackId: 86130858, pluginId: Camera, methodName: checkPermissions
11-11 18:31:51.885 32553 32553 V Capacitor: callback: 86130858, pluginId: Camera, methodName: checkPermissions, methodData: {}
11-11 18:31:51.887 32553 32553 V Capacitor/Plugin: To native (Capacitor plugin): callbackId: 86130859, pluginId: Camera, methodName: checkPermissions
11-11 18:31:51.888 32553 32553 V Capacitor: callback: 86130859, pluginId: Camera, methodName: checkPermissions, methodData: {}
11-11 18:31:51.891 32553 32553 V Capacitor/Plugin: To native (Capacitor plugin): callbackId: 86130860, pluginId: Preferences, methodName: get
