--------- beginning of main
11-11 18:31:17.717  1046  1300 W VT      : [SRV] [THREAD] get hild fail, try again
11-11 18:31:17.718   363   363 I hwservicemanager: getTransport: Cannot find entry vendor.mediatek.hardware.videotelephony@1.0::IVideoTelephony/default in either framework or device VINTF manifest.
11-11 18:31:18.120   890   905 D ccci_mdinit: (1):monitor_time_update_thread round:15310 ########
11-11 18:31:18.219  1046  1300 W VT      : [SRV] [THREAD] get hild fail, try again
11-11 18:31:18.221   363   363 I hwservicemanager: getTransport: Cannot find entry vendor.mediatek.hardware.videotelephony@1.0::IVideoTelephony/default in either framework or device VINTF manifest.
11-11 18:31:18.721  1046  1300 W VT      : [SRV] [THREAD] get hild fail, try again
11-11 18:31:18.722   363   363 I hwservicemanager: getTransport: Cannot find entry vendor.mediatek.hardware.videotelephony@1.0::IVideoTelephony/default in either framework or device VINTF manifest.
--------- beginning of system
11-11 18:31:19.004   519   519 D io_stats: !@ 179,0 r 10525060 242978098 w 1927547 35490996 d 194829 41684724 f 626819 506702 iot 3099100 0 th 0 0 0 pt 0 inp 0 0 90971.111
11-11 18:31:19.224  1046  1300 W VT      : [SRV] [THREAD] get hild fail, try again
11-11 18:31:19.225   363   363 I hwservicemanager: getTransport: Cannot find entry vendor.mediatek.hardware.videotelephony@1.0::IVideoTelephony/default in either framework or device VINTF manifest.
11-11 18:31:19.588  2355  2996 I EPDG -- SIM0 [SMARTWIFI]: isProfiling, hash=26797213, started=true
11-11 18:31:19.588  2355  2996 W Settings: Setting wifi_on has moved from android.provider.Settings.System to android.provider.Settings.Secure, returning read-only value.
11-11 18:31:19.588  2355  2996 W Settings: Setting wifi_on has moved from android.provider.Settings.Secure to android.provider.Settings.Global.
11-11 18:31:19.589  2355  2996 I EPDG -- SIM0 [SMARTWIFI]: isProfiling, hash=26797213, started=true
11-11 18:31:19.589  2355  2996 I EPDG -- SIM0 [SMARTWIFI]: Rssi : -31 highrange : -75 lowrange : -85 mIsRssiInHystersis : false
11-11 18:31:19.589  2355  2996 I EPDG -- SIM0 [SMARTWIFI]: getHandoverThresholdMet: value is: false
11-11 18:31:19.655  1960  1960 I wpa_supplicant: Heartbeat 11042
11-11 18:31:19.726  1046  1300 W VT      : [SRV] [THREAD] get hild fail, try again
11-11 18:31:19.727   363   363 I hwservicemanager: getTransport: Cannot find entry vendor.mediatek.hardware.videotelephony@1.0::IVideoTelephony/default in either framework or device VINTF manifest.
11-11 18:31:20.034  1494  1571 D MARsPolicyManager: triggerAction called!
11-11 18:31:20.035  1494  1571 I NSLocationMonitor: getGPSUsingApps() called
11-11 18:31:20.035  1494  1571 W NSLocationMonitor: NSMonitorService is not connected, return null
11-11 18:31:20.228  1046  1300 W VT      : [SRV] [THREAD] get hild fail, try again
11-11 18:31:20.229   363   363 I hwservicemanager: getTransport: Cannot find entry vendor.mediatek.hardware.videotelephony@1.0::IVideoTelephony/default in either framework or device VINTF manifest.
11-11 18:31:20.498 32516 32516 I vtservice_aidl: [VT][SRV]before VTService_AiDL_instantiate
11-11 18:31:20.500 32516 32516 E vtservice_aidl: [VT][SRV] VideoTelephony AIDL add service failed!!
11-11 18:31:20.500 32516 32516 I vtservice_aidl: [VT][SRV] VideoTelephony : aidl service is terminating...
11-11 18:31:20.731  1046  1300 W VT      : [SRV] [THREAD] get hild fail, try again
11-11 18:31:20.732   363   363 I hwservicemanager: getTransport: Cannot find entry vendor.mediatek.hardware.videotelephony@1.0::IVideoTelephony/default in either framework or device VINTF manifest.
11-11 18:31:21.005   519   519 D io_stats: !@ Read_top(KB): .office.outlook(31993) 4
11-11 18:31:21.005   519   519 D io_stats: !@ Write_top(KB): .office.outlook(31993) 480 kworker/u16:3:/(15463) 76
11-11 18:31:21.028  1153  1153 I thermal_repeater: socket -1
11-11 18:31:21.233  1046  1300 W VT      : [SRV] [THREAD] get hild fail, try again
11-11 18:31:21.234   363   363 I hwservicemanager: getTransport: Cannot find entry vendor.mediatek.hardware.videotelephony@1.0::IVideoTelephony/default in either framework or device VINTF manifest.
11-11 18:31:21.735  1046  1300 W VT      : [SRV] [THREAD] get hild fail, try again
11-11 18:31:21.737   363   363 I hwservicemanager: getTransport: Cannot find entry vendor.mediatek.hardware.videotelephony@1.0::IVideoTelephony/default in either framework or device VINTF manifest.
11-11 18:31:22.238  1046  1300 W VT      : [SRV] [THREAD] get hild fail, try again
11-11 18:31:22.239   363   363 I hwservicemanager: getTransport: Cannot find entry vendor.mediatek.hardware.videotelephony@1.0::IVideoTelephony/default in either framework or device VINTF manifest.
11-11 18:31:22.607  2355  2996 I EPDG -- SIM0 [SMARTWIFI]: isProfiling, hash=26797213, started=true
11-11 18:31:22.607  2355  2996 W Settings: Setting wifi_on has moved from android.provider.Settings.System to android.provider.Settings.Secure, returning read-only value.
11-11 18:31:22.607  2355  2996 W Settings: Setting wifi_on has moved from android.provider.Settings.Secure to android.provider.Settings.Global.
11-11 18:31:22.608  2355  2996 I EPDG -- SIM0 [SMARTWIFI]: isProfiling, hash=26797213, started=true
11-11 18:31:22.608  2355  2996 I EPDG -- SIM0 [SMARTWIFI]: Rssi : -30 highrange : -75 lowrange : -85 mIsRssiInHystersis : false
11-11 18:31:22.608  2355  2996 I EPDG -- SIM0 [SMARTWIFI]: getHandoverThresholdMet: value is: false
11-11 18:31:22.740  1046  1300 W VT      : [SRV] [THREAD] get hild fail, try again
11-11 18:31:22.741   363   363 I hwservicemanager: getTransport: Cannot find entry vendor.mediatek.hardware.videotelephony@1.0::IVideoTelephony/default in either framework or device VINTF manifest.
11-11 18:31:23.007   519   519 D io_stats: !@ 179,0 r 10525060 242978098 w 1927657 35491620 d 194829 41684724 f 626827 506726 iot 3099104 0 th 0 0 0 pt 0 inp 0 0 90975.114
11-11 18:31:23.242  1046  1300 W VT      : [SRV] [THREAD] get hild fail, try again
11-11 18:31:23.243   363   363 I hwservicemanager: getTransport: Cannot find entry vendor.mediatek.hardware.videotelephony@1.0::IVideoTelephony/default in either framework or device VINTF manifest.
11-11 18:31:23.744  1046  1300 W VT      : [SRV] [THREAD] get hild fail, try again
11-11 18:31:23.746   363   363 I hwservicemanager: getTransport: Cannot find entry vendor.mediatek.hardware.videotelephony@1.0::IVideoTelephony/default in either framework or device VINTF manifest.
11-11 18:31:24.246  1046  1300 W VT      : [SRV] [THREAD] get hild fail, try again
11-11 18:31:24.248   363   363 I hwservicemanager: getTransport: Cannot find entry vendor.mediatek.hardware.videotelephony@1.0::IVideoTelephony/default in either framework or device VINTF manifest.
11-11 18:31:24.734   610 32511 I keystore2: system/security/keystore2/watchdog/src/lib.rs:319 - Watchdog thread idle -> terminating. Have a great day.
11-11 18:31:24.749  1046  1300 W VT      : [SRV] [THREAD] get hild fail, try again
11-11 18:31:24.750   363   363 I hwservicemanager: getTransport: Cannot find entry vendor.mediatek.hardware.videotelephony@1.0::IVideoTelephony/default in either framework or device VINTF manifest.
11-11 18:31:25.008   519   519 D io_stats: !@ Write_top(KB): f2fs_ckpt-254:5(630) 312 kworker/0:2:/(12382) 224 henticator:auth(32064) 12
11-11 18:31:25.057  1494  1571 D MARsPolicyManager: triggerAction called!
11-11 18:31:25.057  1494  1571 I NSLocationMonitor: getGPSUsingApps() called
11-11 18:31:25.057  1494  1571 W NSLocationMonitor: NSMonitorService is not connected, return null
11-11 18:31:25.251  1046  1300 W VT      : [SRV] [THREAD] get hild fail, try again
11-11 18:31:25.252   363   363 I hwservicemanager: getTransport: Cannot find entry vendor.mediatek.hardware.videotelephony@1.0::IVideoTelephony/default in either framework or device VINTF manifest.
11-11 18:31:25.386   819   873 I libPerfCtl: xgfGetFPS pid:-1 fps:0
11-11 18:31:25.386   819   873 I libPerfCtl: xgfGetFPS ioctl_ret:-1
11-11 18:31:25.503 32517 32517 I vtservice_aidl: [VT][SRV]before VTService_AiDL_instantiate
11-11 18:31:25.504 32517 32517 E vtservice_aidl: [VT][SRV] VideoTelephony AIDL add service failed!!
11-11 18:31:25.504 32517 32517 I vtservice_aidl: [VT][SRV] VideoTelephony : aidl service is terminating...
11-11 18:31:25.630  2355  2996 I EPDG -- SIM0 [SMARTWIFI]: isProfiling, hash=26797213, started=true
11-11 18:31:25.631  2355  2996 W Settings: Setting wifi_on has moved from android.provider.Settings.System to android.provider.Settings.Secure, returning read-only value.
11-11 18:31:25.631  2355  2996 W Settings: Setting wifi_on has moved from android.provider.Settings.Secure to android.provider.Settings.Global.
11-11 18:31:25.631  2355  2996 I EPDG -- SIM0 [SMARTWIFI]: isProfiling, hash=26797213, started=true
11-11 18:31:25.631  2355  2996 I EPDG -- SIM0 [SMARTWIFI]: Rssi : -29 highrange : -75 lowrange : -85 mIsRssiInHystersis : false
11-11 18:31:25.631  2355  2996 I EPDG -- SIM0 [SMARTWIFI]: getHandoverThresholdMet: value is: false
11-11 18:31:25.753  1046  1300 W VT      : [SRV] [THREAD] get hild fail, try again
11-11 18:31:25.755   363   363 I hwservicemanager: getTransport: Cannot find entry vendor.mediatek.hardware.videotelephony@1.0::IVideoTelephony/default in either framework or device VINTF manifest.
11-11 18:31:26.030  1153  1153 I thermal_repeater: socket -1
11-11 18:31:26.256  1046  1300 W VT      : [SRV] [THREAD] get hild fail, try again
11-11 18:31:26.257   363   363 I hwservicemanager: getTransport: Cannot find entry vendor.mediatek.hardware.videotelephony@1.0::IVideoTelephony/default in either framework or device VINTF manifest.
11-11 18:31:26.758  1046  1300 W VT      : [SRV] [THREAD] get hild fail, try again
11-11 18:31:26.759   363   363 I hwservicemanager: getTransport: Cannot find entry vendor.mediatek.hardware.videotelephony@1.0::IVideoTelephony/default in either framework or device VINTF manifest.
11-11 18:31:27.260  1046  1300 W VT      : [SRV] [THREAD] get hild fail, try again
11-11 18:31:27.261   363   363 I hwservicemanager: getTransport: Cannot find entry vendor.mediatek.hardware.videotelephony@1.0::IVideoTelephony/default in either framework or device VINTF manifest.
11-11 18:31:27.763  1046  1300 W VT      : [SRV] [THREAD] get hild fail, try again
11-11 18:31:27.764   363   363 I hwservicemanager: getTransport: Cannot find entry vendor.mediatek.hardware.videotelephony@1.0::IVideoTelephony/default in either framework or device VINTF manifest.
11-11 18:31:28.265  1046  1300 W VT      : [SRV] [THREAD] get hild fail, try again
11-11 18:31:28.266   363   363 I hwservicemanager: getTransport: Cannot find entry vendor.mediatek.hardware.videotelephony@1.0::IVideoTelephony/default in either framework or device VINTF manifest.
11-11 18:31:28.653  2355  2996 I EPDG -- SIM0 [SMARTWIFI]: isProfiling, hash=26797213, started=true
11-11 18:31:28.655  2355  2996 W Settings: Setting wifi_on has moved from android.provider.Settings.System to android.provider.Settings.Secure, returning read-only value.
11-11 18:31:28.655  2355  2996 W Settings: Setting wifi_on has moved from android.provider.Settings.Secure to android.provider.Settings.Global.
11-11 18:31:28.655  2355  2996 I EPDG -- SIM0 [SMARTWIFI]: isProfiling, hash=26797213, started=true
11-11 18:31:28.655  2355  2996 I EPDG -- SIM0 [SMARTWIFI]: Rssi : -30 highrange : -75 lowrange : -85 mIsRssiInHystersis : false
11-11 18:31:28.655  2355  2996 I EPDG -- SIM0 [SMARTWIFI]: getHandoverThresholdMet: value is: false
11-11 18:31:28.767  1046  1300 W VT      : [SRV] [THREAD] get hild fail, try again
11-11 18:31:28.769   363   363 I hwservicemanager: getTransport: Cannot find entry vendor.mediatek.hardware.videotelephony@1.0::IVideoTelephony/default in either framework or device VINTF manifest.
11-11 18:31:29.261   611   611 W keymint_tee: [WRN]begin req PARAMS: A32, BM2, PD64, 
11-11 18:31:29.265   611   611 D android.hardware.security.keymint-service: begin: ret 0
11-11 18:31:29.267   610   624 I keystore2: system/security/keystore2/src/security_level.rs:454 - In create_operation. Success to create IKeystoreOperation. 10258, None
11-11 18:31:29.269  1046  1300 W VT      : [SRV] [THREAD] get hild fail, try again
11-11 18:31:29.271   611   611 D android.hardware.security.keymint-service: update: ret 0
11-11 18:31:29.271   363   363 I hwservicemanager: getTransport: Cannot find entry vendor.mediatek.hardware.videotelephony@1.0::IVideoTelephony/default in either framework or device VINTF manifest.
11-11 18:31:29.275   611   611 D android.hardware.security.keymint-service: finish: ret 0
11-11 18:31:29.282   611   611 W keymint_tee: [WRN]begin req PARAMS: A32, BM2, PD64, 
11-11 18:31:29.287   611   611 D android.hardware.security.keymint-service: begin: ret 0
11-11 18:31:29.288   610   624 I keystore2: system/security/keystore2/src/security_level.rs:454 - In create_operation. Success to create IKeystoreOperation. 10258, None
11-11 18:31:29.294   611   611 D android.hardware.security.keymint-service: update: ret 0
11-11 18:31:29.298   611   611 D android.hardware.security.keymint-service: finish: ret 0
11-11 18:31:29.308  1494  1935 D NetdEventListenerService: DNS Requested by 120, 10258(com.microsoft.office.outlook), 4(FAIL), isBlocked=true, 0ms
11-11 18:31:29.666  1960  1960 I wpa_supplicant: Heartbeat 11043
11-11 18:31:29.772  1046  1300 W VT      : [SRV] [THREAD] get hild fail, try again
11-11 18:31:29.773   363   363 I hwservicemanager: getTransport: Cannot find entry vendor.mediatek.hardware.videotelephony@1.0::IVideoTelephony/default in either framework or device VINTF manifest.
11-11 18:31:30.081  1494  1571 D MARsPolicyManager: triggerAction called!
11-11 18:31:30.081  1494  1571 I NSLocationMonitor: getGPSUsingApps() called
11-11 18:31:30.081  1494  1571 W NSLocationMonitor: NSMonitorService is not connected, return null
11-11 18:31:30.274  1046  1300 W VT      : [SRV] [THREAD] get hild fail, try again
11-11 18:31:30.276   363   363 I hwservicemanager: getTransport: Cannot find entry vendor.mediatek.hardware.videotelephony@1.0::IVideoTelephony/default in either framework or device VINTF manifest.
11-11 18:31:30.527 32523 32523 I vtservice_aidl: [VT][SRV]before VTService_AiDL_instantiate
11-11 18:31:30.529 32523 32523 E vtservice_aidl: [VT][SRV] VideoTelephony AIDL add service failed!!
11-11 18:31:30.529 32523 32523 I vtservice_aidl: [VT][SRV] VideoTelephony : aidl service is terminating...
11-11 18:31:30.777  1046  1300 W VT      : [SRV] [THREAD] get hild fail, try again
11-11 18:31:30.779   363   363 I hwservicemanager: getTransport: Cannot find entry vendor.mediatek.hardware.videotelephony@1.0::IVideoTelephony/default in either framework or device VINTF manifest.
11-11 18:31:31.013   519   519 D io_stats: !@ 179,0 r 10525060 242978098 w 1927669 35491684 d 194829 41684724 f 626827 506729 iot 3099108 0 th 0 0 0 pt 0 inp 0 0 90983.120
11-11 18:31:31.030  1153  1153 I thermal_repeater: socket -1
11-11 18:31:31.280  1046  1300 W VT      : [SRV] [THREAD] get hild fail, try again
11-11 18:31:31.281   363   363 I hwservicemanager: getTransport: Cannot find entry vendor.mediatek.hardware.videotelephony@1.0::IVideoTelephony/default in either framework or device VINTF manifest.
11-11 18:31:31.678  2355  2996 I EPDG -- SIM0 [SMARTWIFI]: isProfiling, hash=26797213, started=true
11-11 18:31:31.678  2355  2996 W Settings: Setting wifi_on has moved from android.provider.Settings.System to android.provider.Settings.Secure, returning read-only value.
11-11 18:31:31.678  2355  2996 W Settings: Setting wifi_on has moved from android.provider.Settings.Secure to android.provider.Settings.Global.
11-11 18:31:31.679  2355  2996 I EPDG -- SIM0 [SMARTWIFI]: isProfiling, hash=26797213, started=true
11-11 18:31:31.679  2355  2996 I EPDG -- SIM0 [SMARTWIFI]: Rssi : -31 highrange : -75 lowrange : -85 mIsRssiInHystersis : false
11-11 18:31:31.679  2355  2996 I EPDG -- SIM0 [SMARTWIFI]: getHandoverThresholdMet: value is: false
11-11 18:31:31.783  1046  1300 W VT      : [SRV] [THREAD] get hild fail, try again
11-11 18:31:31.784   363   363 I hwservicemanager: getTransport: Cannot find entry vendor.mediatek.hardware.videotelephony@1.0::IVideoTelephony/default in either framework or device VINTF manifest.
11-11 18:31:32.048  1494  1779 D ConnectivityService: reportNetworkActive, notify 2 listeners
11-11 18:31:32.284  1046  1300 W VT      : [SRV] [THREAD] get hild fail, try again
11-11 18:31:32.285   363   363 I hwservicemanager: getTransport: Cannot find entry vendor.mediatek.hardware.videotelephony@1.0::IVideoTelephony/default in either framework or device VINTF manifest.
11-11 18:31:32.316  1494  1526 E Watchdog: !@Sync: 3031 heap(MB): 98 / 110 FD: 1054 [2025-11-11 18:31:32.315]
11-11 18:31:32.786  1046  1300 W VT      : [SRV] [THREAD] get hild fail, try again
11-11 18:31:32.788   363   363 I hwservicemanager: getTransport: Cannot find entry vendor.mediatek.hardware.videotelephony@1.0::IVideoTelephony/default in either framework or device VINTF manifest.
11-11 18:31:33.014   519   519 D io_stats: !@ 179,0 r 10525060 242978098 w 1927677 35492132 d 194829 41684724 f 626827 506729 iot 3099112 0 th 0 0 0 pt 0 inp 0 0 90985.121
11-11 18:31:33.014   519   519 D io_stats: !@ Write_top(KB): .office.outlook(31993) 448 kworker/u16:2:/(17436) 36
11-11 18:31:33.289  1046  1300 W VT      : [SRV] [THREAD] get hild fail, try again
11-11 18:31:33.290   363   363 I hwservicemanager: getTransport: Cannot find entry vendor.mediatek.hardware.videotelephony@1.0::IVideoTelephony/default in either framework or device VINTF manifest.
11-11 18:31:33.791  1046  1300 W VT      : [SRV] [THREAD] get hild fail, try again
11-11 18:31:33.792   363   363 I hwservicemanager: getTransport: Cannot find entry vendor.mediatek.hardware.videotelephony@1.0::IVideoTelephony/default in either framework or device VINTF manifest.
11-11 18:31:34.293  1046  1300 W VT      : [SRV] [THREAD] get hild fail, try again
11-11 18:31:34.295   363   363 I hwservicemanager: getTransport: Cannot find entry vendor.mediatek.hardware.videotelephony@1.0::IVideoTelephony/default in either framework or device VINTF manifest.
11-11 18:31:34.701  2355  2996 I EPDG -- SIM0 [SMARTWIFI]: isProfiling, hash=26797213, started=true
11-11 18:31:34.701  2355  2996 W Settings: Setting wifi_on has moved from android.provider.Settings.System to android.provider.Settings.Secure, returning read-only value.
11-11 18:31:34.701  2355  2996 W Settings: Setting wifi_on has moved from android.provider.Settings.Secure to android.provider.Settings.Global.
11-11 18:31:34.701  2355  2996 I EPDG -- SIM0 [SMARTWIFI]: isProfiling, hash=26797213, started=true
11-11 18:31:34.701  2355  2996 I EPDG -- SIM0 [SMARTWIFI]: Rssi : -30 highrange : -75 lowrange : -85 mIsRssiInHystersis : false
11-11 18:31:34.701  2355  2996 I EPDG -- SIM0 [SMARTWIFI]: getHandoverThresholdMet: value is: false
11-11 18:31:34.796  1046  1300 W VT      : [SRV] [THREAD] get hild fail, try again
11-11 18:31:34.797   363   363 I hwservicemanager: getTransport: Cannot find entry vendor.mediatek.hardware.videotelephony@1.0::IVideoTelephony/default in either framework or device VINTF manifest.
11-11 18:31:35.015   519   519 D io_stats: !@ 179,0 r 10525060 242978098 w 1927682 35492148 d 194829 41684724 f 626828 506732 iot 3099116 0 th 0 0 0 pt 0 inp 0 0 90987.122
11-11 18:31:35.107  1494  1571 D MARsPolicyManager: triggerAction called!
11-11 18:31:35.108  1494  1571 I NSLocationMonitor: getGPSUsingApps() called
11-11 18:31:35.108  1494  1571 W NSLocationMonitor: NSMonitorService is not connected, return null
11-11 18:31:35.298  1046  1300 W VT      : [SRV] [THREAD] get hild fail, try again
11-11 18:31:35.299   363   363 I hwservicemanager: getTransport: Cannot find entry vendor.mediatek.hardware.videotelephony@1.0::IVideoTelephony/default in either framework or device VINTF manifest.
11-11 18:31:35.542 32524 32524 I vtservice_aidl: [VT][SRV]before VTService_AiDL_instantiate
11-11 18:31:35.543 32524 32524 E vtservice_aidl: [VT][SRV] VideoTelephony AIDL add service failed!!
11-11 18:31:35.543 32524 32524 I vtservice_aidl: [VT][SRV] VideoTelephony : aidl service is terminating...
11-11 18:31:35.800  1046  1300 W VT      : [SRV] [THREAD] get hild fail, try again
11-11 18:31:35.802   363   363 I hwservicemanager: getTransport: Cannot find entry vendor.mediatek.hardware.videotelephony@1.0::IVideoTelephony/default in either framework or device VINTF manifest.
11-11 18:31:36.031  1153  1153 I thermal_repeater: socket -1
11-11 18:31:36.303  1046  1300 W VT      : [SRV] [THREAD] get hild fail, try again
11-11 18:31:36.304   363   363 I hwservicemanager: getTransport: Cannot find entry vendor.mediatek.hardware.videotelephony@1.0::IVideoTelephony/default in either framework or device VINTF manifest.
11-11 18:31:36.485  1494  1790 W DeviceStorageMonitorService: updateBroadcasts(/data) oldLevel:0, newLevel:0, seq:1
11-11 18:31:36.486  1494  1790 D DeviceStorageMonitorService: Available File Node Number is [13446194]
11-11 18:31:36.486  1494  1790 W DeviceStorageMonitorService: updateBroadcasts_filenode(/data) fn_oldLevel:0, fn_newLevel:0, seq:1
11-11 18:31:36.805  1046  1300 W VT      : [SRV] [THREAD] get hild fail, try again
11-11 18:31:36.806   363   363 I hwservicemanager: getTransport: Cannot find entry vendor.mediatek.hardware.videotelephony@1.0::IVideoTelephony/default in either framework or device VINTF manifest.
11-11 18:31:37.017   519   519 D io_stats: !@ Write_top(KB): henticator:auth(32064) 12 kworker/2:1:/(29900) 4
11-11 18:31:37.308  1046  1300 W VT      : [SRV] [THREAD] get hild fail, try again
11-11 18:31:37.309   363   363 I hwservicemanager: getTransport: Cannot find entry vendor.mediatek.hardware.videotelephony@1.0::IVideoTelephony/default in either framework or device VINTF manifest.
11-11 18:31:37.724  2355  2996 I EPDG -- SIM0 [SMARTWIFI]: isProfiling, hash=26797213, started=true
11-11 18:31:37.724  2355  2996 W Settings: Setting wifi_on has moved from android.provider.Settings.System to android.provider.Settings.Secure, returning read-only value.
11-11 18:31:37.724  2355  2996 W Settings: Setting wifi_on has moved from android.provider.Settings.Secure to android.provider.Settings.Global.
11-11 18:31:37.724  2355  2996 I EPDG -- SIM0 [SMARTWIFI]: isProfiling, hash=26797213, started=true
11-11 18:31:37.725  2355  2996 I EPDG -- SIM0 [SMARTWIFI]: Rssi : -31 highrange : -75 lowrange : -85 mIsRssiInHystersis : false
11-11 18:31:37.725  2355  2996 I EPDG -- SIM0 [SMARTWIFI]: getHandoverThresholdMet: value is: false
11-11 18:31:37.810  1046  1300 W VT      : [SRV] [THREAD] get hild fail, try again
11-11 18:31:37.811   363   363 I hwservicemanager: getTransport: Cannot find entry vendor.mediatek.hardware.videotelephony@1.0::IVideoTelephony/default in either framework or device VINTF manifest.
11-11 18:31:38.312  1046  1300 W VT      : [SRV] [THREAD] get hild fail, try again
11-11 18:31:38.314   363   363 I hwservicemanager: getTransport: Cannot find entry vendor.mediatek.hardware.videotelephony@1.0::IVideoTelephony/default in either framework or device VINTF manifest.
11-11 18:31:38.663 18693 18747 V CpEventLog(u0): cp_state: [                 contacts = {contacts=92, raw_contacts=140, data=806, account={secphone(1)=0, google(2)=65, sim(3)=10, sim2(4)=0, agg(5)=0, duo(6)=7, samsung(7)=27, mobileservice(8)=0, com.whatsapp.w4b(10)=31, www.instagram.com(12)=0, com.garmin.di(13)=0}, trash=0, trash_acc={}, trash_sync=0, database=contacts2.db} ]
11-11 18:31:38.663 18693 18747 V CpEventLog(u0): cp_state: [               aggregated = {[2,10,6]=2, [2,10]=9, [2,3]=10, [2,6]=1, [2]=43, [7,10,6]=1, [7,10]=17, [7,6,10]=2, [7,6]=1, [7]=6} ]
11-11 18:31:38.663 18693 18747 V CpEventLog(u0): cp_state: [                  request = {} ]
11-11 18:31:38.663 18693 18747 V CpEventLog(u0): cp_state: [                    calls = {types={[100]=1, [1000]=35, [1150]=5}, database=calllog.db} ]
11-11 18:31:38.663 18693 18747 V CpEventLog(u0): cp_state: [                  profile = {contacts=0, raw_contacts=0, data=0, account={secphone(1)=0, google(2)=0, sim(3)=0, sim2(4)=0, agg(5)=0, duo(6)=0, samsung(7)=0, mobileservice(8)=0, com.whatsapp.w4b(10)=0, www.instagram.com(11)=0, com.garmin.di(12)=0}, trash=0, trash_acc={}, trash_sync=0, database=profile.db} ]
11-11 18:31:38.663 18693 18747 V CpEventLog(u0): cp_state: [               sa_profile = {contacts=1, raw_contacts=1, data=2, account={secphone(1)=1, google(2)=0, sim(3)=0, sim2(4)=0, agg(5)=0, duo(6)=0, samsung(7)=0, mobileservice(8)=0, com.whatsapp.w4b(10)=0, www.instagram.com(11)=0, com.garmin.di(12)=0}, trash=0, trash_acc={}, trash_sync=0, database=profile_sa.db} ]
11-11 18:31:38.663 18693 18747 V CpEventLog(u0): cp_state: [                      etc = {binders=0, country_iso=BR, version=15.4.34, db_version=1901, csc=ZTO/, sec_enabled=false, is_roaming=false} ]
11-11 18:31:38.663 18693 18747 V CpEventLog(u0): cp_state: ------------------------------------------------------------------------------
11-11 18:31:38.815  1046  1300 W VT      : [SRV] [THREAD] get hild fail, try again
11-11 18:31:38.817   363   363 I hwservicemanager: getTransport: Cannot find entry vendor.mediatek.hardware.videotelephony@1.0::IVideoTelephony/default in either framework or device VINTF manifest.
11-11 18:31:39.301   610 32521 I keystore2: system/security/keystore2/watchdog/src/lib.rs:319 - Watchdog thread idle -> terminating. Have a great day.
11-11 18:31:39.318  1046  1300 W VT      : [SRV] [THREAD] get hild fail, try again
11-11 18:31:39.319   363   363 I hwservicemanager: getTransport: Cannot find entry vendor.mediatek.hardware.videotelephony@1.0::IVideoTelephony/default in either framework or device VINTF manifest.
11-11 18:31:39.676  1960  1960 I wpa_supplicant: Heartbeat 11044
11-11 18:31:39.821  1046  1300 W VT      : [SRV] [THREAD] get hild fail, try again
11-11 18:31:39.822   363   363 I hwservicemanager: getTransport: Cannot find entry vendor.mediatek.hardware.videotelephony@1.0::IVideoTelephony/default in either framework or device VINTF manifest.
11-11 18:31:39.847  1494  1665 I JobScheduler: maybeQueueReadyJobsForExecutionLocked: [BatchNetworkJob] 1 batched network jobs meet requirement for 120
11-11 18:31:39.863 31993 31993 I OutlookAppComponentFactory: instantiateService, com.google.android.datatransport.runtime.scheduling.jobscheduling.JobInfoSchedulerService
11-11 18:31:39.866  1494  1665 W JobServiceContext: Sending onNetworkChanged for a job that isn't started. JobStatus{806f65f #u0a258/-1397020546 com.microsoft.office.outlook/com.google.android.datatransport.runtime.scheduling.jobscheduling.JobInfoSchedulerService u=0 s=10258 TIME=-33s84ms:none NET READY}
11-11 18:31:39.870  1494 10813 D PerProcessNandswap$NandswapHandler: nandswap start for non-activity com.microsoft.office.outlook(pid 31993) action:3 adj:250 type:2
11-11 18:31:39.880 31993 32438 I TRuntime.CctTransportBackend: Making request to: https://firebaselogging.googleapis.com/v0cc/log/batch?format=json_proto3
11-11 18:31:39.890  1494 10813 D PerProcessNandswap$NandswapHandler: nandswap end for non-activity com.microsoft.office.outlook(pid 31993) ret:12539498496 adj:250
11-11 18:31:39.897  1494  1935 D NetdEventListenerService: DNS Requested by 120, 10258(com.microsoft.office.outlook), SUCCESS, 14ms
11-11 18:31:40.086 31993 32438 I TRuntime.CctTransportBackend: Status Code: 200
11-11 18:31:40.126 31993 31993 D AppCenterCrashes: The memory running level (40) was saved.
11-11 18:31:40.127 31993 32456 I ReactNativeJNI: Memory warning (pressure level: TRIM_MEMORY_BACKGROUND) received by JS VM, running a GC
11-11 18:31:40.128  1494  1571 D MARsPolicyManager: triggerAction called!
11-11 18:31:40.128  1494  1571 I NSLocationMonitor: getGPSUsingApps() called
11-11 18:31:40.128  1494  1571 W NSLocationMonitor: NSMonitorService is not connected, return null
11-11 18:31:40.323  1046  1300 W VT      : [SRV] [THREAD] get hild fail, try again
11-11 18:31:40.325   363   363 I hwservicemanager: getTransport: Cannot find entry vendor.mediatek.hardware.videotelephony@1.0::IVideoTelephony/default in either framework or device VINTF manifest.
11-11 18:31:40.548 32531 32531 I vtservice_aidl: [VT][SRV]before VTService_AiDL_instantiate
11-11 18:31:40.549 32531 32531 E vtservice_aidl: [VT][SRV] VideoTelephony AIDL add service failed!!
11-11 18:31:40.549 32531 32531 I vtservice_aidl: [VT][SRV] VideoTelephony : aidl service is terminating...
11-11 18:31:40.747  2355  2996 I EPDG -- SIM0 [SMARTWIFI]: isProfiling, hash=26797213, started=true
11-11 18:31:40.748  2355  2996 W Settings: Setting wifi_on has moved from android.provider.Settings.System to android.provider.Settings.Secure, returning read-only value.
11-11 18:31:40.748  2355  2996 W Settings: Setting wifi_on has moved from android.provider.Settings.Secure to android.provider.Settings.Global.
11-11 18:31:40.748  2355  2996 I EPDG -- SIM0 [SMARTWIFI]: isProfiling, hash=26797213, started=true
11-11 18:31:40.748  2355  2996 I EPDG -- SIM0 [SMARTWIFI]: Rssi : -30 highrange : -75 lowrange : -85 mIsRssiInHystersis : false
11-11 18:31:40.748  2355  2996 I EPDG -- SIM0 [SMARTWIFI]: getHandoverThresholdMet: value is: false
11-11 18:31:40.826  1046  1300 W VT      : [SRV] [THREAD] get hild fail, try again
11-11 18:31:40.827   363   363 I hwservicemanager: getTransport: Cannot find entry vendor.mediatek.hardware.videotelephony@1.0::IVideoTelephony/default in either framework or device VINTF manifest.
11-11 18:31:41.019   519   519 D io_stats: !@ 179,0 r 10525063 242978110 w 1927700 35492224 d 194829 41684724 f 626830 506741 iot 3099120 0 th 0 0 0 pt 0 inp 0 0 90993.126
11-11 18:31:41.019   519   519 D io_stats: !@ Read_top(KB): .office.outlook(31993) 8 system_server:h(1494) 4
11-11 18:31:41.020   519   519 D io_stats: !@ Write_top(KB): .office.outlook(31993) 56 kworker/1:1:/(16266) 8 kworker/u16:0:/(32525) 8
11-11 18:31:41.033  1153  1153 I thermal_repeater: socket -1
11-11 18:31:41.328  1046  1300 W VT      : [SRV] [THREAD] get hild fail, try again
11-11 18:31:41.329   363   363 I hwservicemanager: getTransport: Cannot find entry vendor.mediatek.hardware.videotelephony@1.0::IVideoTelephony/default in either framework or device VINTF manifest.
11-11 18:31:41.410   826   849 D power@timer: [mtkPowerTimer] visRead:0
11-11 18:31:41.831  1046  1300 W VT      : [SRV] [THREAD] get hild fail, try again
11-11 18:31:41.832   363   363 I hwservicemanager: getTransport: Cannot find entry vendor.mediatek.hardware.videotelephony@1.0::IVideoTelephony/default in either framework or device VINTF manifest.
11-11 18:31:42.333  1046  1300 W VT      : [SRV] [THREAD] get hild fail, try again
11-11 18:31:42.334   363   363 I hwservicemanager: getTransport: Cannot find entry vendor.mediatek.hardware.videotelephony@1.0::IVideoTelephony/default in either framework or device VINTF manifest.
11-11 18:31:42.835  1046  1300 W VT      : [SRV] [THREAD] get hild fail, try again
11-11 18:31:42.837   363   363 I hwservicemanager: getTransport: Cannot find entry vendor.mediatek.hardware.videotelephony@1.0::IVideoTelephony/default in either framework or device VINTF manifest.
11-11 18:31:43.338  1046  1300 W VT      : [SRV] [THREAD] get hild fail, try again
11-11 18:31:43.339   363   363 I hwservicemanager: getTransport: Cannot find entry vendor.mediatek.hardware.videotelephony@1.0::IVideoTelephony/default in either framework or device VINTF manifest.
11-11 18:31:43.771  2355  2996 I EPDG -- SIM0 [SMARTWIFI]: isProfiling, hash=26797213, started=true
11-11 18:31:43.771  2355  2996 W Settings: Setting wifi_on has moved from android.provider.Settings.System to android.provider.Settings.Secure, returning read-only value.
11-11 18:31:43.772  2355  2996 W Settings: Setting wifi_on has moved from android.provider.Settings.Secure to android.provider.Settings.Global.
11-11 18:31:43.772  2355  2996 I EPDG -- SIM0 [SMARTWIFI]: isProfiling, hash=26797213, started=true
11-11 18:31:43.772  2355  2996 I EPDG -- SIM0 [SMARTWIFI]: Rssi : -29 highrange : -75 lowrange : -85 mIsRssiInHystersis : false
11-11 18:31:43.772  2355  2996 I EPDG -- SIM0 [SMARTWIFI]: getHandoverThresholdMet: value is: false
11-11 18:31:43.840  1046  1300 W VT      : [SRV] [THREAD] get hild fail, try again
11-11 18:31:43.841   363   363 I hwservicemanager: getTransport: Cannot find entry vendor.mediatek.hardware.videotelephony@1.0::IVideoTelephony/default in either framework or device VINTF manifest.
11-11 18:31:44.175 31993 32533 E HxForceSyncUtil: SimulatedWatermarkPushNotification failed for account 73 00000000-0000-0000-5f01-0e0000000000
11-11 18:31:44.175 31993 32533 E HxForceSyncUtil: kotlinx.coroutines.TimeoutCancellationException: Timed out waiting for 30000 ms
11-11 18:31:44.175 31993 32533 E HxForceSyncUtil: 	at FB.a1.a(Unknown Source:48)
11-11 18:31:44.175 31993 32533 E HxForceSyncUtil: 	at FB.Z0.run(Unknown Source:10)
11-11 18:31:44.175 31993 32533 E HxForceSyncUtil: 	at FB.j0$b.run(Unknown Source:2)
11-11 18:31:44.175 31993 32533 E HxForceSyncUtil: 	at FB.j0.Z1(Unknown Source:18)
11-11 18:31:44.175 31993 32533 E HxForceSyncUtil: 	at FB.Q.run(Unknown Source:42)
11-11 18:31:44.175 31993 32533 E HxForceSyncUtil: 	at java.lang.Thread.run(Thread.java:1119)
11-11 18:31:44.178 31993 32535 E HxForceSyncUtil: Sync failed
11-11 18:31:44.178 31993 32535 E HxForceSyncUtil: kotlinx.coroutines.TimeoutCancellationException: Timed out waiting for 30000 ms
11-11 18:31:44.178 31993 32535 E HxForceSyncUtil: 	at FB.a1.a(Unknown Source:48)
11-11 18:31:44.178 31993 32535 E HxForceSyncUtil: 	at FB.Z0.run(Unknown Source:10)
11-11 18:31:44.178 31993 32535 E HxForceSyncUtil: 	at FB.j0$b.run(Unknown Source:2)
11-11 18:31:44.178 31993 32535 E HxForceSyncUtil: 	at FB.j0.Z1(Unknown Source:18)
11-11 18:31:44.178 31993 32535 E HxForceSyncUtil: 	at FB.Q.run(Unknown Source:42)
11-11 18:31:44.178 31993 32535 E HxForceSyncUtil: 	at java.lang.Thread.run(Thread.java:1119)
11-11 18:31:44.182 31993 32131 I WM-WorkerWrapper: Worker result SUCCESS for Work [ id=50f67fd3-64bc-43c8-934c-01b3723d3ed9, tags={ com.microsoft.office.outlook.sync.HxPeriodicBackgroundDataSyncWorker, OM_PRIMARY_TAG|HxPeriodicBackgroundDataSyncWorker, HxPeriodicBackgroundDataSyncWorker } ]
11-11 18:31:44.334   611   611 W keymint_tee: [WRN]begin req PARAMS: A32, BM2, PD64, 
11-11 18:31:44.341   611   611 D android.hardware.security.keymint-service: begin: ret 0
11-11 18:31:44.341  1046  1300 W VT      : [SRV] [THREAD] get hild fail, try again
11-11 18:31:44.342   363   363 I hwservicemanager: getTransport: Cannot find entry vendor.mediatek.hardware.videotelephony@1.0::IVideoTelephony/default in either framework or device VINTF manifest.
11-11 18:31:44.342   610 20654 I keystore2: system/security/keystore2/src/security_level.rs:454 - In create_operation. Success to create IKeystoreOperation. 10258, None
11-11 18:31:44.347   611   611 D android.hardware.security.keymint-service: update: ret 0
11-11 18:31:44.351   611   611 D android.hardware.security.keymint-service: finish: ret 0
11-11 18:31:44.357   611   611 W keymint_tee: [WRN]begin req PARAMS: A32, BM2, PD64, 
11-11 18:31:44.363   611   611 D android.hardware.security.keymint-service: begin: ret 0
11-11 18:31:44.364   610 20654 I keystore2: system/security/keystore2/src/security_level.rs:454 - In create_operation. Success to create IKeystoreOperation. 10258, None
11-11 18:31:44.369   611   611 D android.hardware.security.keymint-service: update: ret 0
11-11 18:31:44.374   611   611 D android.hardware.security.keymint-service: finish: ret 0
11-11 18:31:44.385  1494  1935 D NetdEventListenerService: DNS Requested by 120, 10258(com.microsoft.office.outlook), SUCCESS, 2ms
11-11 18:31:44.843  1046  1300 W VT      : [SRV] [THREAD] get hild fail, try again
11-11 18:31:44.845   363   363 I hwservicemanager: getTransport: Cannot find entry vendor.mediatek.hardware.videotelephony@1.0::IVideoTelephony/default in either framework or device VINTF manifest.
11-11 18:31:45.021   519   519 D io_stats: !@ 179,0 r 10525063 242978110 w 1927712 35492340 d 194829 41684724 f 626831 506744 iot 3099124 0 th 0 0 0 pt 0 inp 0 0 90997.129
11-11 18:31:45.022   519   519 D io_stats: !@ Write_top(KB): kworker/u16:0:/(32525) 100 henticator:auth(32064) 12 kworker/1:1:/(16266) 4
11-11 18:31:45.119  1494  1779 D InetDiagMessage: Destroyed 0 sockets, proto=IPPROTO_TCP, family=AF_INET, states=14
11-11 18:31:45.123  1494  1779 D InetDiagMessage: Destroyed 2 sockets, proto=IPPROTO_TCP, family=AF_INET6, states=14
11-11 18:31:45.124  1494  1779 D InetDiagMessage: Destroyed live tcp sockets for uids={10258} in 6ms
11-11 18:31:45.126  1494  1779 D InetDiagMessage: Destroyed 0 sockets, proto=IPPROTO_TCP, family=AF_INET, states=14
11-11 18:31:45.129  1494  1779 D InetDiagMessage: Destroyed 0 sockets, proto=IPPROTO_TCP, family=AF_INET6, states=14
11-11 18:31:45.130  1494  1779 D InetDiagMessage: Destroyed live tcp sockets for uids={20258} in 6ms
11-11 18:31:45.144  1494  1571 D MARsPolicyManager: triggerAction called!
11-11 18:31:45.144  1494  1571 I NSLocationMonitor: getGPSUsingApps() called
11-11 18:31:45.144  1494  1571 W NSLocationMonitor: NSMonitorService is not connected, return null
11-11 18:31:45.345  1046  1300 W VT      : [SRV] [THREAD] get hild fail, try again
11-11 18:31:45.347   363   363 I hwservicemanager: getTransport: Cannot find entry vendor.mediatek.hardware.videotelephony@1.0::IVideoTelephony/default in either framework or device VINTF manifest.
11-11 18:31:45.572 32544 32544 I vtservice_aidl: [VT][SRV]before VTService_AiDL_instantiate
11-11 18:31:45.573 32544 32544 E vtservice_aidl: [VT][SRV] VideoTelephony AIDL add service failed!!
11-11 18:31:45.573 32544 32544 I vtservice_aidl: [VT][SRV] VideoTelephony : aidl service is terminating...
11-11 18:31:45.848  1046  1300 W VT      : [SRV] [THREAD] get hild fail, try again
11-11 18:31:45.849   363   363 I hwservicemanager: getTransport: Cannot find entry vendor.mediatek.hardware.videotelephony@1.0::IVideoTelephony/default in either framework or device VINTF manifest.
11-11 18:31:46.034  1153  1153 I thermal_repeater: socket -1
11-11 18:31:46.350  1046  1300 W VT      : [SRV] [THREAD] get hild fail, try again
11-11 18:31:46.352   363   363 I hwservicemanager: getTransport: Cannot find entry vendor.mediatek.hardware.videotelephony@1.0::IVideoTelephony/default in either framework or device VINTF manifest.
11-11 18:31:46.417  1494  1531 I SemDvfsHyPerManager: acquire hyper - APP_LAUNCH/1494@24, type = -999
11-11 18:31:46.418  1494  9334 D ActivityTaskManager: startActivityAsUser: callingPid=32547, callingUid=2000, caller=com.android.server.am.ActivityManagerService.startActivityAsUserWithFeature:28 com.android.server.am.ActivityManagerShellCommand.runStartActivity:569 com.android.server.am.ActivityManagerShellCommand.onCommand:1903 com.android.modules.utils.BasicShellCommandHandler.exec:97 android.os.ShellCommand.exec:38 com.android.server.am.ActivityManagerService.onShellCommand:169 android.os.Binder.shellCommand:1266 
11-11 18:31:46.419   813   845 I HYPER-HAL: [RequestManager.cpp]acquire(): Acquired ID : 1152945  [1494 / 24]    HINT : APP_LAUNCH    list : 
11-11 18:31:46.419  1494  1523 I ChimeraSystemEventListener: appLaunchIntent package name is: com.biopeakai.performance
11-11 18:31:46.420   813   845 I mtkpower_client: perf_lock_acq, hdl:0, dur:0, num:2, pid:813, tid:845
11-11 18:31:46.422  1494  9334 W ActivityTaskManager: callingPackage for (uid=2000, pid=32547) has no WPC
11-11 18:31:46.422   813   845 I mtkpower_client: ret_hdl:3499
11-11 18:31:46.422  1494  1531 E libprocessgroup: Failed to write '0-7' to /dev/cpuset/cpus: Permission denied
11-11 18:31:46.422   813   845 I mtkpower_client: perf_lock_acq, hdl:0, dur:0, num:2, pid:813, tid:845
11-11 18:31:46.423   826   885 I libPowerHal: [perfLockAcq] idx:0 hdl:3499 hint:-1 pid:813 tid:845 duration:0 lock_user:vendor.samsung. => ret_hdl:3499
11-11 18:31:46.423   826   885 I libPowerHal: [PE] vendor.samsung. update cmd:400100 param:2000000 pr:3
11-11 18:31:46.424   826   885 I libPowerHal: [recordCPUFreqInfo] set cluster[0] min(-1): -1 max(-1): -1 cluster[1] min(vendor.samsung.): 2000000 max(-1): -1
11-11 18:31:46.424   826   885 I libPowerHal: [perfLockAcq] Done for hdl : 3499
11-11 18:31:46.424  1494  9334 D ActivityTaskManager: TaskLaunchParamsModifier:task=null activity=null display-area-from-current-params=null display-area-from-default-fallback=DefaultTaskDisplayArea_d0@187130739 display-id=0 task-display-area-windowing-mode=1 suggested-display-area=DefaultTaskDisplayArea_d0@187130739
11-11 18:31:46.425   813   845 I mtkpower_client: ret_hdl:3500
11-11 18:31:46.425   813   845 I mtkpower_client: perf_lock_acq, hdl:0, dur:0, num:2, pid:813, tid:845
11-11 18:31:46.426   826   885 I libPowerHal: [perfLockAcq] idx:1 hdl:3500 hint:-1 pid:813 tid:845 duration:0 lock_user:vendor.samsung. => ret_hdl:3500
11-11 18:31:46.426   826   885 I libPowerHal: [PE] vendor.samsung. update cmd:400000 param:1800000 pr:3
11-11 18:31:46.426  1494  9334 W OptProp : Cannot read opt property android.window.PROPERTY_COMPAT_ALLOW_ORIENTATION_OVERRIDE
11-11 18:31:46.426   826   885 I libPowerHal: [recordCPUFreqInfo] set cluster[0] min(vendor.samsung.): 1800000 max(-1): -1 cluster[1] min(vendor.samsung.): 2000000 max(-1): -1
11-11 18:31:46.426   826   885 I libPowerHal: [perfLockAcq] Done for hdl : 3500
11-11 18:31:46.427   813   845 I mtkpower_client: ret_hdl:3501
11-11 18:31:46.427   813   845 I mtkpower_client: perf_lock_acq, hdl:0, dur:0, num:2, pid:813, tid:845
11-11 18:31:46.427  1494  9334 V GrammaticalInflectionUtils: AttributionSource: AttributionSource { uid = 10329, packageName = null, attributionTag = null, token = android.os.Binder@671b6cc, deviceId = 0, next = null } does not have READ_SYSTEM_GRAMMATICAL_GENDER permission.
11-11 18:31:46.428  1494  9334 W OptProp : Cannot read opt property android.window.PROPERTY_COMPAT_ALLOW_RESIZEABLE_ACTIVITY_OVERRIDES
11-11 18:31:46.429   826   885 I libPowerHal: [perfLockAcq] idx:2 hdl:3501 hint:-1 pid:813 tid:845 duration:0 lock_user:vendor.samsung. => ret_hdl:3501
11-11 18:31:46.429  1494  9334 W OptProp : Cannot read opt property android.window.PROPERTY_COMPAT_ALLOW_MIN_ASPECT_RATIO_OVERRIDE
11-11 18:31:46.429   826   885 I libPowerHal: [PE] vendor.samsung. update cmd:1000000 param:0 pr:3
11-11 18:31:46.429   826   885 I libPowerHal: [perfLockAcq] Done for hdl : 3501
11-11 18:31:46.430   813   845 I mtkpower_client: ret_hdl:3502
11-11 18:31:46.430   826   885 I libPowerHal: [perfLockAcq] idx:3 hdl:3502 hint:-1 pid:813 tid:845 duration:0 lock_user:vendor.samsung. => ret_hdl:3502
11-11 18:31:46.430   826   885 I libPowerHal: [set_cpuidle] enable:0, fd:14, scn:0xb400007c94516a30
11-11 18:31:46.431   826   885 I libPowerHal: [get_cpu_dma_latency_value] 0
11-11 18:31:46.431   826   885 I libPowerHal: [PE] vendor.samsung. update cmd:1c3c100 param:0 pr:3
11-11 18:31:46.431   826   885 I libPowerHal: [perfLockAcq] Done for hdl : 3502
11-11 18:31:46.431  1494  9334 D WindowManager: Transition is created, t=TransitionRecord{4c19899 id=-1 type=OPEN flags=0x0}, caller=com.android.server.wm.Transition.<init>:170 com.android.server.wm.ActivityStarter.startActivityUnchecked:330 com.android.server.wm.ActivityStarter.executeRequest:3397 com.android.server.wm.ActivityStarter.execute:1122 com.android.server.wm.ActivityTaskManagerService.startActivityAsUser:88 
11-11 18:31:46.432  1494  9334 D BLASTSyncEngine: SyncGroup is created, id=355, name=Transition-OPEN, caller=com.android.server.wm.BLASTSyncEngine$SyncGroup.<init>:51 com.android.server.wm.TransitionController.moveToCollecting:78 com.android.server.wm.ActivityStarter.startActivityUnchecked:333 com.android.server.wm.ActivityStarter.executeRequest:3397 com.android.server.wm.ActivityStarter.execute:1122 com.android.server.wm.ActivityTaskManagerService.startActivityAsUser:88 com.android.server.am.ActivityManagerService.startActivityAsUserWithFeature:28 
11-11 18:31:46.432  1494  9334 W BLASTSyncEngine: setSyncMethod, id=355, method=0, caller=com.android.server.wm.TransitionController.moveToCollecting:90 com.android.server.wm.ActivityStarter.startActivityUnchecked:333 com.android.server.wm.ActivityStarter.executeRequest:3397 
11-11 18:31:46.432  1494  9334 V WindowManager: Start collecting in Transition: TransitionRecord{4c19899 id=355 type=OPEN flags=0x0}, caller=com.android.server.wm.ActivityStarter.startActivityUnchecked:333 com.android.server.wm.ActivityStarter.executeRequest:3397 com.android.server.wm.ActivityStarter.execute:1122 com.android.server.wm.ActivityTaskManagerService.startActivityAsUser:88 com.android.server.am.ActivityManagerService.startActivityAsUserWithFeature:28 
11-11 18:31:46.433  1494  9334 V WindowManager: Collecting in transition 355: ActivityRecord{242c75e u0 com.biopeakai.performance/.MainActivity, caller=com.android.server.wm.TransitionController.collect:7 com.android.server.wm.ActivityStarter.startActivityUnchecked:626 com.android.server.wm.ActivityStarter.executeRequest:3397 com.android.server.wm.ActivityStarter.execute:1122 com.android.server.wm.ActivityTaskManagerService.startActivityAsUser:88 
11-11 18:31:46.433  1494  9334 D ActivityTaskManager: TaskLaunchParamsModifier:task=null activity=ActivityRecord{242c75e u0 com.biopeakai.performance/.MainActivity t-1} display-area-from-current-params=null display-area-from-default-fallback=DefaultTaskDisplayArea_d0@187130739 display-id=0 task-display-area-windowing-mode=1 suggested-display-area=DefaultTaskDisplayArea_d0@187130739
11-11 18:31:46.433  1494  9334 D ActivityTaskManager: TaskLaunchParamsModifier:task=null activity=ActivityRecord{242c75e u0 com.biopeakai.performance/.MainActivity t-1} display-area-from-current-params=null display-area-from-default-fallback=DefaultTaskDisplayArea_d0@187130739 display-id=0 task-display-area-windowing-mode=1 suggested-display-area=DefaultTaskDisplayArea_d0@187130739 non-freeform-task-display-area display-area=DefaultTaskDisplayArea_d0@187130739 default-portrait freeform-size-mismatch=Rect(54, 376 - 666, 1176)
11-11 18:31:46.437   878  1293 I BufferQueueDebug: [Task=587#3336](this:0xb400007d10047898,id:-1,api:0,p:-1,c:-1) BufferQueue core=(878:/system/bin/surfaceflinger)
11-11 18:31:46.440   878  1293 I SurfaceFlinger: id=3336 createSurf, flag=24004, Task=587#3336
11-11 18:31:46.441  1494  9334 D ActivityTaskManager: Top Process State changed to PROCESS_STATE_TOP_SLEEPING#2
11-11 18:31:46.443  1494  9334 D ActivityTaskManager: TaskLaunchParamsModifier:task=Task{fe1b73f #587 type=standard A=10329:com.biopeakai.performance} activity=ActivityRecord{242c75e u0 com.biopeakai.performance/.MainActivity t-1} display-from-task=0 display-id=0 task-display-area-windowing-mode=1 suggested-display-area=DefaultTaskDisplayArea_d0@187130739 inherit-from-task=fullscreen non-freeform-task-display-area display-area=DefaultTaskDisplayArea_d0@187130739 default-portrait freeform-size-mismatch=Rect(54, 376 - 666, 1176)
11-11 18:31:46.443  1494  9334 V WindowManager: Collecting in transition 355: Task{fe1b73f #587 type=standard A=10329:com.biopeakai.performance}, caller=com.android.server.wm.Transition.collectExistenceChange:42 com.android.server.wm.ActivityStarter.setNewTask:43 com.android.server.wm.ActivityStarter.startActivityInner:2088 com.android.server.wm.ActivityStarter.startActivityUnchecked:639 com.android.server.wm.ActivityStarter.executeRequest:3397 
11-11 18:31:46.446   878  1293 I BufferQueueDebug: [ActivityRecord{242c75e u0 com.biopeakai.performance/.MainActivity t587}#3337](this:0xb400007d42125898,id:-1,api:0,p:-1,c:-1) BufferQueue core=(878:/system/bin/surfaceflinger)
11-11 18:31:46.446   878  1293 I SurfaceFlinger: id=3337 createSurf, flag=84004, ActivityRecord{242c75e u0 com.biopeakai.performance/.MainActivity t587}#3337
11-11 18:31:46.449  1494  9334 D ActivityTaskManager: Temporarily retain top process state for launching app
11-11 18:31:46.450   826   848 I mtkpower@impl: [setMode] type:5, enabled:1
11-11 18:31:46.451  1494  9334 V WindowManager: Checking theme of starting window: 0x7f11000d
11-11 18:31:46.451  1494  9334 V WindowManager: Translucent=false Floating=false ShowWallpaper=false Disable=false
11-11 18:31:46.454  1494  9334 D WindowManager: App launched activity=ActivityRecord{242c75e u0 com.biopeakai.performance/.MainActivity t587}, state=1
11-11 18:31:46.457  1494  9334 V WindowManager: Collecting in transition 355: ActivityRecord{242c75e u0 com.biopeakai.performance/.MainActivity t587}, caller=com.android.server.wm.Transition.collectExistenceChange:42 com.android.server.wm.ActivityStarter.handleStartResult:523 com.android.server.wm.ActivityStarter.startActivityUnchecked:653 com.android.server.wm.ActivityStarter.executeRequest:3397 com.android.server.wm.ActivityStarter.execute:1122 
11-11 18:31:46.457  1494  9334 V WindowManager: Requesting StartTransition: TransitionRecord{4c19899 id=355 type=OPEN flags=0x0}, caller=com.android.server.wm.ActivityStarter.handleStartResult:677 com.android.server.wm.ActivityStarter.startActivityUnchecked:653 com.android.server.wm.ActivityStarter.executeRequest:3397 com.android.server.wm.ActivityStarter.execute:1122 com.android.server.wm.ActivityTaskManagerService.startActivityAsUser:88 
11-11 18:31:46.458  1494  9334 I Pageboost: stop alp
11-11 18:31:46.458  1494  9334 I ActivityTaskManager: START u0 {flg=0x10000000 cmp=com.biopeakai.performance/.MainActivity} with LAUNCH_SINGLE_TASK from uid 2000 (BAL_ALLOW_PERMISSION) result code=0
11-11 18:31:46.459  3209  3209 E pageboostd: Received HALT command code 2
11-11 18:31:46.461  1494  9334 I SemDvfsHyPerManager: acquire hyper - AMS_APP_LAUNCH/1494@18, type = -999
11-11 18:31:46.461   813   845 I HYPER-HAL: [RequestManager.cpp]acquire(): Acquired ID : 1143846  [1494 / 18]    HINT : AMS_APP_LAUNCH    list : 
