11-11 19:29:07.271  5285  5285 W Finsky  : [2] STU: Failed to get storage stats for package 'com.google.android.media' (1601: Error getting stats: android.content.pm.PackageManager.NameNotFoundException)
11-11 19:29:07.383  5285  5285 W Finsky  : [2] STU: Failed to get storage stats for package 'com.android.vndk.v31' (1601: Error getting stats: android.content.pm.PackageManager.NameNotFoundException)
11-11 19:29:07.531  5285  5285 W Finsky  : [2] STU: Failed to get storage stats for package 'com.google.android.sdkext' (1601: Error getting stats: android.content.pm.PackageManager.NameNotFoundException)
11-11 19:29:07.609  5285  5285 W Finsky  : [2] STU: Failed to get storage stats for package 'com.google.android.adservices' (1601: Error getting stats: android.content.pm.PackageManager.NameNotFoundException)
11-11 19:29:07.610  5285  5285 W Finsky  : [2] STU: Failed to get storage stats for package 'com.google.android.tethering' (1601: Error getting stats: android.content.pm.PackageManager.NameNotFoundException)
11-11 19:29:07.839  5285  5285 W Finsky  : [2] STU: Failed to get storage stats for package 'com.android.runtime' (1601: Error getting stats: android.content.pm.PackageManager.NameNotFoundException)
11-11 19:29:07.910  5285  5285 W Finsky  : [2] STU: Failed to get storage stats for package 'com.google.android.cellbroadcast' (1601: Error getting stats: android.content.pm.PackageManager.NameNotFoundException)
11-11 19:29:08.079  5285  5285 W Finsky  : [2] STU: Failed to get storage stats for package 'com.samsung.android.vital' (1601: Error getting stats: android.content.pm.PackageManager.NameNotFoundException)
11-11 19:29:08.198  5285  5285 W Finsky  : [2] STU: Failed to get storage stats for package 'com.google.android.tzdata6' (1601: Error getting stats: android.content.pm.PackageManager.NameNotFoundException)
11-11 19:29:08.238  5285  5285 W Finsky  : [2] STU: Failed to get storage stats for package 'com.google.android.permission' (1601: Error getting stats: android.content.pm.PackageManager.NameNotFoundException)
11-11 19:29:09.633  5285  5285 W Finsky  : [2] STU: Failed to get storage stats for package 'com.google.android.media.swcodec' (1601: Error getting stats: android.content.pm.PackageManager.NameNotFoundException)
11-11 19:29:09.720  5285  5285 W Finsky  : [2] STU: Failed to get storage stats for package 'com.android.profiling' (1601: Error getting stats: android.content.pm.PackageManager.NameNotFoundException)
11-11 19:29:10.046  5285  5285 W Finsky  : [2] STU: Failed to get storage stats for package 'com.google.android.adbd' (1601: Error getting stats: android.content.pm.PackageManager.NameNotFoundException)
11-11 19:29:10.060  5285  5285 W Finsky  : [2] STU: Failed to get storage stats for package 'com.android.i18n' (1601: Error getting stats: android.content.pm.PackageManager.NameNotFoundException)
11-11 19:29:10.076  5285  5285 W Finsky  : [2] STU: Failed to get storage stats for package 'com.samsung.android.spqr' (1601: Error getting stats: android.content.pm.PackageManager.NameNotFoundException)
11-11 19:29:10.077  5285  5285 W Finsky  : [2] STU: Failed to get storage stats for package 'com.google.android.conscrypt' (1601: Error getting stats: android.content.pm.PackageManager.NameNotFoundException)
11-11 19:29:10.108  5285  5285 W Finsky  : [2] STU: Failed to get storage stats for package 'com.android.hardware.cas' (1601: Error getting stats: android.content.pm.PackageManager.NameNotFoundException)
11-11 19:29:10.152  5285  5285 W Finsky  : [2] STU: Failed to get storage stats for package 'com.google.android.neuralnetworks' (1601: Error getting stats: android.content.pm.PackageManager.NameNotFoundException)
11-11 19:29:10.222  5285  5285 W Finsky  : [2] STU: Failed to get storage stats for package 'com.google.android.ipsec' (1601: Error getting stats: android.content.pm.PackageManager.NameNotFoundException)
11-11 19:29:10.242  5285  5285 W Finsky  : [2] STU: Failed to get storage stats for package 'com.android.devicelock' (1601: Error getting stats: android.content.pm.PackageManager.NameNotFoundException)
11-11 19:29:10.292  5285  5285 W Finsky  : [2] STU: Failed to get storage stats for package 'com.google.android.ondevicepersonalization' (1601: Error getting stats: android.content.pm.PackageManager.NameNotFoundException)
11-11 19:29:10.306  5285  5285 W Finsky  : [2] STU: Failed to get storage stats for package 'com.google.android.healthfitness' (1601: Error getting stats: android.content.pm.PackageManager.NameNotFoundException)
11-11 19:29:10.405  5285  5285 W Finsky  : [2] STU: Failed to get storage stats for package 'com.android.uwb' (1601: Error getting stats: android.content.pm.PackageManager.NameNotFoundException)
11-11 19:29:10.406  5285  5285 W Finsky  : [2] STU: Failed to get storage stats for package 'com.google.android.extservices' (1601: Error getting stats: android.content.pm.PackageManager.NameNotFoundException)
11-11 19:29:10.428  1494  2277 E ArtService: android.os.ServiceSpecificException: Failed to create OatFileAssistant: Failed to load class loader context files for '/data/user/0/com.android.vending/app_dg_cache/A74929BDA53F98D7A44C93037B41435D08995FDD/the.apk' with context 'PCL[];PCL[/data/app/~~PU5M22Z4Kzb6FEI8OIkUhw==/com.android.vending-F53AqT0LcZqf6zbV2uXpyQ==/base.apk]{PCL[/system/framework/org.apache.http.legacy.jar]#PCL[/system_ext/framework/androidx.window.extensions.jar]#PCL[/system_ext/framework/androidx.window.sidecar.jar]}' (code 1)
11-11 19:29:10.428  1494  2277 E ArtService: 	at android.os.Parcel.createExceptionOrNull(Parcel.java:3271)
11-11 19:29:10.428  1494  2277 E ArtService: 	at android.os.Parcel.createException(Parcel.java:3241)
11-11 19:29:10.428  1494  2277 E ArtService: 	at android.os.Parcel.readException(Parcel.java:3224)
11-11 19:29:10.428  1494  2277 E ArtService: 	at android.os.Parcel.readException(Parcel.java:3166)
11-11 19:29:10.431  1494  2277 E ArtService: android.os.ServiceSpecificException: Failed to create OatFileAssistant: Failed to load class loader context files for '/data/user/0/com.android.vending/app_dg_cache/89D9E2E43748CA05B189D46BEA8B2D6C5C01D255/the.apk' with context 'PCL[];PCL[/data/app/~~jrsxmLsYohbsj3cOk3qLJQ==/com.android.vending-QR_PGbSAYk3X214ighkSZw==/base.apk]{PCL[/system/framework/org.apache.http.legacy.jar]#PCL[/system_ext/framework/androidx.window.extensions.jar]#PCL[/system_ext/framework/androidx.window.sidecar.jar]}' (code 1)
11-11 19:29:10.431  1494  2277 E ArtService: 	at android.os.Parcel.createExceptionOrNull(Parcel.java:3271)
11-11 19:29:10.431  1494  2277 E ArtService: 	at android.os.Parcel.createException(Parcel.java:3241)
11-11 19:29:10.431  1494  2277 E ArtService: 	at android.os.Parcel.readException(Parcel.java:3224)
11-11 19:29:10.431  1494  2277 E ArtService: 	at android.os.Parcel.readException(Parcel.java:3166)
11-11 19:29:10.508  5285  5285 W Finsky  : [2] STU: Failed to get storage stats for package 'com.google.android.os.statsd' (1601: Error getting stats: android.content.pm.PackageManager.NameNotFoundException)
11-11 19:29:10.668  5285  5285 W Finsky  : [2] STU: Failed to get storage stats for package 'com.android.rkpd' (1601: Error getting stats: android.content.pm.PackageManager.NameNotFoundException)
11-11 19:29:10.675  5285  5285 W Finsky  : [2] STU: Failed to get storage stats for package 'com.google.android.scheduling' (1601: Error getting stats: android.content.pm.PackageManager.NameNotFoundException)
11-11 19:29:10.699  5285  5285 W Finsky  : [2] STU: Failed to get storage stats for package 'com.samsung.android.lifeguard' (1601: Error getting stats: android.content.pm.PackageManager.NameNotFoundException)
11-11 19:29:12.234 15338 15349 W Binder  : Caught a RuntimeException from the binder stub implementation.
11-11 19:29:12.234 15338 15349 W Binder  : java.lang.UnsupportedOperationException
11-11 19:29:12.234 15338 15349 W Binder  : 	at com.google.android.gms.clearcut.internal.DefaultClearcutLoggerCallbacks.onLogError(PG:3)
11-11 19:29:35.059   352 15915 W LogErrorOperation: onLogError callback failed.
11-11 19:29:35.064   352 15915 W LogErrorOperation: onLogError callback failed.
11-11 19:29:35.068   352 15915 W LogErrorOperation: onLogError callback failed.
11-11 19:29:35.078   352 14079 W LogErrorOperation: onLogError callback failed.
11-11 19:29:35.083   352 14079 W LogErrorOperation: onLogError callback failed.
11-11 19:29:35.091   352 15857 W LogErrorOperation: onLogError callback failed.
11-11 19:29:35.525 15920 15920 I MAMInfo : MAMInfo initialized. Debug=false, Agent=PRODUCTION, ManagedDialogDisabled=false, PolicyRequired=false, MultiIdentityEnabled=true, FullBackupContent=true, DataExtractionRules=true, UseDefaultEnrollment=false, ExceptionOnInit=false, Debuggable=false, IsolatedProcessesAllowed=false
11-11 19:29:35.803 15920 15937 I NativeHockeyExceptionHandler: JNI_OnLoad()
11-11 19:29:36.413 15920 16017 I NativeHockeyExceptionHandler: Log file path: '/data/user/0/com.microsoft.office.outlook/files/error/minidump/new/aef99517-40fc-4746-a8d1-0eba1eafb9d2/log.txt'
11-11 19:29:36.470   352 15857 W LogErrorOperation: onLogError callback failed.
11-11 19:29:36.503   352 15857 W LogErrorOperation: onLogError callback failed.
11-11 19:29:36.621 15983 15983 D d       : ExceptionHandlerManager not explicitly initialized, using default mode
11-11 19:29:36.697 15983 15983 E SQLiteDatabase: android.database.sqlite.SQLiteCantOpenDatabaseException: Cannot open database '/data/user/0/com.facebook.appmanager/databases/androidx.work.workdb' with flags 0x0: File /data/user/0/com.facebook.appmanager/databases/androidx.work.workdb doesn't exist
11-11 19:29:36.697 15983 15983 E SQLiteDatabase: Caused by: android.database.sqlite.SQLiteCantOpenDatabaseException: unknown error (code 1806 SQLITE_CANTOPEN_ENOENT[1806]): Could not open database
11-11 19:29:38.215 15920 16119 E ExceptionStackTrace: The exception is  stream was reset: CANCEL
11-11 19:29:38.215 15920 16119 E ExceptionStackTrace: okhttp3.internal.http2.Http2Stream$FramingSource.read(Unknown Source:54)
11-11 19:29:38.215 15920 16119 E ExceptionStackTrace: okhttp3.internal.connection.Exchange$ResponseBodySource.read(Unknown Source:13)
11-11 19:29:38.215 15920 16119 E ExceptionStackTrace: okio.RealBufferedSource.exhausted(Unknown Source:18)
11-11 19:29:38.215 15920 16119 E ExceptionStackTrace: com.microsoft.office.outlook.http.HttpRequestCallback.onResponse(Unknown Source:97)
11-11 19:29:38.215 15920 16119 E ExceptionStackTrace: okhttp3.internal.connection.RealCall$AsyncCall.run(Unknown Source:40)
11-11 19:29:38.215 15920 16119 E ExceptionStackTrace: java.util.concurrent.ThreadPoolExecutor.runWorker(ThreadPoolExecutor.java:1156)
11-11 19:29:38.215 15920 16119 E ExceptionStackTrace: java.util.concurrent.ThreadPoolExecutor$Worker.run(ThreadPoolExecutor.java:651)
11-11 19:29:38.215 15920 16119 E ExceptionStackTrace: java.lang.Thread.run(Thread.java:1119)
11-11 19:29:38.235 15920 16157 E ExceptionStackTrace: The exception is  Canceled
11-11 19:29:38.235 15920 16157 E ExceptionStackTrace: okhttp3.internal.http.RetryAndFollowUpInterceptor.intercept(Unknown Source:209)
11-11 19:29:38.235 15920 16157 E ExceptionStackTrace: okhttp3.internal.http.RealInterceptorChain.proceed(Unknown Source:151)
11-11 19:29:38.235 15920 16157 E ExceptionStackTrace: okhttp3.internal.connection.RealCall.getResponseWithInterceptorChain$okhttp(Unknown Source:116)
11-11 19:29:38.235 15920 16157 E ExceptionStackTrace: okhttp3.internal.connection.RealCall$AsyncCall.run(Unknown Source:33)
11-11 19:29:38.235 15920 16157 E ExceptionStackTrace: java.util.concurrent.ThreadPoolExecutor.runWorker(ThreadPoolExecutor.java:1156)
11-11 19:29:38.235 15920 16157 E ExceptionStackTrace: java.util.concurrent.ThreadPoolExecutor$Worker.run(ThreadPoolExecutor.java:651)
11-11 19:29:38.235 15920 16157 E ExceptionStackTrace: java.lang.Thread.run(Thread.java:1119)
11-11 19:29:38.333  1987  1987 D SPluginManagerImpl: onReceive: android.intent.action.PACKAGE_CHANGED, size:{com.android.systemui.volume.VolumeStarInteractor$start$1@30391fb=SPluginInstanceManager@267441726 (action=com.samsung.systemui.volume.PLUGIN), com.samsung.android.systemui.multistar.MultiStarManager$2@3260639=SPluginInstanceManager@214322335 (action=com.samsung.systemui.action.PLUGIN_MULTISTAR), com.android.systemui.noticenter.NotiCenterPlugin$NotiCenterPluginListener@35be72a=SPluginInstanceManager@230769132 (action=com.samsung.systemui.action.PLUGIN_NOTICENTER), com.android.systemui.pluginlock.PluginLockMediatorImpl@9f82a2b=SPluginInstanceManager@99035573 (action=com.samsung.systemui.action.PLUGIN_LOCK), com.android.systemui.slimindicator.SlimIndicatorPluginMediator@c361574=SPluginInstanceManager@153098314 (action=com.samsung.systemui.action.SPLUGIN_SLIMINDICATOR), com.android.systemui.navigationbar.plugin.PluginBarInteractionManager$pluginListener$1@e7acfe2=SPluginInstanceManager@223155131 (action=com.samsung.systemui.navigationbar.PLUGIN)}
11-11 19:29:38.340  1987  2280 D PluginActionManager: queryPkg com.facebook.appmanager com.android.systemui.action.PLUGIN_QS
11-11 19:29:38.356  1987  2280 D PluginActionManager: Found 0 plugins
11-11 19:29:38.357  1987  2280 D PluginActionManager: queryPkg com.facebook.appmanager com.android.systemui.action.PLUGIN_NOTIFICATION_MENU_ROW
11-11 19:29:38.358  1987  2280 D PluginActionManager: Found 0 plugins
11-11 19:29:38.358  1987  2280 D PluginActionManager: queryPkg com.facebook.appmanager com.android.systemui.action.PLUGIN_NOTIFICATION_MENU_ROW
11-11 19:29:38.359  1987  2280 D PluginActionManager: Found 0 plugins
11-11 19:29:38.359  1987  2280 D PluginActionManager: queryPkg com.facebook.appmanager com.android.systemui.action.PLUGIN_CLOCK_PROVIDER
11-11 19:29:38.361  1987  2280 D PluginActionManager: Found 0 plugins
11-11 19:29:38.362  1987  2280 D PluginActionManager: queryPkg com.facebook.appmanager com.android.systemui.action.PLUGIN_NOTIFICATION_ASSISTANT
11-11 19:29:38.363  2785  2785 I HoneySpace.HoneySpaceManagerContainer: refreshHoneyPlugin, packageName: com.facebook.appmanager
11-11 19:29:38.365  1987  2280 D PluginActionManager: Found 0 plugins
11-11 19:29:38.365  1987  2280 D PluginActionManager: queryPkg com.facebook.appmanager com.samsung.systemui.action.PLUGIN_CLOCK_PACK
11-11 19:29:38.365  1987  2280 D PluginActionManager: Too many of com.samsung.systemui.action.PLUGIN_CLOCK_PACK
11-11 19:29:38.365  1987  2280 D PluginActionManager: queryPkg com.facebook.appmanager com.android.systemui.action.PLUGIN_OVERLAY
11-11 19:29:38.366  1987  2280 D PluginActionManager: Found 0 plugins
11-11 19:29:38.366  1987  2280 D PluginActionManager: queryPkg com.facebook.appmanager com.samsung.systemui.action.PLUGIN_FACE_WIDGET
11-11 19:29:38.366  1987  2280 D PluginActionManager: Too many of com.samsung.systemui.action.PLUGIN_FACE_WIDGET
11-11 19:29:38.367  1987  2280 D PluginActionManager: queryPkg com.facebook.appmanager com.android.systemui.action.PLUGIN_NOTIFICATION_MENU_ROW
11-11 19:29:38.367  1987  2280 D PluginActionManager: Found 0 plugins
11-11 19:29:38.367  1987  2280 D PluginActionManager: queryPkg com.facebook.appmanager com.android.systemui.action.PLUGIN_NOTIFICATION_MENU_ROW
11-11 19:29:38.368  1987  2280 D PluginActionManager: Found 0 plugins
11-11 19:29:38.368  1987  2280 D PluginActionManager: queryPkg com.facebook.appmanager com.android.systemui.action.PLUGIN_QS_FACTORY
11-11 19:29:38.372  1987  2280 D PluginActionManager: Found 0 plugins
11-11 19:29:38.372  1987  2280 D PluginActionManager: queryPkg com.facebook.appmanager com.android.systemui.action.PLUGIN_NOTIFICATION_MENU_ROW
11-11 19:29:38.373  1987  2280 D PluginActionManager: Found 0 plugins
11-11 19:29:38.373  1987  2280 D PluginActionManager: queryPkg com.facebook.appmanager com.android.systemui.action.PLUGIN_GLOBAL_ACTIONS
11-11 19:29:38.374  1987  2280 D PluginActionManager: Found 0 plugins
11-11 19:29:38.374  1987  2280 D PluginActionManager: queryPkg com.facebook.appmanager com.android.systemui.action.PLUGIN_NOTIFICATION_MENU_ROW
11-11 19:29:38.374  1987  2280 D PluginActionManager: Found 0 plugins
11-11 19:29:38.375  1987  2280 D PluginActionManager: queryPkg com.facebook.appmanager com.android.systemui.action.PLUGIN_NOTIFICATION_MENU_ROW
11-11 19:29:38.375  1987  2280 D PluginActionManager: Found 0 plugins
11-11 19:29:38.375  1987  2280 D PluginActionManager: queryPkg com.facebook.appmanager com.android.systemui.action.PLUGIN_NOTIFICATION_MENU_ROW
11-11 19:29:38.376  1987  2280 D PluginActionManager: Found 0 plugins
11-11 19:29:38.376  1987  2280 D PluginActionManager: queryPkg com.facebook.appmanager com.android.systemui.action.PEOPLE_HUB_PERSON_EXTRACTOR
11-11 19:29:38.377  1987  2280 D PluginActionManager: Found 0 plugins
11-11 19:29:38.377  1987  2280 D PluginActionManager: queryPkg com.facebook.appmanager com.android.systemui.action.PLUGIN_NOTIFICATION_MENU_ROW
11-11 19:29:38.378  1987  2280 D PluginActionManager: Found 0 plugins
11-11 19:29:38.378  1987  2280 D PluginActionManager: queryPkg com.facebook.appmanager com.android.systemui.action.PLUGIN_NOTIFICATION_MENU_ROW
11-11 19:29:38.380  1987  2280 D PluginActionManager: Found 0 plugins
11-11 19:29:38.381  1987  2280 D PluginActionManager: queryPkg com.facebook.appmanager com.android.systemui.action.PLUGIN_VOLUME
11-11 19:29:38.383  1987  2280 D PluginActionManager: Found 0 plugins
11-11 19:29:38.383  1987  2280 D PluginActionManager: queryPkg com.facebook.appmanager com.android.systemui.action.PLUGIN_SENSOR_MANAGER
11-11 19:29:38.385  1987  2280 D PluginActionManager: Found 0 plugins
11-11 19:29:38.385  1987  2280 D PluginActionManager: queryPkg com.facebook.appmanager com.android.systemui.action.PLUGIN_TOAST
11-11 19:29:38.386  1987  2280 D PluginActionManager: Found 0 plugins
11-11 19:29:38.386  1987  2280 D PluginActionManager: queryPkg com.facebook.appmanager com.android.systemui.action.PLUGIN_NOTIFICATION_MENU_ROW
11-11 19:29:38.386  1987  2280 D PluginActionManager: Found 0 plugins
11-11 19:29:40.103 15920 15938 E AppCenter: com.microsoft.appcenter.http.HttpException: 401 - {"status":"AppSecretForbiddenListed","validDiagnosticsIds":[],"throttledDiagnosticsIds":[],"correlationId":"3f239df0-259e-4965-a02d-c92dffdd61c6"}
11-11 19:29:40.114 15920 15938 D AppCenter: Trying to get 100 logs from the Persistence database for groupErrors
11-11 19:29:40.115 15920 15938 D AppCenter: Deleting all logs from the Persistence database for groupErrors
11-11 19:29:40.116 15920 15938 D AppCenter: Trying to get 100 logs from the Persistence database for groupErrors/one
11-11 19:29:40.116 15920 15938 D AppCenter: Deleting all logs from the Persistence database for groupErrors/one
11-11 19:29:42.213   352 14079 W LogErrorOperation: onLogError callback failed.
11-11 19:29:42.221   352 15915 W LogErrorOperation: onLogError callback failed.
11-11 19:29:42.233   352 15857 W LogErrorOperation: onLogError callback failed.
11-11 19:29:42.257   352 15857 W LogErrorOperation: onLogError callback failed.
11-11 19:29:48.713 13148   392 W Binder  : Caught a RuntimeException from the binder stub implementation.
11-11 19:29:48.713 13148   392 W Binder  : java.lang.UnsupportedOperationException
11-11 19:29:54.142 15585 15868 W MDCLLight: java.lang.ClassNotFoundException: org.apache.http.entity.InputStreamEntity
11-11 19:29:54.142 15585 15868 W MDCLLight: Caused by: java.lang.NoClassDefFoundError: Class not found using the boot class loader; no stack trace available
11-11 19:30:01.818 16266 16266 E BP/MainActivity:  onCreate: registering plugins BEFORE super.onCreate()...
11-11 19:30:01.818 16266 16266 E BP/MainActivity:  BioPeakAudioSession registered
11-11 19:30:01.818 16266 16266 E BP/MainActivity:  Plugin class loaded: com.biopeakai.performance.BioPeakLocationTracker
11-11 19:30:01.818 16266 16266 E BP/MainActivity:  Plugin class package: com.biopeakai.performance
11-11 19:30:01.818 16266 16266 E BP/MainActivity:  BioPeakLocationTracker registered
11-11 19:30:01.818 16266 16266 E BP/MainActivity:  Now calling super.onCreate() to initialize Capacitor bridge...
11-11 19:30:03.062 16266 16266 D ConnectivityManager: StackLog: [android.net.ConnectivityManager.sendRequestForNetwork(ConnectivityManager.java:4736)] [android.net.ConnectivityManager.registerDefaultNetworkCallbackForUid(ConnectivityManager.java:5461)] [android.net.ConnectivityManager.registerDefaultNetworkCallback(ConnectivityManager.java:5428)] [WV.km1.e(chromium-TrichromeWebViewGoogle6432.aab-stable-739012233:37)] [WV.km1.a(chromium-TrichromeWebViewGoogle6432.aab-stable-739012233:1)] [org.chromium.android_webview.AwContentsLifecycleNotifier.onFirstWebViewCreated(chromium-TrichromeWebViewGoogle6432.aab-stable-739012233:19)] [J.N.JJ(Native Method)] [org.chromium.android_webview.AwContents.<init>(chromium-TrichromeWebViewGoogle6432.aab-stable-739012233:619)] [com.android.webview.chromium.k.run(chromium-TrichromeWebViewGoogle6432.aab-stable-739012233:163)] [WV.d23.run(chromium-TrichromeWebViewGoogle6432.aab-stable-739012233:13)] [org.chromium.base.task.PostTask.d(chromium-TrichromeWebViewGoogle6432.aab-stable-739012233:18)] [WV.e23.a(chromium-TrichromeWebViewGoogle6432.aab-stable-739012233:18)] [com.android.webview.chromium.WebViewChromiumFactoryProvider.a(chromium-TrichromeWebViewGoogle6432.aab-stable-739012233:3)] [com.android.webview.chromium.WebViewChromium.init(chromium-TrichromeWebViewGoogle6432.aab-stable-739012233:334)] [android.webkit.WebView.<init>(WebView.java:446)] [android.webkit.WebView.<init>(WebView.java:366)] [android.webkit.WebView.<init>(WebView.java:348)] [android.webkit.WebView.<init>(WebView.java:335)] [com.getcapacitor.CapacitorWebView.<init>(CapacitorWebView.java:22)] [java.lang.reflect.Constructor.newInstance0(Native Method)] [java.lang.reflect.Constructor.newInstance(Constructor.java:343)] [android.view.LayoutInflater.createView(LayoutInflater.java:758)] [android.view.LayoutInflater.createViewFromTag(LayoutInflater.java:910)] [android.view.LayoutInflater.createViewFromTag(LayoutInflater.java:865)] [android.view.LayoutInflater.rInflate(LayoutInflater.java:1027)] [android.view.LayoutInflater.rInflateChildren(LayoutInflater.java:988)] [android.view.LayoutInflater.inflate(LayoutInflater.java:576)] [android.view.LayoutInflater.inflate(LayoutInflater.java:468)] [android.view.LayoutInflater.inflate(LayoutInflater.java:419)] [androidx.appcompat.app.AppCompatDelegateImpl.setContentView(AppCompatDelegateImpl.java:775)] [androidx.appcompat.app.AppCompatActivity.setContentView(AppCompatActivity.java:197)] [com.getcapacitor.BridgeActivity.onCreate(BridgeActivity.java:28)] [com.biopeakai.performance.MainActivity.onCreate(MainActivity.java:37)] [android.app.Activity.performCreate(Activity.java:9363)] [android.app.Activity.performCreate(Activity.java:9332)] [android.app.Instrumentation.callActivityOnCreate(Instrumentation.java:1526)] [android.app.ActivityThread.performLaunchActivity(ActivityThread.java:4440)] [android.app.ActivityThread.handleLaunchActivity(ActivityThread.java:4689)] [android.app.servertransaction.LaunchActivityItem.execute(LaunchActivityItem.java:112)] [android.app.servertransaction.TransactionExecutor.executeNonLifecycleItem(TransactionExecutor.java:174)] [android.app.servertransaction.TransactionExecutor.executeTransactionItems(TransactionExecutor.java:109)] [android.app.servertransaction.TransactionExecutor.execute(TransactionExecutor.java:81)] [android.app.ActivityThread$H.handleMessage(ActivityThread.java:2899)]
11-11 19:30:03.081 16266 16266 D ConnectivityManager: StackLog: [android.net.ConnectivityManager.sendRequestForNetwork(ConnectivityManager.java:4736)] [android.net.ConnectivityManager.sendRequestForNetwork(ConnectivityManager.java:4904)] [android.net.ConnectivityManager.registerNetworkCallback(ConnectivityManager.java:5321)] [WV.km1.e(chromium-TrichromeWebViewGoogle6432.aab-stable-739012233:86)] [WV.km1.a(chromium-TrichromeWebViewGoogle6432.aab-stable-739012233:1)] [org.chromium.android_webview.AwContentsLifecycleNotifier.onFirstWebViewCreated(chromium-TrichromeWebViewGoogle6432.aab-stable-739012233:19)] [J.N.JJ(Native Method)] [org.chromium.android_webview.AwContents.<init>(chromium-TrichromeWebViewGoogle6432.aab-stable-739012233:619)] [com.android.webview.chromium.k.run(chromium-TrichromeWebViewGoogle6432.aab-stable-739012233:163)] [WV.d23.run(chromium-TrichromeWebViewGoogle6432.aab-stable-739012233:13)] [org.chromium.base.task.PostTask.d(chromium-TrichromeWebViewGoogle6432.aab-stable-739012233:18)] [WV.e23.a(chromium-TrichromeWebViewGoogle6432.aab-stable-739012233:18)] [com.android.webview.chromium.WebViewChromiumFactoryProvider.a(chromium-TrichromeWebViewGoogle6432.aab-stable-739012233:3)] [com.android.webview.chromium.WebViewChromium.init(chromium-TrichromeWebViewGoogle6432.aab-stable-739012233:334)] [android.webkit.WebView.<init>(WebView.java:446)] [android.webkit.WebView.<init>(WebView.java:366)] [android.webkit.WebView.<init>(WebView.java:348)] [android.webkit.WebView.<init>(WebView.java:335)] [com.getcapacitor.CapacitorWebView.<init>(CapacitorWebView.java:22)] [java.lang.reflect.Constructor.newInstance0(Native Method)] [java.lang.reflect.Constructor.newInstance(Constructor.java:343)] [android.view.LayoutInflater.createView(LayoutInflater.java:758)] [android.view.LayoutInflater.createViewFromTag(LayoutInflater.java:910)] [android.view.LayoutInflater.createViewFromTag(LayoutInflater.java:865)] [android.view.LayoutInflater.rInflate(LayoutInflater.java:1027)] [android.view.LayoutInflater.rInflateChildren(LayoutInflater.java:988)] [android.view.LayoutInflater.inflate(LayoutInflater.java:576)] [android.view.LayoutInflater.inflate(LayoutInflater.java:468)] [android.view.LayoutInflater.inflate(LayoutInflater.java:419)] [androidx.appcompat.app.AppCompatDelegateImpl.setContentView(AppCompatDelegateImpl.java:775)] [androidx.appcompat.app.AppCompatActivity.setContentView(AppCompatActivity.java:197)] [com.getcapacitor.BridgeActivity.onCreate(BridgeActivity.java:28)] [com.biopeakai.performance.MainActivity.onCreate(MainActivity.java:37)] [android.app.Activity.performCreate(Activity.java:9363)] [android.app.Activity.performCreate(Activity.java:9332)] [android.app.Instrumentation.callActivityOnCreate(Instrumentation.java:1526)] [android.app.ActivityThread.performLaunchActivity(ActivityThread.java:4440)] [android.app.ActivityThread.handleLaunchActivity(ActivityThread.java:4689)] [android.app.servertransaction.LaunchActivityItem.execute(LaunchActivityItem.java:112)] [android.app.servertransaction.TransactionExecutor.executeNonLifecycleItem(TransactionExecutor.java:174)] [android.app.servertransaction.TransactionExecutor.executeTransactionItems(TransactionExecutor.java:109)] [android.app.servertransaction.TransactionExecutor.execute(TransactionExecutor.java:81)] [android.app.ActivityThread$H.handleMessage(ActivityThread.java:2899)]
11-11 19:30:03.269 16266 16266 D Capacitor: Starting BridgeActivity
11-11 19:30:03.355 16266 16266 D Capacitor: Registering plugin instance: CapacitorCookies
11-11 19:30:03.371 16266 16266 D Capacitor: Registering plugin instance: WebView
11-11 19:30:03.379 16266 16266 D Capacitor: Registering plugin instance: CapacitorHttp
11-11 19:30:03.388 16266 16266 D Capacitor: Registering plugin instance: BioPeakAudioSession
11-11 19:30:03.404 16266 16266 D Capacitor: Registering plugin instance: BioPeakLocationTracker
11-11 19:30:03.417 16266 16266 E BP/LocationPlugin:  LOAD() CALLED - PLUGIN IS LOADING! 
11-11 19:30:03.578 16266 16266 E BP/LocationPlugin:  PLUGIN FULLY LOADED 
11-11 19:30:03.581 16266 16266 D Capacitor: Registering plugin instance: BackgroundGeolocation
11-11 19:30:03.599 16266 16266 D Capacitor: Registering plugin instance: App
11-11 19:30:03.605 16266 16266 D Capacitor: Registering plugin instance: Browser
11-11 19:30:03.614 16266 16266 D Capacitor: Registering plugin instance: Camera
11-11 19:30:03.622 16266 16266 D Capacitor: Registering plugin instance: Device
11-11 19:30:03.628 16266 16266 D Capacitor: Registering plugin instance: Geolocation
11-11 19:30:03.676 16266 16266 D Capacitor: Registering plugin instance: LocalNotifications
11-11 19:30:03.696 16266 16266 D Capacitor: Registering plugin instance: Preferences
11-11 19:30:03.705 16266 16266 D Capacitor: Registering plugin instance: ForegroundService
11-11 19:30:03.714 16266 16266 D Capacitor: Registering plugin instance: Purchases
11-11 19:30:03.856 16266 16266 W Capacitor: Unable to read file at path public/plugins
11-11 19:30:03.873 16266 16266 D Capacitor: Loading app at https://localhost
11-11 19:30:04.013 16266 16266 E BP/MainActivity:  MainActivity.onCreate() completed
11-11 19:30:04.018 16266 16335 D Capacitor: Handling local request: https://localhost/
11-11 19:30:04.037 16266 16266 D Capacitor: App started
11-11 19:30:04.051 16266 16266 D Capacitor/AppPlugin: Firing change: true
11-11 19:30:04.052 16266 16266 V Capacitor/AppPlugin: Notifying listeners for event appStateChange
11-11 19:30:04.052 16266 16266 D Capacitor/AppPlugin: No listeners found for event appStateChange
11-11 19:30:04.070 16266 16266 V Capacitor/BrowserPlugin: Notifying listeners for event browserFinished
11-11 19:30:04.070 16266 16266 D Capacitor/BrowserPlugin: No listeners found for event browserFinished
11-11 19:30:04.072 16266 16266 D Capacitor: App resumed
11-11 19:30:04.289 16266 16266 V Capacitor/AppPlugin: Notifying listeners for event pause
11-11 19:30:04.289 16266 16266 D Capacitor/AppPlugin: No listeners found for event pause
11-11 19:30:04.317 16266 16266 D Capacitor: App paused
11-11 19:30:04.559 16266 16266 I View    : setRequestedFrameRate frameRate=-4.0, this=com.getcapacitor.CapacitorWebView{38377ca VFEDHVC.. .F...... 0,0-720,1600 #7f0801cc app:id/webview}, caller=WV.ef.b:1 WV.fg.h:118 WV.fg.onDraw:7 com.android.webview.chromium.WebViewChromium.onDraw:35 android.webkit.WebView.onDraw:2959 
11-11 19:30:04.565 16266 16337 D Capacitor: Handling local request: https://localhost/assets/vendor-DNPOn2WF.js
11-11 19:30:04.573 16266 16336 D Capacitor: Handling local request: https://localhost/assets/index-CE6Mp6AS.js
11-11 19:30:04.584 16266 16335 D Capacitor: Handling local request: https://localhost/assets/index-9hD3Tfo8.css
11-11 19:30:04.586 16266 16341 D Capacitor: Handling local request: https://localhost/assets/ui-CScHjbTr.js
11-11 19:30:04.910 16266 16266 D Capacitor/AppPlugin: Firing change: false
11-11 19:30:04.910 16266 16266 V Capacitor/AppPlugin: Notifying listeners for event appStateChange
11-11 19:30:04.910 16266 16266 D Capacitor/AppPlugin: No listeners found for event appStateChange
11-11 19:30:04.910 16266 16266 D Capacitor: App stopped
11-11 19:30:04.915 16266 16266 D Capacitor: Saving instance state!
11-11 19:30:05.355 15338 15349 W Binder  : Caught a RuntimeException from the binder stub implementation.
11-11 19:30:05.355 15338 15349 W Binder  : java.lang.UnsupportedOperationException
11-11 19:30:05.355 15338 15349 W Binder  : 	at com.google.android.gms.clearcut.internal.DefaultClearcutLoggerCallbacks.onLogError(PG:3)
11-11 19:30:06.950 16266 16266 I Capacitor/Console: File: https://localhost/assets/index-CE6Mp6AS.js - Line 7745 - Msg: [Supabase] Initializing client for platform: android, isNative: true
11-11 19:30:07.154 16266 16266 I Capacitor/Console: File: https://localhost/assets/index-CE6Mp6AS.js - Line 8007 - Msg: [BioPeakHealthKit] JS Wrapper v3.0 loaded with CAPBridgedPlugin
11-11 19:30:07.282 16266 16266 I Capacitor/Console: File: https://localhost/assets/index-CE6Mp6AS.js - Line 8072 - Msg:  Platform detection: [object Object]
11-11 19:30:07.315 16266 16266 I Capacitor/Console: File: https://localhost/assets/index-CE6Mp6AS.js - Line 7745 - Msg:  NATIVE PERMISSIONS DEBUG: [object Object]
11-11 19:30:07.359 16266 16266 I Capacitor/Console: File: https://localhost/assets/index-CE6Mp6AS.js - Line 7745 - Msg: [Survey] No user found, skipping survey check
11-11 19:30:07.361 16266 16266 I Capacitor/Console: File: https://localhost/assets/index-CE6Mp6AS.js - Line 8072 - Msg:  [App] Registering deep link listener...
11-11 19:30:07.400 16266 16266 V Capacitor/Plugin: To native (Capacitor plugin): callbackId: 37649346, pluginId: Device, methodName: getInfo
11-11 19:30:07.401 16266 16266 V Capacitor: callback: 37649346, pluginId: Device, methodName: getInfo, methodData: {}
11-11 19:30:07.404 16266 16266 I Capacitor/Console: File: https://localhost/assets/index-CE6Mp6AS.js - Line 8072 - Msg:  Platform detection: [object Object]
11-11 19:30:07.405 16266 16266 I Capacitor/Console: File: https://localhost/assets/index-CE6Mp6AS.js - Line 7745 - Msg:  NATIVE PERMISSIONS DEBUG: [object Object]
11-11 19:30:07.407 16266 16266 V Capacitor/Plugin: To native (Capacitor plugin): callbackId: 37649347, pluginId: App, methodName: addListener
11-11 19:30:07.408 16266 16266 V Capacitor: callback: 37649347, pluginId: App, methodName: addListener, methodData: {"eventName":"appUrlOpen"}
11-11 19:30:07.415 16266 16266 V Capacitor/Plugin: To native (Capacitor plugin): callbackId: 37649348, pluginId: Device, methodName: getInfo
11-11 19:30:07.415 16266 16266 V Capacitor: callback: 37649348, pluginId: Device, methodName: getInfo, methodData: {}
11-11 19:30:07.421 16266 16335 D Capacitor: Handling local request: https://localhost/assets/index-CgpvQvXf.js
11-11 19:30:07.429 16266 16336 D Capacitor: Handling local request: https://localhost/lovable-uploads/ff33ae7e-c56d-4f43-8adc-d5733ad44f11.png
11-11 19:30:07.433 16266 16266 V Capacitor/Plugin: To native (Capacitor plugin): callbackId: 37649349, pluginId: Geolocation, methodName: checkPermissions
11-11 19:30:07.434 16266 16266 V Capacitor: callback: 37649349, pluginId: Geolocation, methodName: checkPermissions, methodData: {}
11-11 19:30:07.435 16266 16266 I Capacitor/Console: File: https://localhost/assets/index-CE6Mp6AS.js - Line 7745 - Msg:  NATIVE PERMISSIONS DEBUG: [object Object]
11-11 19:30:07.437 16266 16337 D Capacitor: Handling local request: https://localhost/lovable-uploads/ff33ae7e-c56d-4f43-8adc-d5733ad44f11.png
11-11 19:30:07.437 16266 16266 V Capacitor/Plugin: To native (Capacitor plugin): callbackId: 37649350, pluginId: Geolocation, methodName: checkPermissions
11-11 19:30:07.438 16266 16266 V Capacitor: callback: 37649350, pluginId: Geolocation, methodName: checkPermissions, methodData: {}
11-11 19:30:07.501 16266 16266 V Capacitor/Plugin: To native (Capacitor plugin): callbackId: 37649351, pluginId: Camera, methodName: checkPermissions
11-11 19:30:07.501 16266 16266 V Capacitor: callback: 37649351, pluginId: Camera, methodName: checkPermissions, methodData: {}
11-11 19:30:07.505 16266 16266 V Capacitor/Plugin: To native (Capacitor plugin): callbackId: 37649352, pluginId: Camera, methodName: checkPermissions
11-11 19:30:07.505 16266 16266 V Capacitor: callback: 37649352, pluginId: Camera, methodName: checkPermissions, methodData: {}
11-11 19:30:07.507 16266 16266 V Capacitor/Plugin: To native (Capacitor plugin): callbackId: 37649353, pluginId: Preferences, methodName: get
11-11 19:30:07.508 16266 16266 V Capacitor: callback: 37649353, pluginId: Preferences, methodName: get, methodData: {"key":"sb-grcwlmltlcltmwbhdpky-auth-token-code-verifier"}
11-11 19:30:07.522 16266 16266 I Capacitor/Console: File: https://localhost/assets/index-CE6Mp6AS.js - Line 7745 - Msg:  NATIVE PERMISSIONS DEBUG: [object Object]
11-11 19:30:07.531 16266 16266 V Capacitor/Plugin: To native (Capacitor plugin): callbackId: 37649354, pluginId: Preferences, methodName: get
11-11 19:30:07.531 16266 16266 V Capacitor: callback: 37649354, pluginId: Preferences, methodName: get, methodData: {"key":"sb-grcwlmltlcltmwbhdpky-auth-token"}
11-11 19:30:07.551 16266 16266 V Capacitor/Plugin: To native (Capacitor plugin): callbackId: 37649355, pluginId: Preferences, methodName: get
11-11 19:30:07.552 16266 16266 V Capacitor: callback: 37649355, pluginId: Preferences, methodName: get, methodData: {"key":"sb-grcwlmltlcltmwbhdpky-auth-token"}
11-11 19:30:07.556 16266 16266 V Capacitor/Plugin: To native (Capacitor plugin): callbackId: 37649356, pluginId: Preferences, methodName: get
11-11 19:30:07.557 16266 16266 V Capacitor: callback: 37649356, pluginId: Preferences, methodName: get, methodData: {"key":"sb-grcwlmltlcltmwbhdpky-auth-token"}
11-11 19:30:07.574 16266 16266 V Capacitor/Plugin: To native (Capacitor plugin): callbackId: 37649357, pluginId: Preferences, methodName: get
11-11 19:30:07.574 16266 16266 V Capacitor: callback: 37649357, pluginId: Preferences, methodName: get, methodData: {"key":"sb-grcwlmltlcltmwbhdpky-auth-token"}
11-11 19:30:07.579 16266 16266 V Capacitor/Plugin: To native (Capacitor plugin): callbackId: 37649358, pluginId: Preferences, methodName: get
11-11 19:30:07.580 16266 16266 V Capacitor: callback: 37649358, pluginId: Preferences, methodName: get, methodData: {"key":"sb-grcwlmltlcltmwbhdpky-auth-token"}
11-11 19:30:07.583 16266 16266 I Capacitor/Console: File: https://localhost/assets/index-CE6Mp6AS.js - Line 7745 - Msg: Auth state change: INITIAL_SESSION undefined
11-11 19:30:07.587 16266 16266 I Capacitor/Console: File: https://localhost/assets/index-CE6Mp6AS.js - Line 8072 - Msg:  Platform detection: [object Object]
11-11 19:30:07.750 16266 16266 I Capacitor/Console: File: https://localhost/assets/index-CE6Mp6AS.js - Line 7745 - Msg:  NATIVE PERMISSIONS DEBUG: [object Object]
11-11 19:30:07.784 16266 16335 D Capacitor: Handling local request: https://localhost/lovable-uploads/3dba3af8-cea5-4fda-8621-8da7e87686be.png
11-11 19:30:07.816 16266 16266 V Capacitor/Plugin: To native (Capacitor plugin): callbackId: 37649359, pluginId: Preferences, methodName: get
11-11 19:30:07.816 16266 16266 V Capacitor: callback: 37649359, pluginId: Preferences, methodName: get, methodData: {"key":"sb-grcwlmltlcltmwbhdpky-auth-token"}
11-11 19:30:07.821 16266 16341 D Capacitor: Handling local request: https://localhost/lovable-uploads/d6369016-de44-4236-b4dd-a28816ff2041.png
11-11 19:30:07.830 16266 16266 V Capacitor/Plugin: To native (Capacitor plugin): callbackId: 37649360, pluginId: Preferences, methodName: get
11-11 19:30:07.830 16266 16266 V Capacitor: callback: 37649360, pluginId: Preferences, methodName: get, methodData: {"key":"sb-grcwlmltlcltmwbhdpky-auth-token"}
11-11 19:30:07.886 16266 16336 D Capacitor: Handling local request: https://localhost/assets/integrations-banner-BVi9y692.png
11-11 19:30:07.917 16266 16337 D Capacitor: Handling local request: https://localhost/lovable-uploads/aa28b51e-71c3-4b13-a8ae-a1bd20e98fb2.png
11-11 19:30:07.941 16266 16336 D Capacitor: Handling local request: https://localhost/lovable-uploads/9db8aa58-3e45-4e91-81a9-1e132feb4593.png
11-11 19:30:07.953 16266 16336 D Capacitor: Handling local request: https://localhost/assets/app-store-badge-BvL15smo.png
11-11 19:30:07.971 16266 16337 D Capacitor: Handling local request: https://localhost/lovable-uploads/aa28b51e-71c3-4b13-a8ae-a1bd20e98fb2.png?v=1762900207599
11-11 19:30:08.415 16266 16335 D Capacitor: Handling local request: https://localhost/lovable-uploads/aa28b51e-71c3-4b13-a8ae-a1bd20e98fb2.png?v=1762900208363
11-11 19:30:35.339 15338 15349 W Binder  : Caught a RuntimeException from the binder stub implementation.
11-11 19:30:35.339 15338 15349 W Binder  : java.lang.UnsupportedOperationException
11-11 19:30:35.339 15338 15349 W Binder  : 	at com.google.android.gms.clearcut.internal.DefaultClearcutLoggerCallbacks.onLogError(PG:3)
11-11 19:30:36.308 15338 15349 W Binder  : Caught a RuntimeException from the binder stub implementation.
11-11 19:30:36.308 15338 15349 W Binder  : java.lang.UnsupportedOperationException
11-11 19:30:36.308 15338 15349 W Binder  : 	at com.google.android.gms.clearcut.internal.DefaultClearcutLoggerCallbacks.onLogError(PG:3)
11-11 19:30:36.316 15338 15349 W Binder  : Caught a RuntimeException from the binder stub implementation.
11-11 19:30:36.316 15338 15349 W Binder  : java.lang.UnsupportedOperationException
11-11 19:30:36.316 15338 15349 W Binder  : 	at com.google.android.gms.clearcut.internal.DefaultClearcutLoggerCallbacks.onLogError(PG:3)
11-11 19:30:52.897  2355  3342 I ErisClient -- ErisClient: parseDaemonResponse() {"msgType":4,"msgData":{"stateCode":3,"errorCode":0,"ikeErrorCode":0,"backoffTimer":-1,"cid":2,"mIkeSrcPort":50261}}
11-11 19:30:52.897  2355  3342 I ErisClient -- ErisClient: getErisErrorFromDaemonError()
11-11 19:30:53.111  8735  8844 E SQLiteDatabase: Error inserting screen_off_time=0 batterydelta=0 start_time=1762899627452 screen_power=0.0 condition=0 screen_off_discharge=0 batteryuptime=0 time=1762900252972 power=0.0 screen_doze_discharge=0 screen_on_time=0 screen_on_discharge=0
11-11 19:30:53.111  8735  8844 E SQLiteDatabase: android.database.sqlite.SQLiteException: table all has no column named screen_doze_discharge (code 1 SQLITE_ERROR[1]): , while compiling: INSERT INTO [all](screen_off_time,batterydelta,start_time,screen_power,condition,screen_off_discharge,batteryuptime,time,power,screen_doze_discharge,screen_on_time,screen_on_discharge) VALUES (?,?,?,?,?,?,?,?,?,?,?,?)
11-11 19:30:53.197  8735  8844 I SDHMS:BatteryStatsDBProvider: query Exception : no such column: screen_doze_discharge (code 1 SQLITE_ERROR[1]): , while compiling: SELECT time, power, screen_on_time, screen_off_time, screen_on_discharge, screen_off_discharge, screen_doze_discharge FROM [all]
11-11 19:32:00.525   352 15857 W LogErrorOperation: onLogError callback failed.
11-11 19:32:00.535   352 16473 W LogErrorOperation: onLogError callback failed.
11-11 19:32:00.575   352 16473 W LogErrorOperation: onLogError callback failed.
11-11 19:32:00.624 11694 13685 W Binder  : Caught a RuntimeException from the binder stub implementation.
11-11 19:32:00.624 11694 13685 W Binder  : java.lang.UnsupportedOperationException
11-11 19:32:00.628 11694 16517 W Binder  : Caught a RuntimeException from the binder stub implementation.
11-11 19:32:00.628 11694 16517 W Binder  : java.lang.UnsupportedOperationException
11-11 19:32:00.849 11694 16517 W Binder  : Caught a RuntimeException from the binder stub implementation.
11-11 19:32:00.849 11694 16517 W Binder  : java.lang.UnsupportedOperationException
11-11 19:32:06.413   787  5107 E netd    : Error adding route ::/0 -> fe80::62a4:b7ff:fe66:ffe0 wlan0 to table 1053: File exists
11-11 19:32:08.540 16607 16617 W Binder  : Caught a RuntimeException from the binder stub implementation.
11-11 19:32:08.540 16607 16617 W Binder  : java.lang.UnsupportedOperationException
11-11 19:32:08.585 16607 16615 W Binder  : Caught a RuntimeException from the binder stub implementation.
11-11 19:32:08.585 16607 16615 W Binder  : java.lang.UnsupportedOperationException
11-11 19:32:15.358 15585 15747 E MvfstCallbacks.cpp: readError: streamid=0; error=TransportError: Internal Error, Error on socket write Operation not permitted, 
11-11 19:32:15.358 15585 15747 E MvfstCallbacks.cpp: readError: streamid=3; error=TransportError: Internal Error, Error on socket write Operation not permitted, 
11-11 19:32:15.359 15585 15747 E MvfstCallbacks.cpp: readError: streamid=7; error=TransportError: Internal Error, Error on socket write Operation not permitted, 
11-11 19:32:15.359 15585 15747 E MvfstCallbacks.cpp: readError: streamid=11; error=TransportError: Internal Error, Error on socket write Operation not permitted, 
11-11 19:32:15.359 15585 15747 E MvfstCallbacks.cpp: readError: streamid=4; error=TransportError: Internal Error, Error on socket write Operation not permitted, 
11-11 19:32:15.359 15585 15747 E MvfstCallbacks.cpp: onConnectionError: error=TransportError: Internal Error, Error on socket write Operation not permitted, 
11-11 19:32:15.367 15585 15651 E MQTTBypassDGWStreamGroupCallbacks.cpp: onStreamGroupError TransientError domain: MNSQUICConnection code: 0 detail: Error on socket write Operation not permitted, 
11-11 19:32:15.368 15585 15651 W MQTTBypassDGWStreamGroupConnection.cpp: Restarting due to reason: StreamError
11-11 19:32:15.387 15585 15747 E MvfstCallbacks.cpp: onConnectionSetupError: error=TransportError: Internal Error, Error on socket write Operation not permitted, 
11-11 19:32:16.387 15585 15747 E MvfstCallbacks.cpp: onConnectionSetupError: error=TransportError: Internal Error, Error on socket write Operation not permitted, 
11-11 19:32:19.777  1494  1494 E [SS]BattUtils: [writeNode]Exception:java.io.FileNotFoundException: /sys/class/power_supply/battery/lcd: open failed: EACCES (Permission denied)
11-11 19:32:19.777  1494  1494 W System.err: java.io.FileNotFoundException: /sys/class/power_supply/battery/lcd: open failed: EACCES (Permission denied)
11-11 19:32:19.781  1494  1494 W System.err: Caused by: android.system.ErrnoException: open failed: EACCES (Permission denied)
11-11 19:32:20.084   352 16473 E LoadedApk: Exception : java.lang.NullPointerException: Attempt to invoke virtual method 'boolean android.os.Looper.isPerfLogEnable()' on a null object reference
11-11 19:32:20.130  1987  1987 I ComplicationWidgetPluginController: clock color changed -12210740 , #ff45adcc 
11-11 19:32:20.345  1987  1987 I ComplicationWidgetPluginController: clock color changed -16740969 , #ff008d97 
11-11 19:32:20.353  1987  1987 D PluginFaceWidgetManager: shouldControlScreenOff() : false
11-11 19:32:20.463   352 16678 E LoadedApk: Exception : java.lang.NullPointerException: Attempt to invoke virtual method 'boolean android.os.Looper.isPerfLogEnable()' on a null object reference
11-11 19:32:20.534   352 16678 E LoadedApk: Exception : java.lang.NullPointerException: Attempt to invoke virtual method 'boolean android.os.Looper.isPerfLogEnable()' on a null object reference
11-11 19:32:20.898  1987  1987 D PluginAODManager: enableTouch : true FaceWidgetContainerWrapper = com.android.systemui.facewidget.plugin.FaceWidgetContainerWrapper@23f3ee8
11-11 19:32:20.900  1987  1987 D PluginActionManager: stopListening
11-11 19:32:20.923  1987  1987 D PluginActionManager: onPluginDisconnected
11-11 19:32:20.923  1987  1987 D DozeService: onPluginDisconnected: PluginClockPack plugin=com.samsung.android.app.clockpack.plugin.PluginClockPackImpl@fa5dab5
11-11 19:32:20.923  1987  1987 D DozeService: stopClockPack: mClockPackPlugin=com.samsung.android.app.clockpack.plugin.PluginClockPackImpl@fa5dab5
11-11 19:32:20.923  1987  1987 I PluginClockPackImpl: onDreamingStopped()
11-11 19:32:20.930  1987  1987 I PluginClockPackImpl: onDestroy()
11-11 19:32:21.824  1987  1987 I ComplicationWidgetPluginController: onShadeExpandedChanged false false
11-11 19:32:21.824  1987  1987 I ComplicationWidgetPluginController: requestAppWidgetListening false , false true false
11-11 19:32:22.611 15585 15747 E MvfstCallbacks.cpp: onConnectionSetupError: error=TransportError: Internal Error, Error on socket write Operation not permitted, 
11-11 19:32:25.184  1987 29930 W FileUtils: Failed to chown(/data/log/locksettings/summary/VRequestor.log): android.system.ErrnoException: chown failed: EPERM (Operation not permitted)
11-11 19:32:25.631 16266 16266 D Capacitor: App restarted
11-11 19:32:25.633 16266 16266 D Capacitor: App started
11-11 19:32:25.638 16266 16266 D Capacitor/AppPlugin: Firing change: true
11-11 19:32:25.639 16266 16266 V Capacitor/AppPlugin: Notifying listeners for event appStateChange
11-11 19:32:25.639 16266 16266 D Capacitor/AppPlugin: No listeners found for event appStateChange
11-11 19:32:25.639 16266 16266 V Capacitor/AppPlugin: Notifying listeners for event resume
11-11 19:32:25.639 16266 16266 D Capacitor/AppPlugin: No listeners found for event resume
11-11 19:32:25.647 16266 16266 D Capacitor: App resumed
11-11 19:32:25.667 16266 16266 I View    : setRequestedFrameRate frameRate=-4.0, this=com.getcapacitor.CapacitorWebView{38377ca VFEDHVC.. .F...... 0,0-720,1600 #7f0801cc app:id/webview}, caller=WV.ef.b:1 WV.fg.h:118 WV.fg.onDraw:7 com.android.webview.chromium.WebViewChromium.onDraw:35 android.webkit.WebView.onDraw:2959 
11-11 19:32:25.733 16266 16266 I View    : setRequestedFrameRate frameRate=-4.0, this=com.getcapacitor.CapacitorWebView{38377ca VFEDHVC.. .F...... 0,0-720,1600 #7f0801cc app:id/webview}, caller=WV.ef.b:1 WV.fg.h:118 WV.fg.onDraw:7 com.android.webview.chromium.WebViewChromium.onDraw:35 android.webkit.WebView.onDraw:2959 
11-11 19:32:25.770  1987  1987 I ComplicationWidgetPluginController: onShadeExpandedChanged true false
11-11 19:32:25.770  1987  1987 I ComplicationWidgetPluginController: requestAppWidgetListening false , true true true
11-11 19:32:25.860 16266 16266 V Capacitor/Plugin: To native (Capacitor plugin): callbackId: 37649361, pluginId: Preferences, methodName: get
11-11 19:32:25.860 16266 16266 V Capacitor: callback: 37649361, pluginId: Preferences, methodName: get, methodData: {"key":"sb-grcwlmltlcltmwbhdpky-auth-token"}
11-11 19:32:25.943 16266 16266 I View    : setRequestedFrameRate frameRate=-4.0, this=com.getcapacitor.CapacitorWebView{38377ca VFEDHVC.. .F...... 0,0-720,1600 #7f0801cc app:id/webview}, caller=WV.ef.b:1 WV.fg.h:118 WV.fg.onDraw:7 com.android.webview.chromium.WebViewChromium.onDraw:35 android.webkit.WebView.onDraw:2959 
11-11 19:32:25.961 16266 16266 I View    : setRequestedFrameRate frameRate=-4.0, this=com.getcapacitor.CapacitorWebView{38377ca VFEDHVC.. .F...... 0,0-720,1600 #7f0801cc app:id/webview}, caller=WV.ef.b:1 WV.fg.h:118 WV.fg.onDraw:7 com.android.webview.chromium.WebViewChromium.onDraw:35 android.webkit.WebView.onDraw:2959 
11-11 19:32:26.066  1987  1987 D PluginLockDelegateApp: onBarStateChanged 
11-11 19:32:26.140  1987  1987 I ComplicationWidgetPluginController: onShadeExpandedChanged false false
11-11 19:32:26.140  1987  1987 I ComplicationWidgetPluginController: requestAppWidgetListening false , false false true
11-11 19:32:26.207  1987  1987 D PluginActionManager: startListening
11-11 19:32:26.208  1987  2280 D PluginActionManager: queryAll com.android.systemui.action.PLUGIN_NOTIFICATION_MENU_ROW
11-11 19:32:26.208  1987  2280 D PluginActionManager: Found 0 plugins
