11-11 19:22:37.186 13409 13480 I BugleRcs: android.content.pm.PackageManager$NameNotFoundException: com.google.android.ims
11-11 19:22:37.313 13408 13465 W GOS:PMGameCategoryGetter: getCategoryCode(). NameNotFoundException. packageName:com.google.android.apps.photos
11-11 19:22:37.330 13408 13465 W GOS:PMGameCategoryGetter: getCategoryCode(). NameNotFoundException. packageName:com.google.android.trichromelibrary
11-11 19:22:37.391 13409 13455 W Binder  : Caught a RuntimeException from the binder stub implementation.
11-11 19:22:37.391 13409 13455 W Binder  : java.lang.UnsupportedOperationException
11-11 19:22:37.391 13409 13455 W Binder  : 	at com.google.android.gms.clearcut.internal.DefaultClearcutLoggerCallbacks.onLogError(PG:3)
11-11 19:22:37.395 13408 13465 W GOS:PMGameCategoryGetter: getCategoryCode(). NameNotFoundException. packageName:com.whatsapp
11-11 19:22:37.398 13408 13465 W GOS:PMGameCategoryGetter: getCategoryCode(). NameNotFoundException. packageName:org.chromium.webapk.a289d9e89f7736fbd_v2
11-11 19:22:37.399 13408 13465 W GOS:PMGameCategoryGetter: getCategoryCode(). NameNotFoundException. packageName:org.chromium.webapk.a37b12df8e6d22e91_v2
11-11 19:22:37.399 13409 13457 W Binder  : Caught a RuntimeException from the binder stub implementation.
11-11 19:22:37.399 13409 13457 W Binder  : java.lang.UnsupportedOperationException
11-11 19:22:37.399 13409 13457 W Binder  : 	at com.google.android.gms.clearcut.internal.DefaultClearcutLoggerCallbacks.onLogError(PG:3)
11-11 19:22:37.405 13408 13465 W GOS:PMGameCategoryGetter: getCategoryCode(). NameNotFoundException. packageName:com.lovable.biopeak
11-11 19:22:37.530  1494  1648 E JavaBinder: *** Uncaught remote exception! Exceptions are not yet supported across processes. Client PID 13408 UID 10065.
11-11 19:22:37.530  1494  1648 E JavaBinder: java.lang.ClassCastException: java.lang.Integer cannot be cast to java.util.List
11-11 19:22:38.322 13409 13457 W Binder  : Caught a RuntimeException from the binder stub implementation.
11-11 19:22:38.322 13409 13457 W Binder  : java.lang.UnsupportedOperationException
11-11 19:22:38.322 13409 13457 W Binder  : 	at com.google.android.gms.clearcut.internal.DefaultClearcutLoggerCallbacks.onLogError(PG:3)
11-11 19:22:43.982 13409 13457 W Binder  : Caught a RuntimeException from the binder stub implementation.
11-11 19:22:43.982 13409 13457 W Binder  : java.lang.UnsupportedOperationException
11-11 19:22:43.982 13409 13457 W Binder  : 	at com.google.android.gms.clearcut.internal.DefaultClearcutLoggerCallbacks.onLogError(PG:3)
11-11 19:22:43.987 13409 13454 W Binder  : Caught a RuntimeException from the binder stub implementation.
11-11 19:22:43.987 13409 13454 W Binder  : java.lang.UnsupportedOperationException
11-11 19:22:43.987 13409 13454 W Binder  : 	at com.google.android.gms.clearcut.internal.DefaultClearcutLoggerCallbacks.onLogError(PG:3)
11-11 19:22:44.005 13409 13454 W Binder  : Caught a RuntimeException from the binder stub implementation.
11-11 19:22:44.005 13409 13454 W Binder  : java.lang.UnsupportedOperationException
11-11 19:22:44.005 13409 13454 W Binder  : 	at com.google.android.gms.clearcut.internal.DefaultClearcutLoggerCallbacks.onLogError(PG:3)
11-11 19:22:48.162 12740 12740 D Capacitor: App restarted
11-11 19:22:48.165 12740 12740 D Capacitor: App started
11-11 19:22:48.170 12740 12740 D Capacitor/AppPlugin: Firing change: true
11-11 19:22:48.170 12740 12740 V Capacitor/AppPlugin: Notifying listeners for event appStateChange
11-11 19:22:48.170 12740 12740 D Capacitor/AppPlugin: No listeners found for event appStateChange
11-11 19:22:48.170 12740 12740 V Capacitor/AppPlugin: Notifying listeners for event resume
11-11 19:22:48.170 12740 12740 D Capacitor/AppPlugin: No listeners found for event resume
11-11 19:22:48.179 12740 12740 D Capacitor: App resumed
11-11 19:22:48.184 12740 12740 V Capacitor/AppPlugin: Notifying listeners for event pause
11-11 19:22:48.185 12740 12740 D Capacitor/AppPlugin: No listeners found for event pause
11-11 19:22:48.189 12740 12740 D Capacitor: App paused
11-11 19:22:48.216 12740 12740 I View    : setRequestedFrameRate frameRate=-4.0, this=com.getcapacitor.CapacitorWebView{9dba933 VFEDHVC.. .F...... 0,0-720,1600 #7f0801cc app:id/webview}, caller=WV.ef.b:1 WV.fg.h:118 WV.fg.onDraw:7 com.android.webview.chromium.WebViewChromium.onDraw:35 android.webkit.WebView.onDraw:2959 
11-11 19:22:48.270 12740 12740 D Capacitor/AppPlugin: Firing change: false
11-11 19:22:48.270 12740 12740 V Capacitor/AppPlugin: Notifying listeners for event appStateChange
11-11 19:22:48.270 12740 12740 D Capacitor/AppPlugin: No listeners found for event appStateChange
11-11 19:22:48.270 12740 12740 D Capacitor: App stopped
11-11 19:22:48.271 12740 12740 D Capacitor: Saving instance state!
11-11 19:22:52.148 13409 13454 W Binder  : Caught a RuntimeException from the binder stub implementation.
11-11 19:22:52.148 13409 13454 W Binder  : java.lang.UnsupportedOperationException
11-11 19:22:52.148 13409 13454 W Binder  : 	at com.google.android.gms.clearcut.internal.DefaultClearcutLoggerCallbacks.onLogError(PG:3)
11-11 19:22:52.300 13409 13454 W Binder  : Caught a RuntimeException from the binder stub implementation.
11-11 19:22:52.300 13409 13454 W Binder  : java.lang.UnsupportedOperationException
11-11 19:22:52.300 13409 13454 W Binder  : 	at com.google.android.gms.clearcut.internal.DefaultClearcutLoggerCallbacks.onLogError(PG:3)
11-11 19:22:52.321 13409 13454 W Binder  : Caught a RuntimeException from the binder stub implementation.
11-11 19:22:52.321 13409 13454 W Binder  : java.lang.UnsupportedOperationException
11-11 19:22:52.321 13409 13454 W Binder  : 	at com.google.android.gms.clearcut.internal.DefaultClearcutLoggerCallbacks.onLogError(PG:3)
11-11 19:22:52.325 13409 13454 W Binder  : Caught a RuntimeException from the binder stub implementation.
11-11 19:22:52.325 13409 13454 W Binder  : java.lang.UnsupportedOperationException
11-11 19:22:52.325 13409 13454 W Binder  : 	at com.google.android.gms.clearcut.internal.DefaultClearcutLoggerCallbacks.onLogError(PG:3)
11-11 19:22:52.332 13409 13454 W Binder  : Caught a RuntimeException from the binder stub implementation.
11-11 19:22:52.332 13409 13454 W Binder  : java.lang.UnsupportedOperationException
11-11 19:22:52.332 13409 13454 W Binder  : 	at com.google.android.gms.clearcut.internal.DefaultClearcutLoggerCallbacks.onLogError(PG:3)
11-11 19:22:52.355 13409 13454 W Binder  : Caught a RuntimeException from the binder stub implementation.
11-11 19:22:52.355 13409 13454 W Binder  : java.lang.UnsupportedOperationException
11-11 19:22:52.355 13409 13454 W Binder  : 	at com.google.android.gms.clearcut.internal.DefaultClearcutLoggerCallbacks.onLogError(PG:3)
11-11 19:22:52.420 13409 13454 W Binder  : Caught a RuntimeException from the binder stub implementation.
11-11 19:22:52.420 13409 13454 W Binder  : java.lang.UnsupportedOperationException
11-11 19:22:52.420 13409 13454 W Binder  : 	at com.google.android.gms.clearcut.internal.DefaultClearcutLoggerCallbacks.onLogError(PG:3)
11-11 19:22:52.429 13409 13497 I BugleRcsJibe: RcsServiceConnectionException was raised while waiting to connect to RcsEngineLifecycleServiceV2
11-11 19:22:52.615 13409 13514 W Binder  : Caught a RuntimeException from the binder stub implementation.
11-11 19:22:52.615 13409 13514 W Binder  : java.lang.UnsupportedOperationException
11-11 19:22:52.615 13409 13514 W Binder  : 	at com.google.android.gms.clearcut.internal.DefaultClearcutLoggerCallbacks.onLogError(PG:3)
11-11 19:22:52.640 13409 13497 I BugleRcsJibe: RcsServiceConnectionException was raised while waiting to connect to RcsEngineLifecycleServiceV2
11-11 19:22:52.645 13409 13514 W Binder  : Caught a RuntimeException from the binder stub implementation.
11-11 19:22:52.645 13409 13514 W Binder  : java.lang.UnsupportedOperationException
11-11 19:22:52.645 13409 13514 W Binder  : 	at com.google.android.gms.clearcut.internal.DefaultClearcutLoggerCallbacks.onLogError(PG:3)
11-11 19:22:52.653 13409 13496 I BugleRcsJibe: RcsServiceConnectionException was raised while waiting to connect to RcsEngineLifecycleServiceV2
11-11 19:22:52.665 13409 13514 W Binder  : Caught a RuntimeException from the binder stub implementation.
11-11 19:22:52.665 13409 13514 W Binder  : java.lang.UnsupportedOperationException
11-11 19:22:52.665 13409 13514 W Binder  : 	at com.google.android.gms.clearcut.internal.DefaultClearcutLoggerCallbacks.onLogError(PG:3)
11-11 19:22:52.786  2355  3342 I ErisClient -- ErisClient: parseDaemonResponse() {"msgType":4,"msgData":{"stateCode":3,"errorCode":0,"ikeErrorCode":0,"backoffTimer":-1,"cid":2,"mIkeSrcPort":50261}}
11-11 19:22:52.786  2355  3342 I ErisClient -- ErisClient: getErisErrorFromDaemonError()
11-11 19:22:53.043 13409 13514 W Binder  : Caught a RuntimeException from the binder stub implementation.
11-11 19:22:53.043 13409 13514 W Binder  : java.lang.UnsupportedOperationException
11-11 19:22:53.043 13409 13514 W Binder  : 	at com.google.android.gms.clearcut.internal.DefaultClearcutLoggerCallbacks.onLogError(PG:3)
11-11 19:22:53.068 13409 13514 W Binder  : Caught a RuntimeException from the binder stub implementation.
11-11 19:22:53.068 13409 13514 W Binder  : java.lang.UnsupportedOperationException
11-11 19:22:53.068 13409 13514 W Binder  : 	at com.google.android.gms.clearcut.internal.DefaultClearcutLoggerCallbacks.onLogError(PG:3)
11-11 19:22:53.108 13409 13514 W Binder  : Caught a RuntimeException from the binder stub implementation.
11-11 19:22:53.108 13409 13514 W Binder  : java.lang.UnsupportedOperationException
11-11 19:22:53.108 13409 13514 W Binder  : 	at com.google.android.gms.clearcut.internal.DefaultClearcutLoggerCallbacks.onLogError(PG:3)
11-11 19:22:59.043 13409 13457 W Binder  : Caught a RuntimeException from the binder stub implementation.
11-11 19:22:59.043 13409 13457 W Binder  : java.lang.UnsupportedOperationException
11-11 19:22:59.043 13409 13457 W Binder  : 	at com.google.android.gms.clearcut.internal.DefaultClearcutLoggerCallbacks.onLogError(PG:3)
11-11 19:23:51.174 12951 13097 E MvfstCallbacks.cpp: readError: streamid=0; error=TransportError: Internal Error, Error on socket write Operation not permitted, 
11-11 19:23:51.175 12951 13097 E MvfstCallbacks.cpp: readError: streamid=3; error=TransportError: Internal Error, Error on socket write Operation not permitted, 
11-11 19:23:51.175 12951 13097 E MvfstCallbacks.cpp: readError: streamid=7; error=TransportError: Internal Error, Error on socket write Operation not permitted, 
11-11 19:23:51.175 12951 13097 E MvfstCallbacks.cpp: readError: streamid=11; error=TransportError: Internal Error, Error on socket write Operation not permitted, 
11-11 19:23:51.175 12951 13097 E MvfstCallbacks.cpp: onConnectionError: error=TransportError: Internal Error, Error on socket write Operation not permitted, 
11-11 19:23:51.181 12951 13022 E MQTTBypassDGWStreamGroupCallbacks.cpp: onStreamGroupError TransientError domain: MNSQUICConnection code: 0 detail: Error on socket write Operation not permitted, 
11-11 19:23:51.182 12951 13022 W MQTTBypassDGWStreamGroupConnection.cpp: Restarting due to reason: StreamError
11-11 19:23:52.206 12951 13097 E MvfstCallbacks.cpp: onConnectionSetupError: error=TransportError: Internal Error, Error on socket write Operation not permitted, 
11-11 19:23:52.210 13409 13576 W Binder  : Caught a RuntimeException from the binder stub implementation.
11-11 19:23:52.210 13409 13576 W Binder  : java.lang.UnsupportedOperationException
11-11 19:23:52.210 13409 13576 W Binder  : 	at com.google.android.gms.clearcut.internal.DefaultClearcutLoggerCallbacks.onLogError(PG:3)
11-11 19:23:59.426 12951 13097 E MvfstCallbacks.cpp: onConnectionSetupError: error=TransportError: Internal Error, Error on socket write Operation not permitted, 
11-11 19:24:02.441 12951 13049 E MvfstCallbacks.cpp: readError: streamid=3; error=TransportError: Internal Error, Error on socket write Operation not permitted, 
11-11 19:24:02.441 12951 13049 E MvfstCallbacks.cpp: readError: streamid=7; error=TransportError: Internal Error, Error on socket write Operation not permitted, 
11-11 19:24:02.442 12951 13049 E MvfstCallbacks.cpp: readError: streamid=11; error=TransportError: Internal Error, Error on socket write Operation not permitted, 
11-11 19:24:02.442 12951 13049 E MvfstCallbacks.cpp: onConnectionError: error=TransportError: Internal Error, Error on socket write Operation not permitted, 
11-11 19:24:06.750 12951 13097 E MvfstCallbacks.cpp: onConnectionSetupError: error=TransportError: Internal Error, Error on socket write Operation not permitted, 
11-11 19:24:08.089 12951 13049 E MvfstCallbacks.cpp: readError: streamid=3; error=TransportError: Internal Error, Error on socket write Operation not permitted, 
11-11 19:24:08.089 12951 13049 E MvfstCallbacks.cpp: readError: streamid=7; error=TransportError: Internal Error, Error on socket write Operation not permitted, 
11-11 19:24:08.089 12951 13049 E MvfstCallbacks.cpp: readError: streamid=11; error=TransportError: Internal Error, Error on socket write Operation not permitted, 
11-11 19:24:08.089 12951 13049 E MvfstCallbacks.cpp: onConnectionError: error=TransportError: Internal Error, Error on socket write Operation not permitted, 
11-11 19:24:13.686 13656 13708 W JobInfo : Job 'com.whatsapp.w4b/com.whatsapp.crash.upload.ExceptionsUploadService#1' has a deadline with no functional constraints. The deadline won't improve job execution latency. Consider removing the deadline.
11-11 19:24:13.687  1494  2793 W JobInfo : Job 'com.whatsapp.w4b/com.whatsapp.crash.upload.ExceptionsUploadService#1' has a deadline with no functional constraints. The deadline won't improve job execution latency. Consider removing the deadline.
11-11 19:24:15.367 12951 13097 E MvfstCallbacks.cpp: onConnectionSetupError: error=TransportError: Internal Error, Error on socket write Operation not permitted, 
11-11 19:24:16.817   992   992 E SEC_DRM_PLUGIN_Omafl: OmaPlugin::onOpenDecryptSession(fd)::Drm2IsDrmFileByExtFd::file is NOT DRM by extension
11-11 19:24:17.358  1099 13817 V NuPlayer: checkOffloadExceptions is true, call canOffloadStream
11-11 19:24:17.362  1099 13817 V NuPlayer: checkOffloadExceptions is true, call canOffloadStream
11-11 19:24:17.827   352 13653 I NearbySharing: java.lang.InterruptedException
11-11 19:24:17.850   352 13499 W LogErrorOperation: onLogError callback failed.
11-11 19:24:17.860   352 13499 W LogErrorOperation: onLogError callback failed.
11-11 19:24:17.864   352 13499 W LogErrorOperation: onLogError callback failed.
11-11 19:24:17.866   352 13499 W LogErrorOperation: onLogError callback failed.
11-11 19:24:17.957   352 13499 W LogErrorOperation: onLogError callback failed.
11-11 19:24:17.963   352 13499 W LogErrorOperation: onLogError callback failed.
11-11 19:24:20.679 12951 13049 E MvfstCallbacks.cpp: readError: streamid=3; error=TransportError: Internal Error, Error on socket write Operation not permitted, 
11-11 19:24:20.679 12951 13049 E MvfstCallbacks.cpp: readError: streamid=7; error=TransportError: Internal Error, Error on socket write Operation not permitted, 
11-11 19:24:20.680 12951 13049 E MvfstCallbacks.cpp: readError: streamid=11; error=TransportError: Internal Error, Error on socket write Operation not permitted, 
11-11 19:24:20.680 12951 13049 E MvfstCallbacks.cpp: onConnectionError: error=TransportError: Internal Error, Error on socket write Operation not permitted, 
11-11 19:24:22.121 13409 13576 W Binder  : Caught a RuntimeException from the binder stub implementation.
11-11 19:24:22.121 13409 13576 W Binder  : java.lang.UnsupportedOperationException
11-11 19:24:22.121 13409 13576 W Binder  : 	at com.google.android.gms.clearcut.internal.DefaultClearcutLoggerCallbacks.onLogError(PG:3)
11-11 19:24:23.108 13409 13576 W Binder  : Caught a RuntimeException from the binder stub implementation.
11-11 19:24:23.108 13409 13576 W Binder  : java.lang.UnsupportedOperationException
11-11 19:24:23.108 13409 13576 W Binder  : 	at com.google.android.gms.clearcut.internal.DefaultClearcutLoggerCallbacks.onLogError(PG:3)
11-11 19:24:23.114 13409 13576 W Binder  : Caught a RuntimeException from the binder stub implementation.
11-11 19:24:23.114 13409 13576 W Binder  : java.lang.UnsupportedOperationException
11-11 19:24:23.114 13409 13576 W Binder  : 	at com.google.android.gms.clearcut.internal.DefaultClearcutLoggerCallbacks.onLogError(PG:3)
11-11 19:24:23.941 12951 13097 E MvfstCallbacks.cpp: onConnectionSetupError: error=TransportError: Internal Error, Error on socket write Operation not permitted, 
11-11 19:24:32.381 12951 13097 E MvfstCallbacks.cpp: onConnectionSetupError: error=TransportError: Internal Error, Error on socket write Operation not permitted, 
11-11 19:24:41.171 12951 13097 E MvfstCallbacks.cpp: onConnectionSetupError: error=TransportError: Internal Error, Error on socket write Operation not permitted, 
11-11 19:24:43.150 12951 13049 E MvfstCallbacks.cpp: onConnectionSetupError: error=TransportError: Internal Error, Error on socket write Operation not permitted, 
11-11 19:24:49.663 12951 13097 E MvfstCallbacks.cpp: onConnectionSetupError: error=TransportError: Internal Error, Error on socket write Operation not permitted, 
11-11 19:24:52.872  2355  3342 I ErisClient -- ErisClient: parseDaemonResponse() {"msgType":4,"msgData":{"stateCode":3,"errorCode":0,"ikeErrorCode":0,"backoffTimer":-1,"cid":2,"mIkeSrcPort":50261}}
11-11 19:24:52.872  2355  3342 I ErisClient -- ErisClient: getErisErrorFromDaemonError()
11-11 19:24:59.159 12951 13097 E MvfstCallbacks.cpp: onConnectionSetupError: error=TransportError: Internal Error, Error on socket write Operation not permitted, 
11-11 19:25:08.738 12951 13097 E MvfstCallbacks.cpp: onConnectionSetupError: error=TransportError: Internal Error, Error on socket write Operation not permitted, 
11-11 19:25:19.000 12951 13019 E MQTTBypassDGWStreamGroupCallbacks.cpp: onStreamGroupError StreamGroupNetworkRequest request cancelled: max retries reached; last err (TransientError domain: MNSSecureTCP code: 1 detail: SecureTCP connection establish timeout)
11-11 19:25:19.001 12951 13019 W MQTTBypassDGWStreamGroupConnection.cpp: Restarting due to reason: StreamError
11-11 19:25:20.024 12951 13097 E MvfstCallbacks.cpp: onConnectionSetupError: error=TransportError: Internal Error, Error on socket write Operation not permitted, 
11-11 19:25:27.251 12951 13097 E MvfstCallbacks.cpp: onConnectionSetupError: error=TransportError: Internal Error, Error on socket write Operation not permitted, 
11-11 19:25:34.572 12951 13097 E MvfstCallbacks.cpp: onConnectionSetupError: error=TransportError: Internal Error, Error on socket write Operation not permitted, 
11-11 19:25:42.538 12951 13097 E MvfstCallbacks.cpp: onConnectionSetupError: error=TransportError: Internal Error, Error on socket write Operation not permitted, 
11-11 19:25:51.463 12951 13097 E MvfstCallbacks.cpp: onConnectionSetupError: error=TransportError: Internal Error, Error on socket write Operation not permitted, 
11-11 19:25:59.720 12951 13097 E MvfstCallbacks.cpp: onConnectionSetupError: error=TransportError: Internal Error, Error on socket write Operation not permitted, 
11-11 19:26:09.031 12951 13097 E MvfstCallbacks.cpp: onConnectionSetupError: error=TransportError: Internal Error, Error on socket write Operation not permitted, 
11-11 19:26:18.070 12951 13097 E MvfstCallbacks.cpp: onConnectionSetupError: error=TransportError: Internal Error, Error on socket write Operation not permitted, 
11-11 19:26:27.698 12951 13097 E MvfstCallbacks.cpp: onConnectionSetupError: error=TransportError: Internal Error, Error on socket write Operation not permitted, 
11-11 19:26:28.828 12951 13049 E MvfstCallbacks.cpp: onConnectionSetupError: error=TransportError: Internal Error, Error on socket write Operation not permitted, 
11-11 19:26:29.230 12951 13049 E MvfstCallbacks.cpp: onConnectionSetupError: error=TransportError: Internal Error, Error on socket write Operation not permitted, 
11-11 19:26:37.169 12951 13097 E MvfstCallbacks.cpp: onConnectionSetupError: error=TransportError: Internal Error, Error on socket write Operation not permitted, 
11-11 19:26:47.383 12951 13022 E MQTTBypassDGWStreamGroupCallbacks.cpp: onStreamGroupError StreamGroupNetworkRequest request cancelled: max retries reached; last err (TransientError domain: MNSSecureTCP code: 1 detail: SecureTCP connection establish timeout)
11-11 19:26:47.384 12951 13022 W MQTTBypassDGWStreamGroupConnection.cpp: Restarting due to reason: StreamError
11-11 19:26:48.402 12951 13097 E MvfstCallbacks.cpp: onConnectionSetupError: error=TransportError: Internal Error, Error on socket write Operation not permitted, 
11-11 19:26:52.851  2355  3342 I ErisClient -- ErisClient: parseDaemonResponse() {"msgType":4,"msgData":{"stateCode":3,"errorCode":0,"ikeErrorCode":0,"backoffTimer":-1,"cid":2,"mIkeSrcPort":50261}}
11-11 19:26:52.851  2355  3342 I ErisClient -- ErisClient: getErisErrorFromDaemonError()
11-11 19:26:55.628 12951 13097 E MvfstCallbacks.cpp: onConnectionSetupError: error=TransportError: Internal Error, Error on socket write Operation not permitted, 
11-11 19:27:02.948 12951 13097 E MvfstCallbacks.cpp: onConnectionSetupError: error=TransportError: Internal Error, Error on socket write Operation not permitted, 
11-11 19:27:11.460 12951 13097 E MvfstCallbacks.cpp: onConnectionSetupError: error=TransportError: Internal Error, Error on socket write Operation not permitted, 
11-11 19:27:19.831 12951 13097 E MvfstCallbacks.cpp: onConnectionSetupError: error=TransportError: Internal Error, Error on socket write Operation not permitted, 
11-11 19:27:28.794 12951 13097 E MvfstCallbacks.cpp: onConnectionSetupError: error=TransportError: Internal Error, Error on socket write Operation not permitted, 
11-11 19:27:37.832 12951 13097 E MvfstCallbacks.cpp: onConnectionSetupError: error=TransportError: Internal Error, Error on socket write Operation not permitted, 
11-11 19:27:40.580  1987  1987 D SPluginManagerImpl: onReceive: android.intent.action.PACKAGE_REMOVED, size:{com.android.systemui.volume.VolumeStarInteractor$start$1@30391fb=SPluginInstanceManager@267441726 (action=com.samsung.systemui.volume.PLUGIN), com.samsung.android.systemui.multistar.MultiStarManager$2@3260639=SPluginInstanceManager@214322335 (action=com.samsung.systemui.action.PLUGIN_MULTISTAR), com.android.systemui.noticenter.NotiCenterPlugin$NotiCenterPluginListener@35be72a=SPluginInstanceManager@230769132 (action=com.samsung.systemui.action.PLUGIN_NOTICENTER), com.android.systemui.pluginlock.PluginLockMediatorImpl@9f82a2b=SPluginInstanceManager@99035573 (action=com.samsung.systemui.action.PLUGIN_LOCK), com.android.systemui.slimindicator.SlimIndicatorPluginMediator@c361574=SPluginInstanceManager@153098314 (action=com.samsung.systemui.action.SPLUGIN_SLIMINDICATOR), com.android.systemui.navigationbar.plugin.PluginBarInteractionManager$pluginListener$1@e7acfe2=SPluginInstanceManager@223155131 (action=com.samsung.systemui.navigationbar.PLUGIN)}
11-11 19:27:40.605  8735  8735 E SDHMS:BatteryStatsDBProvider: delete Exception : no such table: 10332 (code 1 SQLITE_ERROR[1]): , while compiling: DELETE FROM [10332]
11-11 19:27:40.701  1494  8690 W AppSearchAppsUtil: android.content.pm.PackageManager$NameNotFoundException
11-11 19:27:40.702  1494  8690 W AppSearchAppsUtil: android.content.pm.PackageManager$NameNotFoundException
11-11 19:27:40.702  1494  8690 W AppSearchAppsUtil: android.content.pm.PackageManager$NameNotFoundException
11-11 19:27:40.703  1494  8690 W AppSearchAppsUtil: android.content.pm.PackageManager$NameNotFoundException
11-11 19:27:40.703  1494  8690 W AppSearchAppsUtil: android.content.pm.PackageManager$NameNotFoundException
11-11 19:27:40.703  1494  8690 W AppSearchAppsUtil: android.content.pm.PackageManager$NameNotFoundException
11-11 19:27:40.704  1494  8690 W AppSearchAppsUtil: android.content.pm.PackageManager$NameNotFoundException
11-11 19:27:40.704  1494  8690 W AppSearchAppsUtil: android.content.pm.PackageManager$NameNotFoundException
11-11 19:27:40.705  1494  8690 W AppSearchAppsUtil: android.content.pm.PackageManager$NameNotFoundException
11-11 19:27:40.705  1494  8690 W AppSearchAppsUtil: android.content.pm.PackageManager$NameNotFoundException
11-11 19:27:40.705  1494  8690 W AppSearchAppsUtil: android.content.pm.PackageManager$NameNotFoundException
11-11 19:27:40.706  1494  8690 W AppSearchAppsUtil: android.content.pm.PackageManager$NameNotFoundException
11-11 19:27:40.706  1494  8690 W AppSearchAppsUtil: android.content.pm.PackageManager$NameNotFoundException
11-11 19:27:41.130  5285  5327 W ResourcesManager: java.io.IOException: Failed to load asset path /data/app/~~gnbxPmMlLnoLwlqQRh8evw==/com.biopeakai.performance-YMMo9JMGake0cPAe62tJEQ==/base.apk
11-11 19:27:41.132  5285  5327 E ResourcesManager: java.io.IOException: Failed to load asset path /data/app/~~gnbxPmMlLnoLwlqQRh8evw==/com.biopeakai.performance-YMMo9JMGake0cPAe62tJEQ==/base.apk
11-11 19:27:41.152  5285  5285 W Finsky  : [2] STU: Failed to get storage stats for package 'com.biopeakai.performance' (1601: Error getting stats: android.content.pm.PackageManager.NameNotFoundException)
11-11 19:27:41.377  2785  2785 I HoneySpace.HoneySpaceManagerContainer: refreshHoneyPlugin, packageName: com.biopeakai.performance
11-11 19:27:41.639  1987  1987 I ComplicationWidgetPluginController: onDataChanged start aod.IS{5b888e3 V.E...... ......ID 360,0-360,0}
11-11 19:27:41.914 14103 14177 I Finsky:background: [570] SettingNotFoundException, fall through to G.downloadBytesOverMobileMaximum
11-11 19:27:41.921 14103 14177 I Finsky:background: [570] SettingNotFoundException, fall through to G.downloadBytesOverMobileRecommended
11-11 19:27:42.239 14150 14150 E AODSettingsHelper: HashMap CollisionException!! Please don't add same setting uri!!! NewKey:remove_animations, OriKey:remove_animations
11-11 19:27:42.354 14150 14150 E getBitmap : FileNotFoundException: /data/user/0/com.samsung.android.app.clockpack/files/sub_home_wallpaper_bitmap: open failed: ENOENT (No such file or directory)
11-11 19:27:42.355 14150 14150 E getBitmap : FileNotFoundException: /data/user/0/com.samsung.android.app.clockpack/files/sub_home_theme_wallpaper_bitmap: open failed: ENOENT (No such file or directory)
11-11 19:27:42.357 14150 14150 E getBitmap : FileNotFoundException: /data/user/0/com.samsung.android.app.clockpack/files/sub_home_wallpaper_bitmap: open failed: ENOENT (No such file or directory)
11-11 19:27:42.357 14150 14150 E getBitmap : FileNotFoundException: /data/user/0/com.samsung.android.app.clockpack/files/sub_home_theme_wallpaper_bitmap: open failed: ENOENT (No such file or directory)
11-11 19:27:42.674  8637  2952 E MediaProvider: java.lang.IllegalArgumentException: Primary directory null not allowed for content://media/external_primary/file; allowed directories are [Download, Documents]
11-11 19:27:42.697  8637  8906 E MediaProvider: java.lang.IllegalArgumentException: Primary directory null not allowed for content://media/external_primary/file; allowed directories are [Download, Documents]
11-11 19:27:42.713  8637  3005 E MediaProvider: java.lang.IllegalArgumentException: Primary directory null not allowed for content://media/external_primary/file; allowed directories are [Download, Documents]
11-11 19:27:42.731  8637  8904 E MediaProvider: java.lang.IllegalArgumentException: Primary directory null not allowed for content://media/external_primary/file; allowed directories are [Download, Documents]
11-11 19:27:42.759  8637  8908 E MediaProvider: java.lang.IllegalArgumentException: Primary directory null not allowed for content://media/external_primary/file; allowed directories are [Download, Documents]
11-11 19:27:42.765 14258 14258 I MAMInfo : MAMInfo initialized. Debug=false, Agent=PRODUCTION, ManagedDialogDisabled=false, PolicyRequired=false, MultiIdentityEnabled=true, FullBackupContent=true, DataExtractionRules=true, UseDefaultEnrollment=false, ExceptionOnInit=false, Debuggable=false, IsolatedProcessesAllowed=false
11-11 19:27:42.778  8637  2952 E MediaProvider: java.lang.IllegalArgumentException: Primary directory null not allowed for content://media/external_primary/file; allowed directories are [Download, Documents]
11-11 19:27:42.796  8637 13791 E MediaProvider: java.lang.IllegalArgumentException: Primary directory null not allowed for content://media/external_primary/file; allowed directories are [Download, Documents]
11-11 19:27:42.816  8637  3005 E MediaProvider: java.lang.IllegalArgumentException: Primary directory null not allowed for content://media/external_primary/file; allowed directories are [Download, Documents]
11-11 19:27:42.832  8637  8904 E MediaProvider: java.lang.IllegalArgumentException: Primary directory null not allowed for content://media/external_primary/file; allowed directories are [Download, Documents]
11-11 19:27:42.841 14290 14290 E AODSettingsHelper: HashMap CollisionException!! Please don't add same setting uri!!! NewKey:remove_animations, OriKey:remove_animations
11-11 19:27:42.853  8637  8908 E MediaProvider: java.lang.IllegalArgumentException: Primary directory null not allowed for content://media/external_primary/file; allowed directories are [Download, Documents]
11-11 19:27:44.867  1987  2280 D PluginActionManager: queryPkg com.microsoft.skydrive com.android.systemui.action.PLUGIN_QS
11-11 19:27:44.872  1987  2280 D PluginActionManager: Found 0 plugins
11-11 19:27:44.873  1987  2280 D PluginActionManager: queryPkg com.microsoft.skydrive com.android.systemui.action.PLUGIN_NOTIFICATION_MENU_ROW
11-11 19:27:44.874  1987  1987 D SPluginManagerImpl: onReceive: android.intent.action.PACKAGE_CHANGED, size:{com.android.systemui.volume.VolumeStarInteractor$start$1@30391fb=SPluginInstanceManager@267441726 (action=com.samsung.systemui.volume.PLUGIN), com.samsung.android.systemui.multistar.MultiStarManager$2@3260639=SPluginInstanceManager@214322335 (action=com.samsung.systemui.action.PLUGIN_MULTISTAR), com.android.systemui.noticenter.NotiCenterPlugin$NotiCenterPluginListener@35be72a=SPluginInstanceManager@230769132 (action=com.samsung.systemui.action.PLUGIN_NOTICENTER), com.android.systemui.pluginlock.PluginLockMediatorImpl@9f82a2b=SPluginInstanceManager@99035573 (action=com.samsung.systemui.action.PLUGIN_LOCK), com.android.systemui.slimindicator.SlimIndicatorPluginMediator@c361574=SPluginInstanceManager@153098314 (action=com.samsung.systemui.action.SPLUGIN_SLIMINDICATOR), com.android.systemui.navigationbar.plugin.PluginBarInteractionManager$pluginListener$1@e7acfe2=SPluginInstanceManager@223155131 (action=com.samsung.systemui.navigationbar.PLUGIN)}
11-11 19:27:44.877  1987  2280 D PluginActionManager: Found 0 plugins
11-11 19:27:44.877  1987  2280 D PluginActionManager: queryPkg com.microsoft.skydrive com.android.systemui.action.PLUGIN_NOTIFICATION_MENU_ROW
11-11 19:27:44.883  1987  2280 D PluginActionManager: Found 0 plugins
11-11 19:27:44.883  1987  2280 D PluginActionManager: queryPkg com.microsoft.skydrive com.android.systemui.action.PLUGIN_CLOCK_PROVIDER
11-11 19:27:44.885  1987  2280 D PluginActionManager: Found 0 plugins
11-11 19:27:44.886  1987  2280 D PluginActionManager: queryPkg com.microsoft.skydrive com.android.systemui.action.PLUGIN_NOTIFICATION_ASSISTANT
11-11 19:27:44.886  1987  2280 D PluginActionManager: Found 0 plugins
11-11 19:27:44.887  1987  2280 D PluginActionManager: queryPkg com.microsoft.skydrive com.samsung.systemui.action.PLUGIN_CLOCK_PACK
11-11 19:27:44.887  1987  2280 D PluginActionManager: Too many of com.samsung.systemui.action.PLUGIN_CLOCK_PACK
11-11 19:27:44.887  1987  2280 D PluginActionManager: queryPkg com.microsoft.skydrive com.android.systemui.action.PLUGIN_OVERLAY
11-11 19:27:44.888  1987  2280 D PluginActionManager: Found 0 plugins
11-11 19:27:44.888  1987  2280 D PluginActionManager: queryPkg com.microsoft.skydrive com.samsung.systemui.action.PLUGIN_FACE_WIDGET
11-11 19:27:44.888  1987  2280 D PluginActionManager: Too many of com.samsung.systemui.action.PLUGIN_FACE_WIDGET
11-11 19:27:44.888  1987  2280 D PluginActionManager: queryPkg com.microsoft.skydrive com.android.systemui.action.PLUGIN_NOTIFICATION_MENU_ROW
11-11 19:27:44.889  1987  2280 D PluginActionManager: Found 0 plugins
11-11 19:27:44.889  1987  2280 D PluginActionManager: queryPkg com.microsoft.skydrive com.android.systemui.action.PLUGIN_NOTIFICATION_MENU_ROW
11-11 19:27:44.890  1987  2280 D PluginActionManager: Found 0 plugins
11-11 19:27:44.890  1987  2280 D PluginActionManager: queryPkg com.microsoft.skydrive com.android.systemui.action.PLUGIN_QS_FACTORY
11-11 19:27:44.891  1987  2280 D PluginActionManager: Found 0 plugins
11-11 19:27:44.891  1987  2280 D PluginActionManager: queryPkg com.microsoft.skydrive com.android.systemui.action.PLUGIN_NOTIFICATION_MENU_ROW
11-11 19:27:44.892  1987  2280 D PluginActionManager: Found 0 plugins
11-11 19:27:44.892  1987  2280 D PluginActionManager: queryPkg com.microsoft.skydrive com.android.systemui.action.PLUGIN_GLOBAL_ACTIONS
11-11 19:27:44.894  1987  2280 D PluginActionManager: Found 0 plugins
11-11 19:27:44.894  1987  2280 D PluginActionManager: queryPkg com.microsoft.skydrive com.android.systemui.action.PLUGIN_NOTIFICATION_MENU_ROW
11-11 19:27:44.895  1987  2280 D PluginActionManager: Found 0 plugins
11-11 19:27:44.895  1987  2280 D PluginActionManager: queryPkg com.microsoft.skydrive com.android.systemui.action.PLUGIN_NOTIFICATION_MENU_ROW
11-11 19:27:44.896  1987  2280 D PluginActionManager: Found 0 plugins
11-11 19:27:44.896  1987  2280 D PluginActionManager: queryPkg com.microsoft.skydrive com.android.systemui.action.PLUGIN_NOTIFICATION_MENU_ROW
11-11 19:27:44.897  1987  2280 D PluginActionManager: Found 0 plugins
11-11 19:27:44.898  1987  2280 D PluginActionManager: queryPkg com.microsoft.skydrive com.android.systemui.action.PEOPLE_HUB_PERSON_EXTRACTOR
11-11 19:27:44.899  1987  2280 D PluginActionManager: Found 0 plugins
11-11 19:27:44.899  1987  2280 D PluginActionManager: queryPkg com.microsoft.skydrive com.android.systemui.action.PLUGIN_NOTIFICATION_MENU_ROW
11-11 19:27:44.902  1987  2280 D PluginActionManager: Found 0 plugins
11-11 19:27:44.902  1987  2280 D PluginActionManager: queryPkg com.microsoft.skydrive com.android.systemui.action.PLUGIN_NOTIFICATION_MENU_ROW
11-11 19:27:44.904  1987  2280 D PluginActionManager: Found 0 plugins
11-11 19:27:44.905  1987  2280 D PluginActionManager: queryPkg com.microsoft.skydrive com.android.systemui.action.PLUGIN_VOLUME
11-11 19:27:44.906  1987  2280 D PluginActionManager: Found 0 plugins
11-11 19:27:44.906  1987  2280 D PluginActionManager: queryPkg com.microsoft.skydrive com.android.systemui.action.PLUGIN_SENSOR_MANAGER
11-11 19:27:44.910  1987  2280 D PluginActionManager: Found 0 plugins
11-11 19:27:44.911  1987  2280 D PluginActionManager: queryPkg com.microsoft.skydrive com.android.systemui.action.PLUGIN_TOAST
11-11 19:27:44.917  1987  2280 D PluginActionManager: Found 0 plugins
11-11 19:27:44.917  1987  2280 D PluginActionManager: queryPkg com.microsoft.skydrive com.android.systemui.action.PLUGIN_NOTIFICATION_MENU_ROW
11-11 19:27:44.919  1987  2280 D PluginActionManager: Found 0 plugins
11-11 19:27:45.069 14258 14398 E OneAuthLog: [OneAuth:0002:Error::00000000] [Common] [2025-11-11 22:27:45 - thread_id: 615, correlation_id: UNSET - Android 35] Broker Result not returned from Broker   
11-11 19:27:45.088 14258 14403 E OneAuthLog: [OneAuth:0005:Error:96xl9:7128bed2] Setting correlation ID to identical value
11-11 19:27:45.088 14258 14403 E OneAuthLog: [OneAuth:0005:Error:96q8r:7128bed2] Attempting to set a new correlation ID to a thread with an existing correlation ID.
11-11 19:27:45.146  2785  2785 I HoneySpace.HoneySpaceManagerContainer: refreshHoneyPlugin, packageName: com.microsoft.skydrive
11-11 19:27:45.335 14458 14458 I [SC]SamsungCloudApp: time elapsed to initialize ExceptionFilterInitializer: 0
11-11 19:27:45.381 14458 14524 W Bundle  : java.lang.ClassCastException: java.lang.Float cannot be cast to java.lang.String
11-11 19:27:45.513 14458 14547 W System.err: android.content.pm.PackageManager$NameNotFoundException: com.samsung.android.kmxservice
11-11 19:27:49.430 14130 14141 W Binder  : Caught a RuntimeException from the binder stub implementation.
11-11 19:27:49.430 14130 14141 W Binder  : java.lang.UnsupportedOperationException
11-11 19:27:49.486 14130 14148 W Binder  : Caught a RuntimeException from the binder stub implementation.
11-11 19:27:49.486 14130 14148 W Binder  : java.lang.UnsupportedOperationException
11-11 19:27:50.647  1494  1957 W FileUtils: Failed to chmod(AtomicFile[/data/system_de/0/system/game-manager-service.xml]): android.system.ErrnoException: chmod failed: ENOENT (No such file or directory)
11-11 19:27:58.261 14705 14705 W MDCLLight: java.lang.ClassNotFoundException: kotlinx.coroutines.test.internal.TestMainDispatcherFactory
11-11 19:27:58.261 14705 14705 W MDCLLight: Caused by: java.lang.NoClassDefFoundError: Class not found using the boot class loader; no stack trace available
11-11 19:27:58.268 14705 14705 W AppInitScheduler|Schedule: Schedule 61:PluginInitializer, deps=[127] (59 pending tasks)
11-11 19:27:58.269 14705 14705 W AppInitScheduler|Schedule: java.lang.RuntimeException
11-11 19:27:58.279 14705 14758 W MDCLLight: java.lang.ClassNotFoundException: com.mediatek.perfservice.PerfServiceWrapper
11-11 19:27:58.279 14705 14758 W MDCLLight: Caused by: java.lang.NoClassDefFoundError: Class not found using the boot class loader; no stack trace available
11-11 19:27:58.282 14705 14758 W MDCLLight: java.lang.ClassNotFoundException: com.mediatek.powerhalmgr.PowerHalMgrFactory
11-11 19:27:58.282 14705 14758 W MDCLLight: Caused by: java.lang.NoClassDefFoundError: Class not found using the boot class loader; no stack trace available
11-11 19:27:58.449 14705 14758 W IgMetaConfig: java.lang.RuntimeException: Could not obtain MC, call-site will receive default values
11-11 19:27:58.451 14705 14758 W IgMetaConfig: java.lang.RuntimeException: Could not obtain MC, call-site will receive default values
11-11 19:27:58.451 14705 14758 W IgMetaConfig: java.lang.RuntimeException: Could not obtain MC, call-site will receive default values
11-11 19:27:58.469 14705 14758 W IgMetaConfig: java.lang.RuntimeException: Could not obtain MC, call-site will receive default values
11-11 19:27:58.507 14705 14758 E QPLProvider: java.lang.IllegalStateException: No QPL instance provided
11-11 19:27:58.507 14705 14758 E QPLProvider: java.lang.IllegalStateException: No QPL instance provided
11-11 19:27:58.507 14705 14758 E QPLProvider: java.lang.IllegalStateException: No QPL instance provided
11-11 19:27:58.507 14705 14758 E QPLProvider: java.lang.IllegalStateException: No QPL instance provided
11-11 19:27:58.507 14705 14758 E QPLProvider: java.lang.IllegalStateException: No QPL instance provided
11-11 19:27:58.507 14705 14758 E QPLProvider: java.lang.IllegalStateException: No QPL instance provided
11-11 19:27:58.508 14705 14758 E QPLProvider: java.lang.IllegalStateException: No QPL instance provided
11-11 19:27:58.509 14705 14758 E QPLProvider: java.lang.IllegalStateException: No QPL instance provided
11-11 19:27:58.509 14705 14758 E QPLProvider: java.lang.IllegalStateException: No QPL instance provided
11-11 19:27:58.560 14705 14783 W QPLConfig: java.io.FileNotFoundException: /data/user/0/com.instagram.android/app_qpl/qpl_sampling_config_v2.null: open failed: ENOENT (No such file or directory)
11-11 19:27:58.560 14705 14783 W QPLConfig: Caused by: android.system.ErrnoException: open failed: ENOENT (No such file or directory)
11-11 19:27:58.592   609  1330 E android.system.suspend-service: Error opening kernel wakelock stats for: wakeup26 (../../devices/platform/charger/power_supply/usb/wakeup26): Permission denied
11-11 19:27:58.595 14705 14787 W MDCLLight: java.lang.ClassNotFoundException: androidx.datastore.preferences.protobuf.Extension
11-11 19:27:58.595 14705 14787 W MDCLLight: Caused by: java.lang.NoClassDefFoundError: Class not found using the boot class loader; no stack trace available
11-11 19:27:58.603 14705 14787 W MDCLLight: java.lang.ClassNotFoundException: androidx.datastore.preferences.protobuf.ExtensionRegistry
11-11 19:27:58.603 14705 14787 W MDCLLight: Caused by: java.lang.NoClassDefFoundError: Class not found using the boot class loader; no stack trace available
11-11 19:27:58.608 14705 14787 W MDCLLight: java.lang.ClassNotFoundException: androidx.datastore.preferences.protobuf.DescriptorMessageInfoFactory
11-11 19:27:58.608 14705 14787 W MDCLLight: Caused by: java.lang.NoClassDefFoundError: Class not found using the boot class loader; no stack trace available
11-11 19:27:58.619   609  1330 E android.system.suspend-service: Error opening kernel wakelock stats for: wakeup24 (../../devices/platform/charger/power_supply/mtk_charger_type/wakeup24): Permission denied
11-11 19:27:58.628 14705 14787 W MDCLLight: java.lang.ClassNotFoundException: androidx.datastore.preferences.protobuf.GeneratedMessageV3
11-11 19:27:58.628 14705 14787 W MDCLLight: Caused by: java.lang.NoClassDefFoundError: Class not found using the boot class loader; no stack trace available
11-11 19:27:58.638 14705 14787 W MDCLLight: java.lang.ClassNotFoundException: androidx.datastore.preferences.protobuf.UnknownFieldSetSchema
11-11 19:27:58.638 14705 14787 W MDCLLight: Caused by: java.lang.NoClassDefFoundError: Class not found using the boot class loader; no stack trace available
11-11 19:27:58.641 14705 14787 W MDCLLight: java.lang.ClassNotFoundException: androidx.datastore.preferences.protobuf.UnknownFieldSetSchema
11-11 19:27:58.641 14705 14787 W MDCLLight: Caused by: java.lang.NoClassDefFoundError: Class not found using the boot class loader; no stack trace available
11-11 19:27:58.648 14705 14787 W MDCLLight: java.lang.ClassNotFoundException: org.robolectric.Robolectric
11-11 19:27:58.648 14705 14787 W MDCLLight: Caused by: java.lang.NoClassDefFoundError: Class not found using the boot class loader; no stack trace available
11-11 19:27:58.660 14705 14787 W MDCLLight: java.lang.ClassNotFoundException: androidx.datastore.preferences.protobuf.NewInstanceSchemaFull
11-11 19:27:58.660 14705 14787 W MDCLLight: Caused by: java.lang.NoClassDefFoundError: Class not found using the boot class loader; no stack trace available
11-11 19:27:58.663 14705 14787 W MDCLLight: java.lang.ClassNotFoundException: androidx.datastore.preferences.protobuf.ExtensionSchemaFull
11-11 19:27:58.663 14705 14787 W MDCLLight: Caused by: java.lang.NoClassDefFoundError: Class not found using the boot class loader; no stack trace available
11-11 19:27:58.665 14705 14797 E MvfstCallbacks.cpp: onConnectionSetupError: error=TransportError: Internal Error, Error on socket write Operation not permitted, 
11-11 19:27:58.666 14705 14787 W MDCLLight: java.lang.ClassNotFoundException: androidx.datastore.preferences.protobuf.MapFieldSchemaFull
11-11 19:27:58.666 14705 14787 W MDCLLight: Caused by: java.lang.NoClassDefFoundError: Class not found using the boot class loader; no stack trace available
11-11 19:27:58.747   609  1330 E android.system.suspend-service: Error opening kernel wakelock stats for: wakeup27 (../../devices/platform/charger/power_supply/otg/wakeup27): Permission denied
11-11 19:27:58.762 14705 14758 W AppInitScheduler|Schedule:   Executing 61:PluginInitializer
11-11 19:27:58.762 14705 14758 W AppInitScheduler|Run: Running PluginInitializer
11-11 19:27:58.775   609  1330 E android.system.suspend-service: Error opening kernel wakelock stats for: wakeup25 (../../devices/platform/charger/power_supply/ac/wakeup25): Permission denied
11-11 19:27:58.782 14705 14758 W AppInitScheduler|Run:   Finished PluginInitializer in 21ms
11-11 19:27:58.791   609  1330 E android.system.suspend-service: Error opening kernel wakelock stats for: wakeup33 (../../devices/platform/1000d000.pwrap/1000d000.pwrap:mt6358-pmic/mt6358-gauge/power_supply/mtk-gauge/wakeup33): Permission denied
11-11 19:27:58.856 14705 14758 W MDCLLight: java.lang.ClassNotFoundException: com.google.firebase.dynamicloading.DynamicLoadingRegistrar
11-11 19:27:58.856 14705 14758 W MDCLLight: Caused by: java.lang.NoClassDefFoundError: Class not found using the boot class loader; no stack trace available
11-11 19:27:58.874 14705 14775 W IgMetaConfig: java.lang.RuntimeException: Could not obtain MC, call-site will receive default values
11-11 19:27:58.900 14705 14762 W SessionScopedProviderInitializer: Initialize com.instagram.debug.quickexperiment.dumper.QuickExperimentDumperPlugin.UserSessionListener start
11-11 19:27:58.900 14705 14762 W SessionScopedProviderInitializer: Initialize com.instagram.debug.quickexperiment.dumper.QuickExperimentDumperPlugin.UserSessionListener end
11-11 19:27:58.913 14705 14731 W ProcessAnrErrorMonitor: startMonitoring with delay: 0
11-11 19:27:58.917 14705 14758 W IgMetaConfig: java.lang.RuntimeException: Could not obtain MC, call-site will receive default values
11-11 19:27:58.919 14705 14758 W IgMetaConfig: java.lang.RuntimeException: Could not obtain MC, call-site will receive default values
11-11 19:27:58.928 14705 14830 W ProcessAnrErrorMonitor: Starting process monitor checks for process 'com.instagram.android'
11-11 19:27:58.933  5285  5285 W Finsky  : [2] STU: Failed to get storage stats for package 'com.google.mainline.primary.libs' (1601: Error getting stats: android.content.pm.PackageManager.NameNotFoundException)
11-11 19:27:58.950 14705 14774 W SessionScopedProviderInitializer: Initialize com.instagram.wearable.warp.impl.WarpIgPluginManagerImpl.UserSessionStartListener start
11-11 19:27:58.958 14705 14774 W SessionScopedProviderInitializer: Initialize com.instagram.wearable.warp.impl.WarpIgPluginManagerImpl.UserSessionStartListener end
11-11 19:27:58.971 14705 14772 W SessionScopedProviderInitializer: Initialize instagram.features.direct.stella.impl.DirectStellaPluginImpl.UserSessionStart start
11-11 19:27:58.971 14705 14772 W DirectStellaPluginImpl: Stella starting new user session, registering call and contact change listeners
11-11 19:27:58.971 14705 14772 W SessionScopedProviderInitializer: Initialize instagram.features.direct.stella.impl.DirectStellaPluginImpl.UserSessionStart end
11-11 19:27:58.980  5285  5285 W Finsky  : [2] STU: Failed to get storage stats for package 'com.android.wifi' (1601: Error getting stats: android.content.pm.PackageManager.NameNotFoundException)
11-11 19:27:59.035 14705 14797 E MvfstCallbacks.cpp: onConnectionSetupError: error=TransportError: Internal Error, Error on socket write Operation not permitted, 
11-11 19:27:59.053 14705 14797 E MvfstCallbacks.cpp: onConnectionSetupError: error=TransportError: Internal Error, Error on socket write Operation not permitted, 
11-11 19:27:59.070  5285  5285 W Finsky  : [2] STU: Failed to get storage stats for package 'com.google.android.widevine.nonupdatable' (1601: Error getting stats: android.content.pm.PackageManager.NameNotFoundException)
11-11 19:27:59.071  5285  5285 W Finsky  : [2] STU: Failed to get storage stats for package 'com.samsung.android.camera.unihal' (1601: Error getting stats: android.content.pm.PackageManager.NameNotFoundException)
