11-11 19:27:59.103 14705 14740 W DGWClientHolder: DGWClientConfig IG4A\B4A: {deviceOS:android,isWorkBuild:false,appVersion:405.1.0.57.77,appId:567067343352427,streamIdleTimeoutMs:1800000,responseCompression:,enableHTTP3:false,zeroRatingEnabled:false,zeroUrlRewritingV2Enabled:false,zeroRatingCachingEnabled:false,gatewayDomain:test-gateway.instagram.com,streamGroupPingPeriod:25,streamGroupPingTimeout:10,streamGroupStopBgPingDelay:300,debugCallbackCrashes2:true,useCachedStreamGroupsStatus:false,closeNetworkConnectionOnTimeout:true,connectivityManagerOptions:{enablePingInBackground:true,bgPingIntervalMs:60000,pingIntervalInMs:{HIGH:0,MID:0,LOW:0,DEFAULT:60000},pingTimeoutInMs:{HIGH:0,MID:0,LOW:0,DEFAULT:5000},pingLatencyInMs:{HIGH:0, MID:0},skipPingAfterIngressTraffic:true,disablePingWhileNoActiveStream:false,sendPingOnAppForeground:false,pingTrafficTracingSamplingRate:0,initAppStateAsBackground:true,ignoreOnNetworkDisconnectedSignalForPing:true,initialUnreachableDelayFastMode:1000,ignoreOnNetworkDisconnectedSignalAndSendPing:true,markDisconnectedInBackground:false,shouldSetNotStartedOnFg:false,enableNetworkMonitorV2:false,extendedFgIntervalSeconds:120,useExtendedFgInterval:false,disableTransportInitFromNetworkMonitor:false,useExtendedFgIntervalNetworkChangeOnly:false,useTigon:false,useTigonInDeprecatedMNSClient:false,enableDeviceDataSettingsGetter:false},personalizationConfig:{enabled:false,streamEstablishmentLatencyInMs:{HIGH:0, MID:0},streamEstablishmentTimeoutInSeconds:{HIGH:10,MID:10,LOW:10,DEFAULT:30},publishTimeoutInSeconds:{HIGH:10,MID:10,LOW:10,DEFAULT:10},resetPersonalizationClassOnTimeout:false,sgConnectTimeoutInSeconds:{HIGH:0,MID:0,LOW:0,DEFAULT:0},sgPingTimeoutInSeconds:{HIGH:0,MID:0,LOW:0,DEFAULT:0},tunnelConnectTimeoutInSeconds:{HIGH:0,MID:0,LOW:0,DEFAULT:0},tunnelConnectAckTimeoutInSeconds:{HIGH:0,MID:0,LOW:0,DEFAULT:0},trackSgDataLatency:false},eagerStreamGroupEnabled:false,keepStreamGroupAliveAfterLastStream:false,enableFetchRegionHintFromWww:false,regionHintCacheTtlHours:0,matchMqttWakeup:false,enableTunnelRetriableLayer:true,useExecutorProxies:true,avoidCopyingBuffer:false,fallbackConfig:null,retryableLayerConfig:{useStreamGroupsForConnectivity: true, maxRetries: 10, connectTimeoutSeconds: 10, bgTeardownDelaySeconds: 0, connectSchedulerConfig: {numberOfFastModeRetries: 2, initialUnreachableDelayFastMode: 200, additionalBackgroundDelayFastMode: 100, additionalDelayPerTryFastMode: 100, initialReachableDelayBackOffMode: 500, initialUnreachableDelayBackOffMode: 1000, additionalBackgroundDelayBackOffMode: 300, maxDelayBackOffMode: 40000, randomizeFactorBackOffModeEnabled: true, triesOffsetBackOffMode: 0}, closeConnectionOnNetworkInterfaceChange: true, enableEarlyFailOnSuspended: false, bufferBgRequestsAfterTeardown: false, stopPingsOnSuspended: false},enableEligibilityHashHeader:true,userAgent:,removeAsyncExecutorFromTunnelNetworkCallbacks:false,enableCallingSgErrorOnlyOnceInSgt:false,msysStreamGroupTransportSampleRate:0,msysStreamLifecycleSampleRate:0,msysNotifyStreamGroupOnPubAckTimeout:false,closeNetworkRequestOnTunnelStreamDestruct:true,useTigon:false,useTigonInDeprecatedMNSClient:false,useTigonJava:false,useTigonZeroRating:false,allowRetriableWithConnectivityAwareLayer:false,msysBufferRequestWhileNoConnectivity:true, disableRetriableLayer:false, disableCancellationForTigonRequests:false, subscribeSgPingertoAppStatusCallbacks:false, triggerMsysHighSignalSyncOnAllConnections:true, h2MaxRequestsPerConnection:0, mvfstUseUDPSocketConnect:false, enableLogoutOnAuthFailure:false, useTunnelExecutor:false, tunnelConnectAckDisableConnectionClosure:false, mvfstKeepAliveTimeoutSeconds:0, enableSeparateHTTPClientForTunnel:false, forceHTTP2ForTunnel:false, enableCertificateRevocation:false, certificateRevocationListJSON:}
11-11 19:27:59.150 14705 14705 W MDCLLight: java.lang.ClassNotFoundException: X.8la_LifecycleAdapter
11-11 19:27:59.150 14705 14705 W MDCLLight: Caused by: java.lang.NoClassDefFoundError: Class not found using the boot class loader; no stack trace available
11-11 19:27:59.180 14705 14705 W MDCLLight: java.lang.ClassNotFoundException: com.amazon.device.messaging.ADM
11-11 19:27:59.180 14705 14705 W MDCLLight: Caused by: java.lang.NoClassDefFoundError: Class not found using the boot class loader; no stack trace available
11-11 19:27:59.196  5285  5285 W Finsky  : [2] STU: Failed to get storage stats for package 'com.samsung.android.shell' (1601: Error getting stats: android.content.pm.PackageManager.NameNotFoundException)
11-11 19:27:59.546  5285  5285 W Finsky  : [2] STU: Failed to get storage stats for package 'com.android.apex.cts.shim' (1601: Error getting stats: android.content.pm.PackageManager.NameNotFoundException)
11-11 19:27:59.741  5285  5285 W Finsky  : [2] STU: Failed to get storage stats for package 'com.google.android.appsearch' (1601: Error getting stats: android.content.pm.PackageManager.NameNotFoundException)
11-11 19:27:59.782  5285  5285 W Finsky  : [2] STU: Failed to get storage stats for package 'com.google.android.art' (1601: Error getting stats: android.content.pm.PackageManager.NameNotFoundException)
11-11 19:27:59.996  5285  5285 W Finsky  : [2] STU: Failed to get storage stats for package 'com.google.android.mediaprovider' (1601: Error getting stats: android.content.pm.PackageManager.NameNotFoundException)
11-11 19:28:00.040  5285  5285 W Finsky  : [2] STU: Failed to get storage stats for package 'com.android.virt' (1601: Error getting stats: android.content.pm.PackageManager.NameNotFoundException)
11-11 19:28:00.053  5285  5285 W Finsky  : [2] STU: Failed to get storage stats for package 'com.android.btservices' (1601: Error getting stats: android.content.pm.PackageManager.NameNotFoundException)
11-11 19:28:00.082  5285  5285 W Finsky  : [2] STU: Failed to get storage stats for package 'com.google.android.resolv' (1601: Error getting stats: android.content.pm.PackageManager.NameNotFoundException)
11-11 19:28:00.168  5285  5285 W Finsky  : [2] STU: Failed to get storage stats for package 'com.google.android.configinfrastructure' (1601: Error getting stats: android.content.pm.PackageManager.NameNotFoundException)
11-11 19:28:00.169  5285  5285 W Finsky  : [2] STU: Failed to get storage stats for package 'com.google.android.media' (1601: Error getting stats: android.content.pm.PackageManager.NameNotFoundException)
11-11 19:28:00.280  5285  5285 W Finsky  : [2] STU: Failed to get storage stats for package 'com.android.vndk.v31' (1601: Error getting stats: android.content.pm.PackageManager.NameNotFoundException)
11-11 19:28:00.282 14705 14815 W IgMetaConfig: java.lang.RuntimeException: Could not obtain MC, call-site will receive default values
11-11 19:28:00.448  5285  5285 W Finsky  : [2] STU: Failed to get storage stats for package 'com.google.android.sdkext' (1601: Error getting stats: android.content.pm.PackageManager.NameNotFoundException)
11-11 19:28:00.527  5285  5285 W Finsky  : [2] STU: Failed to get storage stats for package 'com.google.android.adservices' (1601: Error getting stats: android.content.pm.PackageManager.NameNotFoundException)
11-11 19:28:00.529  5285  5285 W Finsky  : [2] STU: Failed to get storage stats for package 'com.google.android.tethering' (1601: Error getting stats: android.content.pm.PackageManager.NameNotFoundException)
11-11 19:28:00.767  5285  5285 W Finsky  : [2] STU: Failed to get storage stats for package 'com.android.runtime' (1601: Error getting stats: android.content.pm.PackageManager.NameNotFoundException)
11-11 19:28:00.836  5285  5285 W Finsky  : [2] STU: Failed to get storage stats for package 'com.google.android.cellbroadcast' (1601: Error getting stats: android.content.pm.PackageManager.NameNotFoundException)
11-11 19:28:00.920 14705 14806 W IgMetaConfig: java.lang.RuntimeException: Could not obtain MC, call-site will receive default values
11-11 19:28:01.017  5285  5285 W Finsky  : [2] STU: Failed to get storage stats for package 'com.samsung.android.vital' (1601: Error getting stats: android.content.pm.PackageManager.NameNotFoundException)
11-11 19:28:01.126  5285  5285 W Finsky  : [2] STU: Failed to get storage stats for package 'com.google.android.tzdata6' (1601: Error getting stats: android.content.pm.PackageManager.NameNotFoundException)
11-11 19:28:01.168  5285  5285 W Finsky  : [2] STU: Failed to get storage stats for package 'com.google.android.permission' (1601: Error getting stats: android.content.pm.PackageManager.NameNotFoundException)
11-11 19:28:02.618  5285  5285 W Finsky  : [2] STU: Failed to get storage stats for package 'com.google.android.media.swcodec' (1601: Error getting stats: android.content.pm.PackageManager.NameNotFoundException)
11-11 19:28:02.687  5285  5285 W Finsky  : [2] STU: Failed to get storage stats for package 'com.android.profiling' (1601: Error getting stats: android.content.pm.PackageManager.NameNotFoundException)
11-11 19:28:03.018  5285  5285 W Finsky  : [2] STU: Failed to get storage stats for package 'com.google.android.adbd' (1601: Error getting stats: android.content.pm.PackageManager.NameNotFoundException)
11-11 19:28:03.030  5285  5285 W Finsky  : [2] STU: Failed to get storage stats for package 'com.android.i18n' (1601: Error getting stats: android.content.pm.PackageManager.NameNotFoundException)
11-11 19:28:03.046  5285  5285 W Finsky  : [2] STU: Failed to get storage stats for package 'com.samsung.android.spqr' (1601: Error getting stats: android.content.pm.PackageManager.NameNotFoundException)
11-11 19:28:03.046  5285  5285 W Finsky  : [2] STU: Failed to get storage stats for package 'com.google.android.conscrypt' (1601: Error getting stats: android.content.pm.PackageManager.NameNotFoundException)
11-11 19:28:03.074  5285  5285 W Finsky  : [2] STU: Failed to get storage stats for package 'com.android.hardware.cas' (1601: Error getting stats: android.content.pm.PackageManager.NameNotFoundException)
11-11 19:28:03.118  5285  5285 W Finsky  : [2] STU: Failed to get storage stats for package 'com.google.android.neuralnetworks' (1601: Error getting stats: android.content.pm.PackageManager.NameNotFoundException)
11-11 19:28:03.179  5285  5285 W Finsky  : [2] STU: Failed to get storage stats for package 'com.google.android.ipsec' (1601: Error getting stats: android.content.pm.PackageManager.NameNotFoundException)
11-11 19:28:03.207  5285  5285 W Finsky  : [2] STU: Failed to get storage stats for package 'com.android.devicelock' (1601: Error getting stats: android.content.pm.PackageManager.NameNotFoundException)
11-11 19:28:03.267  5285  5285 W Finsky  : [2] STU: Failed to get storage stats for package 'com.google.android.ondevicepersonalization' (1601: Error getting stats: android.content.pm.PackageManager.NameNotFoundException)
11-11 19:28:03.287  5285  5285 W Finsky  : [2] STU: Failed to get storage stats for package 'com.google.android.healthfitness' (1601: Error getting stats: android.content.pm.PackageManager.NameNotFoundException)
11-11 19:28:03.395  5285  5285 W Finsky  : [2] STU: Failed to get storage stats for package 'com.android.uwb' (1601: Error getting stats: android.content.pm.PackageManager.NameNotFoundException)
11-11 19:28:03.396  5285  5285 W Finsky  : [2] STU: Failed to get storage stats for package 'com.google.android.extservices' (1601: Error getting stats: android.content.pm.PackageManager.NameNotFoundException)
11-11 19:28:03.424  1494  2309 E ArtService: android.os.ServiceSpecificException: Failed to create OatFileAssistant: Failed to load class loader context files for '/data/user/0/com.android.vending/app_dg_cache/A74929BDA53F98D7A44C93037B41435D08995FDD/the.apk' with context 'PCL[];PCL[/data/app/~~PU5M22Z4Kzb6FEI8OIkUhw==/com.android.vending-F53AqT0LcZqf6zbV2uXpyQ==/base.apk]{PCL[/system/framework/org.apache.http.legacy.jar]#PCL[/system_ext/framework/androidx.window.extensions.jar]#PCL[/system_ext/framework/androidx.window.sidecar.jar]}' (code 1)
11-11 19:28:03.424  1494  2309 E ArtService: 	at android.os.Parcel.createExceptionOrNull(Parcel.java:3271)
11-11 19:28:03.424  1494  2309 E ArtService: 	at android.os.Parcel.createException(Parcel.java:3241)
11-11 19:28:03.424  1494  2309 E ArtService: 	at android.os.Parcel.readException(Parcel.java:3224)
11-11 19:28:03.424  1494  2309 E ArtService: 	at android.os.Parcel.readException(Parcel.java:3166)
11-11 19:28:03.427  1494  2309 E ArtService: android.os.ServiceSpecificException: Failed to create OatFileAssistant: Failed to load class loader context files for '/data/user/0/com.android.vending/app_dg_cache/89D9E2E43748CA05B189D46BEA8B2D6C5C01D255/the.apk' with context 'PCL[];PCL[/data/app/~~jrsxmLsYohbsj3cOk3qLJQ==/com.android.vending-QR_PGbSAYk3X214ighkSZw==/base.apk]{PCL[/system/framework/org.apache.http.legacy.jar]#PCL[/system_ext/framework/androidx.window.extensions.jar]#PCL[/system_ext/framework/androidx.window.sidecar.jar]}' (code 1)
11-11 19:28:03.427  1494  2309 E ArtService: 	at android.os.Parcel.createExceptionOrNull(Parcel.java:3271)
11-11 19:28:03.427  1494  2309 E ArtService: 	at android.os.Parcel.createException(Parcel.java:3241)
11-11 19:28:03.427  1494  2309 E ArtService: 	at android.os.Parcel.readException(Parcel.java:3224)
11-11 19:28:03.427  1494  2309 E ArtService: 	at android.os.Parcel.readException(Parcel.java:3166)
11-11 19:28:03.528  5285  5285 W Finsky  : [2] STU: Failed to get storage stats for package 'com.google.android.os.statsd' (1601: Error getting stats: android.content.pm.PackageManager.NameNotFoundException)
11-11 19:28:03.765  5285  5285 W Finsky  : [2] STU: Failed to get storage stats for package 'com.android.rkpd' (1601: Error getting stats: android.content.pm.PackageManager.NameNotFoundException)
11-11 19:28:03.774  5285  5285 W Finsky  : [2] STU: Failed to get storage stats for package 'com.google.android.scheduling' (1601: Error getting stats: android.content.pm.PackageManager.NameNotFoundException)
11-11 19:28:03.801  5285  5285 W Finsky  : [2] STU: Failed to get storage stats for package 'com.samsung.android.lifeguard' (1601: Error getting stats: android.content.pm.PackageManager.NameNotFoundException)
11-11 19:28:41.047 13148   392 W Binder  : Caught a RuntimeException from the binder stub implementation.
11-11 19:28:41.047 13148   392 W Binder  : java.lang.UnsupportedOperationException
11-11 19:28:42.513  1494  1520 E AppOpService: java.lang.RuntimeException
11-11 19:28:42.918  9425 28942 W Conscrypt: Could not set socket write timeout: java.net.SocketException: Socket closed
11-11 19:28:43.006  9425 28942 W Conscrypt: Could not set socket write timeout: java.net.SocketException: Socket closed
11-11 19:28:43.397  9425  9637 E LoadedApk: Exception : java.lang.NullPointerException: Attempt to invoke virtual method 'boolean android.os.Looper.isPerfLogEnable()' on a null object reference
11-11 19:28:43.399  9425  9637 E LoadedApk: Exception : java.lang.NullPointerException: Attempt to invoke virtual method 'boolean android.os.Looper.isPerfLogEnable()' on a null object reference
11-11 19:28:45.087  9425  9637 E LoadedApk: Exception : java.lang.NullPointerException: Attempt to invoke virtual method 'boolean android.os.Looper.isPerfLogEnable()' on a null object reference
11-11 19:28:45.089  9425  9637 E LoadedApk: Exception : java.lang.NullPointerException: Attempt to invoke virtual method 'boolean android.os.Looper.isPerfLogEnable()' on a null object reference
11-11 19:28:45.146  9425  9637 E LoadedApk: Exception : java.lang.NullPointerException: Attempt to invoke virtual method 'boolean android.os.Looper.isPerfLogEnable()' on a null object reference
11-11 19:28:45.148  9425  9637 E LoadedApk: Exception : java.lang.NullPointerException: Attempt to invoke virtual method 'boolean android.os.Looper.isPerfLogEnable()' on a null object reference
11-11 19:28:48.195  9425  9637 E LoadedApk: Exception : java.lang.NullPointerException: Attempt to invoke virtual method 'boolean android.os.Looper.isPerfLogEnable()' on a null object reference
11-11 19:28:48.200  9425  9637 E LoadedApk: Exception : java.lang.NullPointerException: Attempt to invoke virtual method 'boolean android.os.Looper.isPerfLogEnable()' on a null object reference
11-11 19:28:48.324 15203 15230 I Finsky:background: [570] SettingNotFoundException, fall through to G.downloadBytesOverMobileMaximum
11-11 19:28:48.326 15203 15230 I Finsky:background: [570] SettingNotFoundException, fall through to G.downloadBytesOverMobileRecommended
11-11 19:28:48.444  9425 15997 W Backup  : [GmsBackupTransport] Error logging monitor event
11-11 19:28:48.548  1987  1987 D SPluginManagerImpl: onReceive: android.intent.action.PACKAGE_ADDED, size:{com.android.systemui.volume.VolumeStarInteractor$start$1@30391fb=SPluginInstanceManager@267441726 (action=com.samsung.systemui.volume.PLUGIN), com.samsung.android.systemui.multistar.MultiStarManager$2@3260639=SPluginInstanceManager@214322335 (action=com.samsung.systemui.action.PLUGIN_MULTISTAR), com.android.systemui.noticenter.NotiCenterPlugin$NotiCenterPluginListener@35be72a=SPluginInstanceManager@230769132 (action=com.samsung.systemui.action.PLUGIN_NOTICENTER), com.android.systemui.pluginlock.PluginLockMediatorImpl@9f82a2b=SPluginInstanceManager@99035573 (action=com.samsung.systemui.action.PLUGIN_LOCK), com.android.systemui.slimindicator.SlimIndicatorPluginMediator@c361574=SPluginInstanceManager@153098314 (action=com.samsung.systemui.action.SPLUGIN_SLIMINDICATOR), com.android.systemui.navigationbar.plugin.PluginBarInteractionManager$pluginListener$1@e7acfe2=SPluginInstanceManager@223155131 (action=com.samsung.systemui.navigationbar.PLUGIN)}
11-11 19:28:48.554  1987  2280 D PluginActionManager: queryPkg com.biopeakai.performance com.android.systemui.action.PLUGIN_QS
11-11 19:28:48.593  1987  2280 D PluginActionManager: Found 0 plugins
11-11 19:28:48.593  1987  2280 D PluginActionManager: queryPkg com.biopeakai.performance com.android.systemui.action.PLUGIN_NOTIFICATION_MENU_ROW
11-11 19:28:48.594  1987  2280 D PluginActionManager: Found 0 plugins
11-11 19:28:48.595  1987  2280 D PluginActionManager: queryPkg com.biopeakai.performance com.android.systemui.action.PLUGIN_NOTIFICATION_MENU_ROW
11-11 19:28:48.597  1987  2280 D PluginActionManager: Found 0 plugins
11-11 19:28:48.599  1987  2280 D PluginActionManager: queryPkg com.biopeakai.performance com.android.systemui.action.PLUGIN_CLOCK_PROVIDER
11-11 19:28:48.607  1987  2280 D PluginActionManager: Found 0 plugins
11-11 19:28:48.607  1987  2280 D PluginActionManager: queryPkg com.biopeakai.performance com.android.systemui.action.PLUGIN_NOTIFICATION_ASSISTANT
11-11 19:28:48.610  1987  2280 D PluginActionManager: Found 0 plugins
11-11 19:28:48.610  1987  2280 D PluginActionManager: queryPkg com.biopeakai.performance com.samsung.systemui.action.PLUGIN_CLOCK_PACK
11-11 19:28:48.610  1987  2280 D PluginActionManager: Too many of com.samsung.systemui.action.PLUGIN_CLOCK_PACK
11-11 19:28:48.610  1987  2280 D PluginActionManager: queryPkg com.biopeakai.performance com.android.systemui.action.PLUGIN_OVERLAY
11-11 19:28:48.613  1987  2280 D PluginActionManager: Found 0 plugins
11-11 19:28:48.613  1987  2280 D PluginActionManager: queryPkg com.biopeakai.performance com.samsung.systemui.action.PLUGIN_FACE_WIDGET
11-11 19:28:48.613  1987  2280 D PluginActionManager: Too many of com.samsung.systemui.action.PLUGIN_FACE_WIDGET
11-11 19:28:48.613  1987  2280 D PluginActionManager: queryPkg com.biopeakai.performance com.android.systemui.action.PLUGIN_NOTIFICATION_MENU_ROW
11-11 19:28:48.615  1987  2280 D PluginActionManager: Found 0 plugins
11-11 19:28:48.615  1987  2280 D PluginActionManager: queryPkg com.biopeakai.performance com.android.systemui.action.PLUGIN_NOTIFICATION_MENU_ROW
11-11 19:28:48.622  1987  2280 D PluginActionManager: Found 0 plugins
11-11 19:28:48.622  1987  2280 D PluginActionManager: queryPkg com.biopeakai.performance com.android.systemui.action.PLUGIN_QS_FACTORY
11-11 19:28:48.634  1987  2280 D PluginActionManager: Found 0 plugins
11-11 19:28:48.635  1987  2280 D PluginActionManager: queryPkg com.biopeakai.performance com.android.systemui.action.PLUGIN_NOTIFICATION_MENU_ROW
11-11 19:28:48.671  1987  2280 D PluginActionManager: Found 0 plugins
11-11 19:28:48.672  1987  2280 D PluginActionManager: queryPkg com.biopeakai.performance com.android.systemui.action.PLUGIN_GLOBAL_ACTIONS
11-11 19:28:48.675  1987  2280 D PluginActionManager: Found 0 plugins
11-11 19:28:48.675  1987  2280 D PluginActionManager: queryPkg com.biopeakai.performance com.android.systemui.action.PLUGIN_NOTIFICATION_MENU_ROW
11-11 19:28:48.676  1987  2280 D PluginActionManager: Found 0 plugins
11-11 19:28:48.677  1987  2280 D PluginActionManager: queryPkg com.biopeakai.performance com.android.systemui.action.PLUGIN_NOTIFICATION_MENU_ROW
11-11 19:28:48.678  1987  2280 D PluginActionManager: Found 0 plugins
11-11 19:28:48.678  1987  2280 D PluginActionManager: queryPkg com.biopeakai.performance com.android.systemui.action.PLUGIN_NOTIFICATION_MENU_ROW
11-11 19:28:48.680  1987  2280 D PluginActionManager: Found 0 plugins
11-11 19:28:48.680  1987  2280 D PluginActionManager: queryPkg com.biopeakai.performance com.android.systemui.action.PEOPLE_HUB_PERSON_EXTRACTOR
11-11 19:28:48.684  1987  2280 D PluginActionManager: Found 0 plugins
11-11 19:28:48.684  1987  2280 D PluginActionManager: queryPkg com.biopeakai.performance com.android.systemui.action.PLUGIN_NOTIFICATION_MENU_ROW
11-11 19:28:48.687  1987  2280 D PluginActionManager: Found 0 plugins
11-11 19:28:48.689  1987  2280 D PluginActionManager: queryPkg com.biopeakai.performance com.android.systemui.action.PLUGIN_NOTIFICATION_MENU_ROW
11-11 19:28:48.694  1987  2280 D PluginActionManager: Found 0 plugins
11-11 19:28:48.694  1987  2280 D PluginActionManager: queryPkg com.biopeakai.performance com.android.systemui.action.PLUGIN_VOLUME
11-11 19:28:48.699  1987  2280 D PluginActionManager: Found 0 plugins
11-11 19:28:48.699  1987  2280 D PluginActionManager: queryPkg com.biopeakai.performance com.android.systemui.action.PLUGIN_SENSOR_MANAGER
11-11 19:28:48.701  1987  2280 D PluginActionManager: Found 0 plugins
11-11 19:28:48.701  1987  2280 D PluginActionManager: queryPkg com.biopeakai.performance com.android.systemui.action.PLUGIN_TOAST
11-11 19:28:48.703  1987  2280 D PluginActionManager: Found 0 plugins
11-11 19:28:48.705  1987  2280 D PluginActionManager: queryPkg com.biopeakai.performance com.android.systemui.action.PLUGIN_NOTIFICATION_MENU_ROW
11-11 19:28:48.711  1987  2280 D PluginActionManager: Found 0 plugins
11-11 19:28:48.756  1494  8690 W AppSearchAppsUtil: android.content.pm.PackageManager$NameNotFoundException
11-11 19:28:48.758  1494  8690 W AppSearchAppsUtil: android.content.pm.PackageManager$NameNotFoundException
11-11 19:28:48.761  1494  8690 W AppSearchAppsUtil: android.content.pm.PackageManager$NameNotFoundException
11-11 19:28:48.763  1494  8690 W AppSearchAppsUtil: android.content.pm.PackageManager$NameNotFoundException
11-11 19:28:48.764  1494  8690 W AppSearchAppsUtil: android.content.pm.PackageManager$NameNotFoundException
11-11 19:28:48.766  1494  8690 W AppSearchAppsUtil: android.content.pm.PackageManager$NameNotFoundException
11-11 19:28:48.766  1494  8690 W AppSearchAppsUtil: android.content.pm.PackageManager$NameNotFoundException
11-11 19:28:48.767  1494  8690 W AppSearchAppsUtil: android.content.pm.PackageManager$NameNotFoundException
11-11 19:28:48.771  1494  8690 W AppSearchAppsUtil: android.content.pm.PackageManager$NameNotFoundException
11-11 19:28:48.772  1494  8690 W AppSearchAppsUtil: android.content.pm.PackageManager$NameNotFoundException
11-11 19:28:48.773  1494  8690 W AppSearchAppsUtil: android.content.pm.PackageManager$NameNotFoundException
11-11 19:28:48.777  1494  8690 W AppSearchAppsUtil: android.content.pm.PackageManager$NameNotFoundException
11-11 19:28:48.779  1494  8690 W AppSearchAppsUtil: android.content.pm.PackageManager$NameNotFoundException
11-11 19:28:48.987  9425 15312 I Dck     : android.content.pm.PackageManager$NameNotFoundException: com.samsung.android.dkey
11-11 19:28:49.221  2785  2785 I HoneySpace.DefaultPlugin: createHoney honeyInfo=HoneyInfo(parentHoney=C2.O0@b9c8437, packageName=null, type=appicon) honeyData=HoneyData(id=138, data=[app, id:138 label:BioPeak-ai componnet:com.biopeakai.performance/.MainActivity#UserHandle{0} badgeCount:0  drag:false iconState:NONE], bundleData=null, savedState=null) context=com.sec.android.app.launcher.Launcher@9ebe441
11-11 19:28:49.264  9425  2173 W Binder  : Caught a RuntimeException from the binder stub implementation.
11-11 19:28:49.264  9425  2173 W Binder  : java.lang.UnsupportedOperationException
11-11 19:28:50.302 15288 15424 E Routine@Core[4.8.07.1]: WearNodeManagerImpl: getNodeOfCompanionWatchSupportModeMirror: onFailure - com.google.android.gms.common.api.ApiException: 17: API: Wearable.API is not available on this device. Connection failed with: ConnectionResult{statusCode=API_UNAVAILABLE, resolution=null, message=null}
11-11 19:28:50.404 15288 15288 E Routine@Core[4.8.07.1]: a: android.hardware.input.InputManager: InvocationTargetException encountered invoking semUnregisterOnSwitchEventChangedListener 
11-11 19:28:50.404 15288 15288 E Routine@Core[4.8.07.1]: a: java.lang.reflect.InvocationTargetException
11-11 19:28:50.404 15288 15288 E Routine@Core[4.8.07.1]: a: Caused by: java.lang.NullPointerException: Attempt to invoke interface method 'int java.util.List.size()' on a null object reference
11-11 19:28:50.404 15288 15288 E Routine@Core[4.8.07.1]: android.hardware.input.InputManager: invokeNormalMethod: java.lang.reflect.InvocationTargetException
11-11 19:28:50.533 15338 15433 I BugleRcs: android.content.pm.PackageManager$NameNotFoundException: com.google.android.ims
11-11 19:28:50.870 15288 15423 E Routine@Core[4.8.07.1]: WearNodeHelper: getConnectedNearlyNodes: ExecutionException - java.util.concurrent.ExecutionException: com.google.android.gms.common.api.ApiException: 17: API: Wearable.API is not available on this device. Connection failed with: ConnectionResult{statusCode=API_UNAVAILABLE, resolution=null, message=null}
11-11 19:28:50.889 15288 15423 E Routine@Core[4.8.07.1]: WearNodeManagerImpl: getNodeId: exception - com.google.android.gms.common.api.ApiException: 17: API: Wearable.API is not available on this device. Connection failed with: ConnectionResult{statusCode=API_UNAVAILABLE, resolution=null, message=null}
11-11 19:28:51.065 15338 15348 W Binder  : Caught a RuntimeException from the binder stub implementation.
11-11 19:28:51.065 15338 15348 W Binder  : java.lang.UnsupportedOperationException
11-11 19:28:51.065 15338 15348 W Binder  : 	at com.google.android.gms.clearcut.internal.DefaultClearcutLoggerCallbacks.onLogError(PG:3)
11-11 19:28:51.079 15338 15349 W Binder  : Caught a RuntimeException from the binder stub implementation.
11-11 19:28:51.079 15338 15349 W Binder  : java.lang.UnsupportedOperationException
11-11 19:28:51.079 15338 15349 W Binder  : 	at com.google.android.gms.clearcut.internal.DefaultClearcutLoggerCallbacks.onLogError(PG:3)
11-11 19:28:51.106 15338 15349 W Binder  : Caught a RuntimeException from the binder stub implementation.
11-11 19:28:51.106 15338 15349 W Binder  : java.lang.UnsupportedOperationException
11-11 19:28:51.106 15338 15349 W Binder  : 	at com.google.android.gms.clearcut.internal.DefaultClearcutLoggerCallbacks.onLogError(PG:3)
11-11 19:28:51.277 15338 15349 W Binder  : Caught a RuntimeException from the binder stub implementation.
11-11 19:28:51.277 15338 15349 W Binder  : java.lang.UnsupportedOperationException
11-11 19:28:51.277 15338 15349 W Binder  : 	at com.google.android.gms.clearcut.internal.DefaultClearcutLoggerCallbacks.onLogError(PG:3)
11-11 19:28:51.826 15338 15355 W Binder  : Caught a RuntimeException from the binder stub implementation.
11-11 19:28:51.826 15338 15355 W Binder  : java.lang.UnsupportedOperationException
11-11 19:28:51.826 15338 15355 W Binder  : 	at com.google.android.gms.clearcut.internal.DefaultClearcutLoggerCallbacks.onLogError(PG:3)
11-11 19:28:52.610 15585 15585 W MDCLLight: java.lang.ClassNotFoundException: kotlinx.coroutines.test.internal.TestMainDispatcherFactory
11-11 19:28:52.610 15585 15585 W MDCLLight: Caused by: java.lang.NoClassDefFoundError: Class not found using the boot class loader; no stack trace available
11-11 19:28:52.616 15585 15585 W AppInitScheduler|Schedule: Schedule 61:PluginInitializer, deps=[127] (59 pending tasks)
11-11 19:28:52.619 15585 15585 W AppInitScheduler|Schedule: java.lang.RuntimeException
11-11 19:28:52.627 15585 15624 W MDCLLight: java.lang.ClassNotFoundException: com.mediatek.perfservice.PerfServiceWrapper
11-11 19:28:52.627 15585 15624 W MDCLLight: Caused by: java.lang.NoClassDefFoundError: Class not found using the boot class loader; no stack trace available
11-11 19:28:52.630 15585 15624 W MDCLLight: java.lang.ClassNotFoundException: com.mediatek.powerhalmgr.PowerHalMgrFactory
11-11 19:28:52.630 15585 15624 W MDCLLight: Caused by: java.lang.NoClassDefFoundError: Class not found using the boot class loader; no stack trace available
11-11 19:28:52.635 15585 15607 W ProcessAnrErrorMonitor: startMonitoring with delay: 0
11-11 19:28:52.636 15585 15639 W ProcessAnrErrorMonitor: Starting process monitor checks for process 'com.instagram.android'
11-11 19:28:52.814 15585 15624 W IgMetaConfig: java.lang.RuntimeException: Could not obtain MC, call-site will receive default values
11-11 19:28:52.815 15585 15624 W IgMetaConfig: java.lang.RuntimeException: Could not obtain MC, call-site will receive default values
11-11 19:28:52.815 15585 15624 W IgMetaConfig: java.lang.RuntimeException: Could not obtain MC, call-site will receive default values
11-11 19:28:52.835 15585 15624 W IgMetaConfig: java.lang.RuntimeException: Could not obtain MC, call-site will receive default values
11-11 19:28:52.857 15585 15624 E QPLProvider: java.lang.IllegalStateException: No QPL instance provided
11-11 19:28:52.857 15585 15624 E QPLProvider: java.lang.IllegalStateException: No QPL instance provided
11-11 19:28:52.857 15585 15624 E QPLProvider: java.lang.IllegalStateException: No QPL instance provided
11-11 19:28:52.857 15585 15624 E QPLProvider: java.lang.IllegalStateException: No QPL instance provided
11-11 19:28:52.857 15585 15624 E QPLProvider: java.lang.IllegalStateException: No QPL instance provided
11-11 19:28:52.857 15585 15624 E QPLProvider: java.lang.IllegalStateException: No QPL instance provided
11-11 19:28:52.857 15585 15624 E QPLProvider: java.lang.IllegalStateException: No QPL instance provided
11-11 19:28:52.859 15585 15624 E QPLProvider: java.lang.IllegalStateException: No QPL instance provided
11-11 19:28:52.859 15585 15624 E QPLProvider: java.lang.IllegalStateException: No QPL instance provided
11-11 19:28:52.884  2355  3342 I ErisClient -- ErisClient: parseDaemonResponse() {"msgType":4,"msgData":{"stateCode":3,"errorCode":0,"ikeErrorCode":0,"backoffTimer":-1,"cid":2,"mIkeSrcPort":50261}}
11-11 19:28:52.884  2355  3342 I ErisClient -- ErisClient: getErisErrorFromDaemonError()
11-11 19:28:52.888 15585 15647 E QPLProvider: java.lang.IllegalStateException: No QPL instance provided
11-11 19:28:52.889 15585 15647 E QPLProvider: java.lang.IllegalStateException: No QPL instance provided
11-11 19:28:52.892 15585 15646 W QPLConfig: java.io.FileNotFoundException: /data/user/0/com.instagram.android/app_qpl/qpl_sampling_config_v2.null: open failed: ENOENT (No such file or directory)
11-11 19:28:52.892 15585 15646 W QPLConfig: Caused by: android.system.ErrnoException: open failed: ENOENT (No such file or directory)
11-11 19:28:52.914 15585 15677 W MDCLLight: java.lang.ClassNotFoundException: androidx.datastore.preferences.protobuf.Extension
11-11 19:28:52.914 15585 15677 W MDCLLight: Caused by: java.lang.NoClassDefFoundError: Class not found using the boot class loader; no stack trace available
11-11 19:28:52.918 15585 15677 W MDCLLight: java.lang.ClassNotFoundException: androidx.datastore.preferences.protobuf.ExtensionRegistry
11-11 19:28:52.918 15585 15677 W MDCLLight: Caused by: java.lang.NoClassDefFoundError: Class not found using the boot class loader; no stack trace available
11-11 19:28:52.920 15585 15677 W MDCLLight: java.lang.ClassNotFoundException: androidx.datastore.preferences.protobuf.DescriptorMessageInfoFactory
11-11 19:28:52.920 15585 15677 W MDCLLight: Caused by: java.lang.NoClassDefFoundError: Class not found using the boot class loader; no stack trace available
11-11 19:28:52.921 15585 15677 W MDCLLight: java.lang.ClassNotFoundException: androidx.datastore.preferences.protobuf.GeneratedMessageV3
11-11 19:28:52.921 15585 15677 W MDCLLight: Caused by: java.lang.NoClassDefFoundError: Class not found using the boot class loader; no stack trace available
11-11 19:28:52.922 15585 15677 W MDCLLight: java.lang.ClassNotFoundException: androidx.datastore.preferences.protobuf.UnknownFieldSetSchema
11-11 19:28:52.922 15585 15677 W MDCLLight: Caused by: java.lang.NoClassDefFoundError: Class not found using the boot class loader; no stack trace available
11-11 19:28:52.923 15585 15677 W MDCLLight: java.lang.ClassNotFoundException: androidx.datastore.preferences.protobuf.UnknownFieldSetSchema
11-11 19:28:52.923 15585 15677 W MDCLLight: Caused by: java.lang.NoClassDefFoundError: Class not found using the boot class loader; no stack trace available
11-11 19:28:52.924 15585 15677 W MDCLLight: java.lang.ClassNotFoundException: org.robolectric.Robolectric
11-11 19:28:52.924 15585 15677 W MDCLLight: Caused by: java.lang.NoClassDefFoundError: Class not found using the boot class loader; no stack trace available
11-11 19:28:52.925 15585 15677 W MDCLLight: java.lang.ClassNotFoundException: androidx.datastore.preferences.protobuf.NewInstanceSchemaFull
11-11 19:28:52.925 15585 15677 W MDCLLight: Caused by: java.lang.NoClassDefFoundError: Class not found using the boot class loader; no stack trace available
11-11 19:28:52.926 15585 15677 W MDCLLight: java.lang.ClassNotFoundException: androidx.datastore.preferences.protobuf.ExtensionSchemaFull
11-11 19:28:52.926 15585 15677 W MDCLLight: Caused by: java.lang.NoClassDefFoundError: Class not found using the boot class loader; no stack trace available
11-11 19:28:52.927 15585 15677 W MDCLLight: java.lang.ClassNotFoundException: androidx.datastore.preferences.protobuf.MapFieldSchemaFull
11-11 19:28:52.927 15585 15677 W MDCLLight: Caused by: java.lang.NoClassDefFoundError: Class not found using the boot class loader; no stack trace available
11-11 19:28:52.928 15585 15682 E MvfstCallbacks.cpp: onConnectionSetupError: error=TransportError: Internal Error, Error on socket write Operation not permitted, 
11-11 19:28:52.992 15585 15624 W AppInitScheduler|Schedule:   Executing 61:PluginInitializer
11-11 19:28:52.992 15585 15624 W AppInitScheduler|Run: Running PluginInitializer
11-11 19:28:53.001 15585 15624 W AppInitScheduler|Run:   Finished PluginInitializer in 10ms
11-11 19:28:53.051 15585 15624 W MDCLLight: java.lang.ClassNotFoundException: com.google.firebase.dynamicloading.DynamicLoadingRegistrar
11-11 19:28:53.051 15585 15624 W MDCLLight: Caused by: java.lang.NoClassDefFoundError: Class not found using the boot class loader; no stack trace available
11-11 19:28:53.070 15585 15655 W IgMetaConfig: java.lang.RuntimeException: Could not obtain MC, call-site will receive default values
11-11 19:28:53.080 15585 15648 W SessionScopedProviderInitializer: Initialize com.instagram.debug.quickexperiment.dumper.QuickExperimentDumperPlugin.UserSessionListener start
11-11 19:28:53.080 15585 15648 W SessionScopedProviderInitializer: Initialize com.instagram.debug.quickexperiment.dumper.QuickExperimentDumperPlugin.UserSessionListener end
11-11 19:28:53.106 15585 15660 W SessionScopedProviderInitializer: Initialize com.instagram.wearable.warp.impl.WarpIgPluginManagerImpl.UserSessionStartListener start
11-11 19:28:53.111 15585 15624 W IgMetaConfig: java.lang.RuntimeException: Could not obtain MC, call-site will receive default values
11-11 19:28:53.113 15585 15624 W IgMetaConfig: java.lang.RuntimeException: Could not obtain MC, call-site will receive default values
11-11 19:28:53.117 15585 15622 W SessionScopedProviderInitializer: Initialize instagram.features.direct.stella.impl.DirectStellaPluginImpl.UserSessionStart start
11-11 19:28:53.117 15585 15622 W DirectStellaPluginImpl: Stella starting new user session, registering call and contact change listeners
11-11 19:28:53.117 15585 15622 W SessionScopedProviderInitializer: Initialize instagram.features.direct.stella.impl.DirectStellaPluginImpl.UserSessionStart end
11-11 19:28:53.118 15585 15660 W SessionScopedProviderInitializer: Initialize com.instagram.wearable.warp.impl.WarpIgPluginManagerImpl.UserSessionStartListener end
11-11 19:28:53.153 15585 15682 E MvfstCallbacks.cpp: onConnectionSetupError: error=TransportError: Internal Error, Error on socket write Operation not permitted, 
11-11 19:28:53.207 15585 15585 W MDCLLight: java.lang.ClassNotFoundException: X.8la_LifecycleAdapter
11-11 19:28:53.207 15585 15585 W MDCLLight: Caused by: java.lang.NoClassDefFoundError: Class not found using the boot class loader; no stack trace available
11-11 19:28:53.221 15585 15585 W MDCLLight: java.lang.ClassNotFoundException: com.amazon.device.messaging.ADM
11-11 19:28:53.221 15585 15585 W MDCLLight: Caused by: java.lang.NoClassDefFoundError: Class not found using the boot class loader; no stack trace available
11-11 19:28:53.237 15585 15618 W DGWClientHolder: DGWClientConfig IG4A\B4A: {deviceOS:android,isWorkBuild:false,appVersion:405.1.0.57.77,appId:567067343352427,streamIdleTimeoutMs:1800000,responseCompression:,enableHTTP3:false,zeroRatingEnabled:false,zeroUrlRewritingV2Enabled:false,zeroRatingCachingEnabled:false,gatewayDomain:test-gateway.instagram.com,streamGroupPingPeriod:25,streamGroupPingTimeout:10,streamGroupStopBgPingDelay:300,debugCallbackCrashes2:true,useCachedStreamGroupsStatus:false,closeNetworkConnectionOnTimeout:true,connectivityManagerOptions:{enablePingInBackground:true,bgPingIntervalMs:60000,pingIntervalInMs:{HIGH:0,MID:0,LOW:0,DEFAULT:60000},pingTimeoutInMs:{HIGH:0,MID:0,LOW:0,DEFAULT:5000},pingLatencyInMs:{HIGH:0, MID:0},skipPingAfterIngressTraffic:true,disablePingWhileNoActiveStream:false,sendPingOnAppForeground:false,pingTrafficTracingSamplingRate:0,initAppStateAsBackground:true,ignoreOnNetworkDisconnectedSignalForPing:true,initialUnreachableDelayFastMode:1000,ignoreOnNetworkDisconnectedSignalAndSendPing:true,markDisconnectedInBackground:false,shouldSetNotStartedOnFg:false,enableNetworkMonitorV2:false,extendedFgIntervalSeconds:120,useExtendedFgInterval:false,disableTransportInitFromNetworkMonitor:false,useExtendedFgIntervalNetworkChangeOnly:false,useTigon:false,useTigonInDeprecatedMNSClient:false,enableDeviceDataSettingsGetter:false},personalizationConfig:{enabled:false,streamEstablishmentLatencyInMs:{HIGH:0, MID:0},streamEstablishmentTimeoutInSeconds:{HIGH:10,MID:10,LOW:10,DEFAULT:30},publishTimeoutInSeconds:{HIGH:10,MID:10,LOW:10,DEFAULT:10},resetPersonalizationClassOnTimeout:false,sgConnectTimeoutInSeconds:{HIGH:0,MID:0,LOW:0,DEFAULT:0},sgPingTimeoutInSeconds:{HIGH:0,MID:0,LOW:0,DEFAULT:0},tunnelConnectTimeoutInSeconds:{HIGH:0,MID:0,LOW:0,DEFAULT:0},tunnelConnectAckTimeoutInSeconds:{HIGH:0,MID:0,LOW:0,DEFAULT:0},trackSgDataLatency:false},eagerStreamGroupEnabled:false,keepStreamGroupAliveAfterLastStream:false,enableFetchRegionHintFromWww:false,regionHintCacheTtlHours:0,matchMqttWakeup:false,enableTunnelRetriableLayer:true,useExecutorProxies:true,avoidCopyingBuffer:false,fallbackConfig:null,retryableLayerConfig:{useStreamGroupsForConnectivity: true, maxRetries: 10, connectTimeoutSeconds: 10, bgTeardownDelaySeconds: 0, connectSchedulerConfig: {numberOfFastModeRetries: 2, initialUnreachableDelayFastMode: 200, additionalBackgroundDelayFastMode: 100, additionalDelayPerTryFastMode: 100, initialReachableDelayBackOffMode: 500, initialUnreachableDelayBackOffMode: 1000, additionalBackgroundDelayBackOffMode: 300, maxDelayBackOffMode: 40000, randomizeFactorBackOffModeEnabled: true, triesOffsetBackOffMode: 0}, closeConnectionOnNetworkInterfaceChange: true, enableEarlyFailOnSuspended: false, bufferBgRequestsAfterTeardown: false, stopPingsOnSuspended: false},enableEligibilityHashHeader:true,userAgent:,removeAsyncExecutorFromTunnelNetworkCallbacks:false,enableCallingSgErrorOnlyOnceInSgt:false,msysStreamGroupTransportSampleRate:0,msysStreamLifecycleSampleRate:0,msysNotifyStreamGroupOnPubAckTimeout:false,closeNetworkRequestOnTunnelStreamDestruct:true,useTigon:false,useTigonInDeprecatedMNSClient:false,useTigonJava:false,useTigonZeroRating:false,allowRetriableWithConnectivityAwareLayer:false,msysBufferRequestWhileNoConnectivity:true, disableRetriableLayer:false, disableCancellationForTigonRequests:false, subscribeSgPingertoAppStatusCallbacks:false, triggerMsysHighSignalSyncOnAllConnections:true, h2MaxRequestsPerConnection:0, mvfstUseUDPSocketConnect:false, enableLogoutOnAuthFailure:false, useTunnelExecutor:false, tunnelConnectAckDisableConnectionClosure:false, mvfstKeepAliveTimeoutSeconds:0, enableSeparateHTTPClientForTunnel:false, forceHTTP2ForTunnel:false, enableCertificateRevocation:false, certificateRevocationListJSON:}
11-11 19:28:54.111 15585 15699 W IgMetaConfig: java.lang.RuntimeException: Could not obtain MC, call-site will receive default values
11-11 19:28:55.114 15585 15690 W IgMetaConfig: java.lang.RuntimeException: Could not obtain MC, call-site will receive default values
11-11 19:28:57.012 15338 15355 W Binder  : Caught a RuntimeException from the binder stub implementation.
11-11 19:28:57.012 15338 15355 W Binder  : java.lang.UnsupportedOperationException
11-11 19:28:57.012 15338 15355 W Binder  : 	at com.google.android.gms.clearcut.internal.DefaultClearcutLoggerCallbacks.onLogError(PG:3)
11-11 19:28:57.029 15338 15355 W Binder  : Caught a RuntimeException from the binder stub implementation.
11-11 19:28:57.029 15338 15355 W Binder  : java.lang.UnsupportedOperationException
11-11 19:28:57.029 15338 15355 W Binder  : 	at com.google.android.gms.clearcut.internal.DefaultClearcutLoggerCallbacks.onLogError(PG:3)
11-11 19:29:05.507 15338 15355 W Binder  : Caught a RuntimeException from the binder stub implementation.
11-11 19:29:05.507 15338 15355 W Binder  : java.lang.UnsupportedOperationException
11-11 19:29:05.507 15338 15355 W Binder  : 	at com.google.android.gms.clearcut.internal.DefaultClearcutLoggerCallbacks.onLogError(PG:3)
11-11 19:29:05.532 15338 15355 W Binder  : Caught a RuntimeException from the binder stub implementation.
11-11 19:29:05.532 15338 15355 W Binder  : java.lang.UnsupportedOperationException
11-11 19:29:05.532 15338 15355 W Binder  : 	at com.google.android.gms.clearcut.internal.DefaultClearcutLoggerCallbacks.onLogError(PG:3)
11-11 19:29:05.548 15338 15355 W Binder  : Caught a RuntimeException from the binder stub implementation.
11-11 19:29:05.548 15338 15355 W Binder  : java.lang.UnsupportedOperationException
11-11 19:29:05.548 15338 15355 W Binder  : 	at com.google.android.gms.clearcut.internal.DefaultClearcutLoggerCallbacks.onLogError(PG:3)
11-11 19:29:05.551 15338 15349 W Binder  : Caught a RuntimeException from the binder stub implementation.
11-11 19:29:05.551 15338 15349 W Binder  : java.lang.UnsupportedOperationException
11-11 19:29:05.551 15338 15349 W Binder  : 	at com.google.android.gms.clearcut.internal.DefaultClearcutLoggerCallbacks.onLogError(PG:3)
11-11 19:29:05.553 15338 15349 W Binder  : Caught a RuntimeException from the binder stub implementation.
11-11 19:29:05.553 15338 15349 W Binder  : java.lang.UnsupportedOperationException
11-11 19:29:05.553 15338 15349 W Binder  : 	at com.google.android.gms.clearcut.internal.DefaultClearcutLoggerCallbacks.onLogError(PG:3)
11-11 19:29:05.555 15338 15355 W Binder  : Caught a RuntimeException from the binder stub implementation.
11-11 19:29:05.555 15338 15355 W Binder  : java.lang.UnsupportedOperationException
11-11 19:29:05.555 15338 15355 W Binder  : 	at com.google.android.gms.clearcut.internal.DefaultClearcutLoggerCallbacks.onLogError(PG:3)
11-11 19:29:05.722 15338 15349 W Binder  : Caught a RuntimeException from the binder stub implementation.
11-11 19:29:05.722 15338 15349 W Binder  : java.lang.UnsupportedOperationException
11-11 19:29:05.722 15338 15349 W Binder  : 	at com.google.android.gms.clearcut.internal.DefaultClearcutLoggerCallbacks.onLogError(PG:3)
11-11 19:29:05.740 15338 15546 I BugleRcsJibe: RcsServiceConnectionException was raised while waiting to connect to RcsEngineLifecycleServiceV2
11-11 19:29:05.778 15338 15506 I BugleRcsJibe: RcsServiceConnectionException was raised while waiting to connect to RcsEngineLifecycleServiceV2
11-11 19:29:05.797 15338 15860 I BugleRcsJibe: RcsServiceConnectionException was raised while waiting to connect to RcsEngineLifecycleServiceV2
11-11 19:29:05.946 15338 15355 W Binder  : Caught a RuntimeException from the binder stub implementation.
11-11 19:29:05.946 15338 15355 W Binder  : java.lang.UnsupportedOperationException
11-11 19:29:05.946 15338 15355 W Binder  : 	at com.google.android.gms.clearcut.internal.DefaultClearcutLoggerCallbacks.onLogError(PG:3)
11-11 19:29:06.011 15338 15545 I BugleRcsJibe: RcsServiceConnectionException was raised while waiting to connect to RcsEngineLifecycleServiceV2
11-11 19:29:06.021 15338 15355 W Binder  : Caught a RuntimeException from the binder stub implementation.
11-11 19:29:06.021 15338 15355 W Binder  : java.lang.UnsupportedOperationException
11-11 19:29:06.021 15338 15355 W Binder  : 	at com.google.android.gms.clearcut.internal.DefaultClearcutLoggerCallbacks.onLogError(PG:3)
11-11 19:29:06.036 15338 15860 I BugleRcsJibe: RcsServiceConnectionException was raised while waiting to connect to RcsEngineLifecycleServiceV2
11-11 19:29:06.050 15338 15355 W Binder  : Caught a RuntimeException from the binder stub implementation.
11-11 19:29:06.050 15338 15355 W Binder  : java.lang.UnsupportedOperationException
11-11 19:29:06.050 15338 15355 W Binder  : 	at com.google.android.gms.clearcut.internal.DefaultClearcutLoggerCallbacks.onLogError(PG:3)
11-11 19:29:06.227 15338 15355 W Binder  : Caught a RuntimeException from the binder stub implementation.
11-11 19:29:06.227 15338 15355 W Binder  : java.lang.UnsupportedOperationException
11-11 19:29:06.227 15338 15355 W Binder  : 	at com.google.android.gms.clearcut.internal.DefaultClearcutLoggerCallbacks.onLogError(PG:3)
11-11 19:29:06.249 15338 15355 W Binder  : Caught a RuntimeException from the binder stub implementation.
11-11 19:29:06.249 15338 15355 W Binder  : java.lang.UnsupportedOperationException
11-11 19:29:06.249 15338 15355 W Binder  : 	at com.google.android.gms.clearcut.internal.DefaultClearcutLoggerCallbacks.onLogError(PG:3)
11-11 19:29:06.282 15338 15355 W Binder  : Caught a RuntimeException from the binder stub implementation.
11-11 19:29:06.282 15338 15355 W Binder  : java.lang.UnsupportedOperationException
11-11 19:29:06.282 15338 15355 W Binder  : 	at com.google.android.gms.clearcut.internal.DefaultClearcutLoggerCallbacks.onLogError(PG:3)
11-11 19:29:06.357  5285  5285 W Finsky  : [2] STU: Failed to get storage stats for package 'com.google.mainline.primary.libs' (1601: Error getting stats: android.content.pm.PackageManager.NameNotFoundException)
11-11 19:29:06.377  5285  5285 W Finsky  : [2] STU: Failed to get storage stats for package 'com.android.wifi' (1601: Error getting stats: android.content.pm.PackageManager.NameNotFoundException)
11-11 19:29:06.397  5285  5285 W Finsky  : [2] STU: Failed to get storage stats for package 'com.google.android.widevine.nonupdatable' (1601: Error getting stats: android.content.pm.PackageManager.NameNotFoundException)
11-11 19:29:06.398  5285  5285 W Finsky  : [2] STU: Failed to get storage stats for package 'com.samsung.android.camera.unihal' (1601: Error getting stats: android.content.pm.PackageManager.NameNotFoundException)
11-11 19:29:06.430  5285  5285 W Finsky  : [2] STU: Failed to get storage stats for package 'com.samsung.android.shell' (1601: Error getting stats: android.content.pm.PackageManager.NameNotFoundException)
11-11 19:29:06.664  5285  5285 W Finsky  : [2] STU: Failed to get storage stats for package 'com.android.apex.cts.shim' (1601: Error getting stats: android.content.pm.PackageManager.NameNotFoundException)
11-11 19:29:06.848  5285  5285 W Finsky  : [2] STU: Failed to get storage stats for package 'com.google.android.appsearch' (1601: Error getting stats: android.content.pm.PackageManager.NameNotFoundException)
11-11 19:29:06.896  5285  5285 W Finsky  : [2] STU: Failed to get storage stats for package 'com.google.android.art' (1601: Error getting stats: android.content.pm.PackageManager.NameNotFoundException)
11-11 19:29:07.119  5285  5285 W Finsky  : [2] STU: Failed to get storage stats for package 'com.google.android.mediaprovider' (1601: Error getting stats: android.content.pm.PackageManager.NameNotFoundException)
11-11 19:29:07.153  5285  5285 W Finsky  : [2] STU: Failed to get storage stats for package 'com.android.virt' (1601: Error getting stats: android.content.pm.PackageManager.NameNotFoundException)
11-11 19:29:07.164  5285  5285 W Finsky  : [2] STU: Failed to get storage stats for package 'com.android.btservices' (1601: Error getting stats: android.content.pm.PackageManager.NameNotFoundException)
11-11 19:29:07.188  5285  5285 W Finsky  : [2] STU: Failed to get storage stats for package 'com.google.android.resolv' (1601: Error getting stats: android.content.pm.PackageManager.NameNotFoundException)
11-11 19:29:07.270  5285  5285 W Finsky  : [2] STU: Failed to get storage stats for package 'com.google.android.configinfrastructure' (1601: Error getting stats: android.content.pm.PackageManager.NameNotFoundException)
